This is pdfTeX, Version 3.141592653-2.6-1.40.27 (TeX Live 2025) (preloaded format=pdflatex)
 restricted \write18 enabled.
entering extended mode
(./Leviathan.tex
LaTeX2e <2024-11-01> patch level 2
L3 programming layer <2025-01-18>
(/usr/local/texlive/2025/texmf-dist/tex/latex/base/book.cls
Document Class: book 2024/06/29 v1.4n Standard LaTeX document class
(/usr/local/texlive/2025/texmf-dist/tex/latex/base/bk11.clo))
(/usr/local/texlive/2025/texmf-dist/tex/latex/base/fontenc.sty)
(/usr/local/texlive/2025/texmf-dist/tex/latex/base/inputenc.sty)
(/usr/local/texlive/2025/texmf-dist/tex/latex/libertine/libertine.sty
(/usr/local/texlive/2025/texmf-dist/tex/generic/iftex/ifxetex.sty
(/usr/local/texlive/2025/texmf-dist/tex/generic/iftex/iftex.sty))
(/usr/local/texlive/2025/texmf-dist/tex/generic/iftex/ifluatex.sty)
(/usr/local/texlive/2025/texmf-dist/tex/latex/xkeyval/xkeyval.sty
(/usr/local/texlive/2025/texmf-dist/tex/generic/xkeyval/xkeyval.tex
(/usr/local/texlive/2025/texmf-dist/tex/generic/xkeyval/xkvutils.tex
(/usr/local/texlive/2025/texmf-dist/tex/generic/xkeyval/keyval.tex))))
(/usr/local/texlive/2025/texmf-dist/tex/latex/base/textcomp.sty)
(/usr/local/texlive/2025/texmf-dist/tex/latex/base/fontenc.sty)
(/usr/local/texlive/2025/texmf-dist/tex/latex/fontaxes/fontaxes.sty)
(/usr/local/texlive/2025/texmf-dist/tex/latex/libertine/LinLibertine_I.tex))
(/usr/local/texlive/2025/texmf-dist/tex/latex/microtype/microtype.sty
(/usr/local/texlive/2025/texmf-dist/tex/latex/etoolbox/etoolbox.sty)
(/usr/local/texlive/2025/texmf-dist/tex/latex/microtype/microtype-pdftex.def)
(/usr/local/texlive/2025/texmf-dist/tex/latex/microtype/microtype.cfg))
(/usr/local/texlive/2025/texmf-dist/tex/latex/titlesec/titlesec.sty)
(/usr/local/texlive/2025/texmf-dist/tex/latex/fancyhdr/fancyhdr.sty)
(/usr/local/texlive/2025/texmf-dist/tex/latex/geometry/geometry.sty
(/usr/local/texlive/2025/texmf-dist/tex/generic/iftex/ifvtex.sty))
(/usr/local/texlive/2025/texmf-dist/tex/latex/hyperref/hyperref.sty
(/usr/local/texlive/2025/texmf-dist/tex/latex/kvsetkeys/kvsetkeys.sty)
(/usr/local/texlive/2025/texmf-dist/tex/generic/kvdefinekeys/kvdefinekeys.sty)
(/usr/local/texlive/2025/texmf-dist/tex/generic/pdfescape/pdfescape.sty
(/usr/local/texlive/2025/texmf-dist/tex/generic/ltxcmds/ltxcmds.sty)
(/usr/local/texlive/2025/texmf-dist/tex/generic/pdftexcmds/pdftexcmds.sty
(/usr/local/texlive/2025/texmf-dist/tex/generic/infwarerr/infwarerr.sty)))
(/usr/local/texlive/2025/texmf-dist/tex/latex/hycolor/hycolor.sty)
(/usr/local/texlive/2025/texmf-dist/tex/latex/hyperref/nameref.sty
(/usr/local/texlive/2025/texmf-dist/tex/latex/refcount/refcount.sty)
(/usr/local/texlive/2025/texmf-dist/tex/generic/gettitlestring/gettitlestring.s
ty (/usr/local/texlive/2025/texmf-dist/tex/latex/kvoptions/kvoptions.sty)))
(/usr/local/texlive/2025/texmf-dist/tex/generic/stringenc/stringenc.sty)
(/usr/local/texlive/2025/texmf-dist/tex/latex/hyperref/pd1enc.def)
(/usr/local/texlive/2025/texmf-dist/tex/generic/intcalc/intcalc.sty)
(/usr/local/texlive/2025/texmf-dist/tex/latex/hyperref/puenc.def)
(/usr/local/texlive/2025/texmf-dist/tex/latex/url/url.sty)
(/usr/local/texlive/2025/texmf-dist/tex/generic/bitset/bitset.sty
(/usr/local/texlive/2025/texmf-dist/tex/generic/bigintcalc/bigintcalc.sty))
(/usr/local/texlive/2025/texmf-dist/tex/latex/base/atbegshi-ltx.sty))
(/usr/local/texlive/2025/texmf-dist/tex/latex/hyperref/hpdftex.def
(/usr/local/texlive/2025/texmf-dist/tex/latex/base/atveryend-ltx.sty)
(/usr/local/texlive/2025/texmf-dist/tex/latex/rerunfilecheck/rerunfilecheck.sty

(/usr/local/texlive/2025/texmf-dist/tex/generic/uniquecounter/uniquecounter.sty
)))
(/usr/local/texlive/2025/texmf-dist/tex/latex/libertine/T1LinuxLibertineT-TLF.f
d) (/usr/local/texlive/2025/texmf-dist/tex/latex/l3backend/l3backend-pdftex.def
) (./Leviathan.aux)
*geometry* driver: auto-detecting
*geometry* detected driver: pdftex
(./Leviathan.out) (./Leviathan.out)
(/usr/local/texlive/2025/texmf-dist/tex/latex/libertine/T1LinuxBiolinumT-TLF.fd
)
[1{/usr/local/texlive/2025/texmf-var/fonts/map/pdftex/updmap/pdftex.map}{/usr/l
ocal/texlive/2025/texmf-dist/fonts/enc/dvips/libertine/lbtn_25tcsq.enc}]
[1{/usr/local/texlive/2025/texmf-dist/fonts/enc/dvips/libertine/lbtn_76gpa5.enc
}{/usr/local/texlive/2025/texmf-dist/fonts/enc/dvips/libertine/lbtn_7grukw.enc}
] (./Leviathan.toc
[2{/usr/local/texlive/2025/texmf-dist/fonts/enc/dvips/libertine/lbtn_nh77jq.enc
}]
[3]
Underfull \vbox (badness 10000) has occurred while \output is active
[4])
[5]
(/usr/local/texlive/2025/texmf-dist/tex/latex/libertine/TS1LinuxLibertineT-TLF.
fd)
Underfull \vbox (badness 10000) has occurred while \output is active

pdfTeX warning (ext4): destination with the same identifier (name{page.1}) has 
been already used, duplicate ignored
<to be read again> 
                   \relax 
l.122 
       [1{/usr/local/texlive/2025/texmf-dist/fonts/enc/dvips/libertine/lbtn_nao
oyc.enc}]
Underfull \vbox (badness 10000) has occurred while \output is active
[2]
Underfull \vbox (badness 10000) has occurred while \output is active
[3]
[4]
Underfull \vbox (badness 10000) has occurred while \output is active
[5]
[6]
[7]

Package hyperref Warning: Token not allowed in a PDF string (Unicode):
(hyperref)                \hskip 10.95pt
(hyperref)                replaced by space on input line 197.


Underfull \vbox (badness 10000) has occurred while \output is active
[8]
[9]

Package hyperref Warning: Token not allowed in a PDF string (Unicode):
(hyperref)                \hskip 10.95pt
(hyperref)                replaced by space on input line 213.


Underfull \vbox (badness 10000) has occurred while \output is active
[10]
Underfull \vbox (badness 10000) has occurred while \output is active
[11]
Underfull \vbox (badness 10000) has occurred while \output is active
[12]
Underfull \vbox (badness 10000) has occurred while \output is active
[13]
Underfull \vbox (badness 10000) has occurred while \output is active
[14]
[15]

Package hyperref Warning: Token not allowed in a PDF string (Unicode):
(hyperref)                \hskip 10.95pt
(hyperref)                replaced by space on input line 251.


Underfull \vbox (badness 10000) has occurred while \output is active
[16]
Underfull \vbox (badness 10000) has occurred while \output is active
[17]
Underfull \vbox (badness 10000) has occurred while \output is active
[18]
[19]

Package hyperref Warning: Token not allowed in a PDF string (Unicode):
(hyperref)                \hskip 10.95pt
(hyperref)                replaced by space on input line 269.


Underfull \vbox (badness 10000) has occurred while \output is active
[20]
Underfull \vbox (badness 10000) has occurred while \output is active
[21]
Underfull \vbox (badness 10000) has occurred while \output is active
[22]
Underfull \vbox (badness 10000) has occurred while \output is active
[23]
Underfull \vbox (badness 10000) has occurred while \output is active
[24]
Underfull \vbox (badness 10000) has occurred while \output is active
[25]
Underfull \vbox (badness 10000) has occurred while \output is active
[26]
Underfull \vbox (badness 10000) has occurred while \output is active
[27]
[28]

Package hyperref Warning: Token not allowed in a PDF string (Unicode):
(hyperref)                \hskip 10.95pt
(hyperref)                replaced by space on input line 317.


Underfull \vbox (badness 10000) has occurred while \output is active
[29]
Underfull \vbox (badness 10000) has occurred while \output is active
[30]
Underfull \vbox (badness 10000) has occurred while \output is active
[31]
Underfull \vbox (badness 10000) has occurred while \output is active
[32]
Underfull \vbox (badness 10000) has occurred while \output is active
[33]
[34]

Package hyperref Warning: Token not allowed in a PDF string (Unicode):
(hyperref)                \hskip 10.95pt
(hyperref)                replaced by space on input line 421.


Underfull \vbox (badness 10000) has occurred while \output is active
[35]
Underfull \vbox (badness 10000) has occurred while \output is active
[36]
Underfull \vbox (badness 10000) has occurred while \output is active
[37]
Underfull \vbox (badness 10000) has occurred while \output is active
[38]
Underfull \vbox (badness 10000) has occurred while \output is active
[39]
Underfull \vbox (badness 10000) has occurred while \output is active
[40]
Underfull \vbox (badness 10000) has occurred while \output is active
[41]
Underfull \vbox (badness 10000) has occurred while \output is active
[42]
[43]

Package hyperref Warning: Token not allowed in a PDF string (Unicode):
(hyperref)                \hskip 10.95pt
(hyperref)                replaced by space on input line 609.


Underfull \vbox (badness 10000) has occurred while \output is active
[44]
Underfull \vbox (badness 10000) has occurred while \output is active
[45]
Underfull \vbox (badness 10000) has occurred while \output is active
[46]
[47]

Package hyperref Warning: Token not allowed in a PDF string (Unicode):
(hyperref)                \hskip 10.95pt
(hyperref)                replaced by space on input line 697.


Underfull \vbox (badness 10000) has occurred while \output is active
[48]
Underfull \vbox (badness 10000) has occurred while \output is active
[49]
Underfull \vbox (badness 10000) has occurred while \output is active
[50]
Underfull \vbox (badness 10000) has occurred while \output is active
[51]
Underfull \vbox (badness 10000) has occurred while \output is active
[52]
Underfull \vbox (badness 10000) has occurred while \output is active
[53]
Underfull \vbox (badness 10000) has occurred while \output is active
[54]
Underfull \vbox (badness 10000) has occurred while \output is active
[55]
Underfull \vbox (badness 10000) has occurred while \output is active
[56]
[57]

Package hyperref Warning: Token not allowed in a PDF string (Unicode):
(hyperref)                \hskip 10.95pt
(hyperref)                replaced by space on input line 863.


Underfull \vbox (badness 10000) has occurred while \output is active
[58]
[59]

Package hyperref Warning: Token not allowed in a PDF string (Unicode):
(hyperref)                \hskip 10.95pt
(hyperref)                replaced by space on input line 923.


Underfull \vbox (badness 10000) has occurred while \output is active
[60]
Underfull \vbox (badness 10000) has occurred while \output is active
[61]
Underfull \vbox (badness 10000) has occurred while \output is active
[62]
Underfull \vbox (badness 10000) has occurred while \output is active
[63]
Underfull \vbox (badness 10000) has occurred while \output is active
[64]
Underfull \vbox (badness 10000) has occurred while \output is active
[65]
Underfull \vbox (badness 10000) has occurred while \output is active
[66]
Underfull \vbox (badness 10000) has occurred while \output is active
[67]
[68]

Package hyperref Warning: Token not allowed in a PDF string (Unicode):
(hyperref)                \hskip 10.95pt
(hyperref)                replaced by space on input line 1035.


Underfull \vbox (badness 10000) has occurred while \output is active
[69]
Underfull \vbox (badness 10000) has occurred while \output is active
[70]
Underfull \vbox (badness 10000) has occurred while \output is active
[71]
Underfull \vbox (badness 10000) has occurred while \output is active
[72]
[73]

Package hyperref Warning: Token not allowed in a PDF string (Unicode):
(hyperref)                \hskip 10.95pt
(hyperref)                replaced by space on input line 1137.


Underfull \vbox (badness 10000) has occurred while \output is active
[74]
Underfull \vbox (badness 10000) has occurred while \output is active
[75]
Underfull \vbox (badness 10000) has occurred while \output is active
[76]
Underfull \vbox (badness 10000) has occurred while \output is active
[77]
Underfull \vbox (badness 10000) has occurred while \output is active
[78]
Underfull \vbox (badness 10000) has occurred while \output is active
[79]
Underfull \vbox (badness 10000) has occurred while \output is active
[80]
Underfull \vbox (badness 10000) has occurred while \output is active
[81]
Underfull \vbox (badness 10000) has occurred while \output is active
[82]
Underfull \vbox (badness 10000) has occurred while \output is active
[83]
Underfull \vbox (badness 10000) has occurred while \output is active
[84]
[85]

Package hyperref Warning: Token not allowed in a PDF string (Unicode):
(hyperref)                \hskip 10.95pt
(hyperref)                replaced by space on input line 1247.


Underfull \vbox (badness 10000) has occurred while \output is active
[86]
Underfull \vbox (badness 10000) has occurred while \output is active
[87]
Underfull \vbox (badness 10000) has occurred while \output is active
[88]
[89]

Package hyperref Warning: Token not allowed in a PDF string (Unicode):
(hyperref)                \hskip 10.95pt
(hyperref)                replaced by space on input line 1275.


Underfull \vbox (badness 10000) has occurred while \output is active
[90]
Underfull \vbox (badness 10000) has occurred while \output is active
[91]
Underfull \vbox (badness 10000) has occurred while \output is active
[92]
Underfull \vbox (badness 10000) has occurred while \output is active
[93]
Underfull \vbox (badness 10000) has occurred while \output is active
[94]
Underfull \vbox (badness 10000) has occurred while \output is active
[95]
Underfull \vbox (badness 10000) has occurred while \output is active
[96]
Underfull \vbox (badness 10000) has occurred while \output is active
[97]
Underfull \vbox (badness 10000) has occurred while \output is active
[98]
[99]

Package hyperref Warning: Token not allowed in a PDF string (Unicode):
(hyperref)                \hskip 10.95pt
(hyperref)                replaced by space on input line 1373.


Underfull \vbox (badness 10000) has occurred while \output is active
[100]
Underfull \vbox (badness 10000) has occurred while \output is active
[101]
Underfull \vbox (badness 10000) has occurred while \output is active
[102]
Underfull \vbox (badness 10000) has occurred while \output is active
[103]
Underfull \vbox (badness 10000) has occurred while \output is active
[104]
Underfull \vbox (badness 10000) has occurred while \output is active
[105]
Underfull \vbox (badness 10000) has occurred while \output is active
[106]
Underfull \vbox (badness 10000) has occurred while \output is active
[107]
Underfull \vbox (badness 10000) has occurred while \output is active
[108]
Underfull \vbox (badness 10000) has occurred while \output is active
[109]
Underfull \vbox (badness 10000) has occurred while \output is active
[110]
[111]

Package hyperref Warning: Token not allowed in a PDF string (Unicode):
(hyperref)                \hskip 10.95pt
(hyperref)                replaced by space on input line 1439.


Underfull \vbox (badness 10000) has occurred while \output is active
[112]
Underfull \vbox (badness 10000) has occurred while \output is active
[113]
Underfull \vbox (badness 10000) has occurred while \output is active
[114]
Underfull \vbox (badness 10000) has occurred while \output is active
[115]
[116]
[117]

Package hyperref Warning: Token not allowed in a PDF string (Unicode):
(hyperref)                \hskip 10.95pt
(hyperref)                replaced by space on input line 1511.


Underfull \vbox (badness 10000) has occurred while \output is active
[118]
Underfull \vbox (badness 10000) has occurred while \output is active
[119]
Underfull \vbox (badness 10000) has occurred while \output is active
[120]
Underfull \vbox (badness 10000) has occurred while \output is active
[121]
[122]

Package hyperref Warning: Token not allowed in a PDF string (Unicode):
(hyperref)                \hskip 10.95pt
(hyperref)                replaced by space on input line 1587.


Underfull \vbox (badness 10000) has occurred while \output is active
[123]
Underfull \vbox (badness 10000) has occurred while \output is active
[124]
Underfull \vbox (badness 10000) has occurred while \output is active
[125]
Underfull \vbox (badness 10000) has occurred while \output is active
[126]
Underfull \vbox (badness 10000) has occurred while \output is active
[127]
Underfull \vbox (badness 10000) has occurred while \output is active
[128]
Underfull \vbox (badness 10000) has occurred while \output is active
[129]
Underfull \vbox (badness 10000) has occurred while \output is active
[130]
[131]

Package hyperref Warning: Token not allowed in a PDF string (Unicode):
(hyperref)                \hskip 10.95pt
(hyperref)                replaced by space on input line 1671.


Underfull \vbox (badness 10000) has occurred while \output is active
[132]
Underfull \vbox (badness 10000) has occurred while \output is active
[133]
Underfull \vbox (badness 10000) has occurred while \output is active
[134]
Underfull \vbox (badness 10000) has occurred while \output is active
[135]
Underfull \vbox (badness 10000) has occurred while \output is active
[136]
Underfull \vbox (badness 10000) has occurred while \output is active
[137]
Underfull \vbox (badness 10000) has occurred while \output is active
[138]
Underfull \vbox (badness 10000) has occurred while \output is active
[139]
Underfull \vbox (badness 10000) has occurred while \output is active
[140]
[141]

Package hyperref Warning: Token not allowed in a PDF string (Unicode):
(hyperref)                \hskip 10.95pt
(hyperref)                replaced by space on input line 1719.


Underfull \vbox (badness 10000) has occurred while \output is active
[142]
Underfull \vbox (badness 10000) has occurred while \output is active
[143]
Underfull \vbox (badness 10000) has occurred while \output is active
[144]
Underfull \vbox (badness 10000) has occurred while \output is active
[145]
Underfull \vbox (badness 10000) has occurred while \output is active
[146]
Underfull \vbox (badness 10000) has occurred while \output is active
[147]
[148]

Package hyperref Warning: Token not allowed in a PDF string (Unicode):
(hyperref)                \hskip 10.95pt
(hyperref)                replaced by space on input line 1753.


Underfull \vbox (badness 10000) has occurred while \output is active
[149]
Underfull \vbox (badness 10000) has occurred while \output is active
[150]
Underfull \vbox (badness 10000) has occurred while \output is active
[151]
Underfull \vbox (badness 10000) has occurred while \output is active
[152]
Underfull \vbox (badness 10000) has occurred while \output is active
[153]
Underfull \vbox (badness 10000) has occurred while \output is active
[154]
Underfull \vbox (badness 10000) has occurred while \output is active
[155]
Underfull \vbox (badness 10000) has occurred while \output is active
[156]
[157]

Package hyperref Warning: Token not allowed in a PDF string (Unicode):
(hyperref)                \hskip 10.95pt
(hyperref)                replaced by space on input line 1791.


Underfull \vbox (badness 10000) has occurred while \output is active
[158]
Underfull \vbox (badness 10000) has occurred while \output is active
[159]
Underfull \vbox (badness 10000) has occurred while \output is active
[160]
Underfull \vbox (badness 10000) has occurred while \output is active
[161]
Underfull \vbox (badness 10000) has occurred while \output is active
[162]
Underfull \vbox (badness 10000) has occurred while \output is active
[163]
Underfull \vbox (badness 10000) has occurred while \output is active
[164]
Underfull \vbox (badness 10000) has occurred while \output is active
[165]
Underfull \vbox (badness 10000) has occurred while \output is active
[166]
Underfull \vbox (badness 10000) has occurred while \output is active
[167]
[168]

Package hyperref Warning: Token not allowed in a PDF string (Unicode):
(hyperref)                \hskip 10.95pt
(hyperref)                replaced by space on input line 1867.


Underfull \vbox (badness 10000) has occurred while \output is active
[169]
Underfull \vbox (badness 10000) has occurred while \output is active
[170]
Underfull \vbox (badness 10000) has occurred while \output is active
[171]
Underfull \vbox (badness 10000) has occurred while \output is active
[172]
[173]

Package hyperref Warning: Token not allowed in a PDF string (Unicode):
(hyperref)                \hskip 10.95pt
(hyperref)                replaced by space on input line 1893.


Underfull \vbox (badness 10000) has occurred while \output is active
[174]
Underfull \vbox (badness 10000) has occurred while \output is active
[175]
Underfull \vbox (badness 10000) has occurred while \output is active
[176]
Underfull \vbox (badness 10000) has occurred while \output is active
[177]
Underfull \vbox (badness 10000) has occurred while \output is active
[178]
[179]

Package hyperref Warning: Token not allowed in a PDF string (Unicode):
(hyperref)                \hskip 10.95pt
(hyperref)                replaced by space on input line 1915.


Underfull \vbox (badness 10000) has occurred while \output is active
[180]
Underfull \vbox (badness 10000) has occurred while \output is active
[181]
Underfull \vbox (badness 10000) has occurred while \output is active
[182]
Underfull \vbox (badness 10000) has occurred while \output is active
[183]
Underfull \vbox (badness 10000) has occurred while \output is active
[184]
Underfull \vbox (badness 10000) has occurred while \output is active
[185]
[186]

Package hyperref Warning: Token not allowed in a PDF string (Unicode):
(hyperref)                \hskip 10.95pt
(hyperref)                replaced by space on input line 1953.


Underfull \vbox (badness 10000) has occurred while \output is active
[187]
Underfull \vbox (badness 10000) has occurred while \output is active
[188]
Underfull \vbox (badness 10000) has occurred while \output is active
[189]
Underfull \vbox (badness 10000) has occurred while \output is active
[190]
Underfull \vbox (badness 10000) has occurred while \output is active
[191]
Underfull \vbox (badness 10000) has occurred while \output is active
[192]
Underfull \vbox (badness 10000) has occurred while \output is active
[193]
Underfull \vbox (badness 10000) has occurred while \output is active
[194]
Underfull \vbox (badness 10000) has occurred while \output is active
[195]
Underfull \vbox (badness 10000) has occurred while \output is active
[196]
Underfull \vbox (badness 10000) has occurred while \output is active
[197]
Underfull \vbox (badness 10000) has occurred while \output is active
[198]
Underfull \vbox (badness 10000) has occurred while \output is active
[199]
Underfull \vbox (badness 10000) has occurred while \output is active
[200]
Underfull \vbox (badness 10000) has occurred while \output is active
[201]
Underfull \vbox (badness 10000) has occurred while \output is active
[202]
Underfull \vbox (badness 10000) has occurred while \output is active
[203]
[204]

Package hyperref Warning: Token not allowed in a PDF string (Unicode):
(hyperref)                \hskip 10.95pt
(hyperref)                replaced by space on input line 2071.


Underfull \vbox (badness 10000) has occurred while \output is active
[205]
Underfull \vbox (badness 10000) has occurred while \output is active
[206]
Underfull \vbox (badness 10000) has occurred while \output is active
[207]
Underfull \vbox (badness 10000) has occurred while \output is active
[208]
Underfull \vbox (badness 10000) has occurred while \output is active
[209]
Underfull \vbox (badness 10000) has occurred while \output is active
[210]
Underfull \vbox (badness 10000) has occurred while \output is active
[211]
Underfull \vbox (badness 10000) has occurred while \output is active
[212]
Underfull \vbox (badness 10000) has occurred while \output is active
[213]
Underfull \vbox (badness 10000) has occurred while \output is active
[214]
Underfull \vbox (badness 10000) has occurred while \output is active
[215]
Underfull \vbox (badness 10000) has occurred while \output is active
[216]
Underfull \vbox (badness 10000) has occurred while \output is active
[217]
[218]

Package hyperref Warning: Token not allowed in a PDF string (Unicode):
(hyperref)                \hskip 10.95pt
(hyperref)                replaced by space on input line 2157.


Underfull \vbox (badness 10000) has occurred while \output is active
[219]
Underfull \vbox (badness 10000) has occurred while \output is active
[220]
Underfull \vbox (badness 10000) has occurred while \output is active
[221]
Underfull \vbox (badness 10000) has occurred while \output is active
[222]
Underfull \vbox (badness 10000) has occurred while \output is active
[223]
Underfull \vbox (badness 10000) has occurred while \output is active
[224]
[225]

Package hyperref Warning: Token not allowed in a PDF string (Unicode):
(hyperref)                \hskip 10.95pt
(hyperref)                replaced by space on input line 2223.


Underfull \vbox (badness 10000) has occurred while \output is active
[226]
Underfull \vbox (badness 10000) has occurred while \output is active
[227]
Underfull \vbox (badness 10000) has occurred while \output is active
[228]
Underfull \vbox (badness 10000) has occurred while \output is active
[229]
Underfull \vbox (badness 10000) has occurred while \output is active
[230]
Underfull \vbox (badness 10000) has occurred while \output is active
[231]
Underfull \vbox (badness 10000) has occurred while \output is active
[232]
Underfull \vbox (badness 10000) has occurred while \output is active
[233]
Underfull \vbox (badness 10000) has occurred while \output is active
[234]
[235]

Package hyperref Warning: Token not allowed in a PDF string (Unicode):
(hyperref)                \hskip 10.95pt
(hyperref)                replaced by space on input line 2263.


Underfull \vbox (badness 10000) has occurred while \output is active
[236]
Underfull \vbox (badness 10000) has occurred while \output is active
[237]
Underfull \vbox (badness 10000) has occurred while \output is active
[238]
Underfull \vbox (badness 10000) has occurred while \output is active
[239]
Underfull \vbox (badness 10000) has occurred while \output is active
[240]
Underfull \vbox (badness 10000) has occurred while \output is active
[241]
Underfull \vbox (badness 10000) has occurred while \output is active
[242]
Underfull \vbox (badness 10000) has occurred while \output is active
[243]
Underfull \vbox (badness 10000) has occurred while \output is active
[244]
Underfull \vbox (badness 10000) has occurred while \output is active
[245]
Underfull \vbox (badness 10000) has occurred while \output is active
[246]
Underfull \vbox (badness 10000) has occurred while \output is active
[247]
Underfull \vbox (badness 10000) has occurred while \output is active
[248]
[249]

Package hyperref Warning: Token not allowed in a PDF string (Unicode):
(hyperref)                \hskip 10.95pt
(hyperref)                replaced by space on input line 2349.


Underfull \vbox (badness 10000) has occurred while \output is active
[250]
Underfull \vbox (badness 10000) has occurred while \output is active
[251]
Underfull \vbox (badness 10000) has occurred while \output is active
[252]
Underfull \vbox (badness 10000) has occurred while \output is active
[253]
Underfull \vbox (badness 10000) has occurred while \output is active
[254]
Underfull \vbox (badness 10000) has occurred while \output is active
[255]
Underfull \vbox (badness 10000) has occurred while \output is active
[256]
Underfull \vbox (badness 10000) has occurred while \output is active
[257]
Underfull \vbox (badness 10000) has occurred while \output is active
[258]
[259]
[260]

Package hyperref Warning: Token not allowed in a PDF string (Unicode):
(hyperref)                \hskip 10.95pt
(hyperref)                replaced by space on input line 2425.


Underfull \vbox (badness 10000) has occurred while \output is active
[261]
Underfull \vbox (badness 10000) has occurred while \output is active
[262]
Underfull \vbox (badness 10000) has occurred while \output is active
[263]
Underfull \vbox (badness 10000) has occurred while \output is active
[264]
[265]

Package hyperref Warning: Token not allowed in a PDF string (Unicode):
(hyperref)                \hskip 10.95pt
(hyperref)                replaced by space on input line 2475.


Underfull \vbox (badness 10000) has occurred while \output is active
[266]
Underfull \vbox (badness 10000) has occurred while \output is active
[267]
Underfull \vbox (badness 10000) has occurred while \output is active
[268]
Underfull \vbox (badness 10000) has occurred while \output is active
[269]
Underfull \vbox (badness 10000) has occurred while \output is active
[270]
Underfull \vbox (badness 10000) has occurred while \output is active
[271]
Underfull \vbox (badness 10000) has occurred while \output is active
[272]
Underfull \vbox (badness 10000) has occurred while \output is active
[273]
Underfull \vbox (badness 10000) has occurred while \output is active
[274]
Underfull \vbox (badness 10000) has occurred while \output is active
[275]
[276]

Package hyperref Warning: Token not allowed in a PDF string (Unicode):
(hyperref)                \hskip 10.95pt
(hyperref)                replaced by space on input line 2561.


Underfull \vbox (badness 10000) has occurred while \output is active
[277]
Underfull \vbox (badness 10000) has occurred while \output is active
[278]
Underfull \vbox (badness 10000) has occurred while \output is active
[279]
Underfull \vbox (badness 10000) has occurred while \output is active
[280]
Underfull \vbox (badness 10000) has occurred while \output is active
[281]
Underfull \vbox (badness 10000) has occurred while \output is active
[282]
Underfull \vbox (badness 10000) has occurred while \output is active
[283]
Underfull \vbox (badness 10000) has occurred while \output is active
[284]
Underfull \vbox (badness 10000) has occurred while \output is active
[285]
Underfull \vbox (badness 10000) has occurred while \output is active
[286]
[287]

Package hyperref Warning: Token not allowed in a PDF string (Unicode):
(hyperref)                \hskip 10.95pt
(hyperref)                replaced by space on input line 2615.


Underfull \vbox (badness 10000) has occurred while \output is active
[288]
Underfull \vbox (badness 10000) has occurred while \output is active
[289]
Underfull \vbox (badness 10000) has occurred while \output is active
[290]
Underfull \vbox (badness 10000) has occurred while \output is active
[291]
Underfull \vbox (badness 10000) has occurred while \output is active
[292]
Underfull \vbox (badness 10000) has occurred while \output is active
[293]
[294]

Package hyperref Warning: Token not allowed in a PDF string (Unicode):
(hyperref)                \hskip 10.95pt
(hyperref)                replaced by space on input line 2659.


Underfull \vbox (badness 10000) has occurred while \output is active
[295]
Underfull \vbox (badness 10000) has occurred while \output is active
[296]
Underfull \vbox (badness 10000) has occurred while \output is active
[297]
Underfull \vbox (badness 10000) has occurred while \output is active
[298]
Underfull \vbox (badness 10000) has occurred while \output is active
[299]
Underfull \vbox (badness 10000) has occurred while \output is active
[300]
Underfull \vbox (badness 10000) has occurred while \output is active
[301]
Underfull \vbox (badness 10000) has occurred while \output is active
[302]
Underfull \vbox (badness 10000) has occurred while \output is active
[303]
Underfull \vbox (badness 10000) has occurred while \output is active
[304]
Underfull \vbox (badness 10000) has occurred while \output is active
[305]
Underfull \vbox (badness 10000) has occurred while \output is active
[306]
[307]

Package hyperref Warning: Token not allowed in a PDF string (Unicode):
(hyperref)                \hskip 10.95pt
(hyperref)                replaced by space on input line 2685.


Underfull \vbox (badness 10000) has occurred while \output is active
[308]
Underfull \vbox (badness 10000) has occurred while \output is active
[309]
Underfull \vbox (badness 10000) has occurred while \output is active
[310]
Underfull \vbox (badness 10000) has occurred while \output is active
[311]
Underfull \vbox (badness 10000) has occurred while \output is active
[312]
Underfull \vbox (badness 10000) has occurred while \output is active
[313]
[314]

Package hyperref Warning: Token not allowed in a PDF string (Unicode):
(hyperref)                \hskip 10.95pt
(hyperref)                replaced by space on input line 2759.


Underfull \vbox (badness 10000) has occurred while \output is active
[315]
Underfull \vbox (badness 10000) has occurred while \output is active
[316]
Underfull \vbox (badness 10000) has occurred while \output is active
[317]
Underfull \vbox (badness 10000) has occurred while \output is active
[318]
Underfull \vbox (badness 10000) has occurred while \output is active
[319]
Underfull \vbox (badness 10000) has occurred while \output is active
[320]
Underfull \vbox (badness 10000) has occurred while \output is active
[321]
Underfull \vbox (badness 10000) has occurred while \output is active
[322]
Underfull \vbox (badness 10000) has occurred while \output is active
[323]
Underfull \vbox (badness 10000) has occurred while \output is active
[324]
Underfull \vbox (badness 10000) has occurred while \output is active
[325]
Underfull \vbox (badness 10000) has occurred while \output is active
[326]
Underfull \vbox (badness 10000) has occurred while \output is active
[327]
[328]

Package hyperref Warning: Token not allowed in a PDF string (Unicode):
(hyperref)                \hskip 10.95pt
(hyperref)                replaced by space on input line 2809.


Underfull \vbox (badness 10000) has occurred while \output is active
[329]
[330]

Package hyperref Warning: Token not allowed in a PDF string (Unicode):
(hyperref)                \hskip 10.95pt
(hyperref)                replaced by space on input line 2819.


Underfull \vbox (badness 10000) has occurred while \output is active
[331]
Underfull \vbox (badness 10000) has occurred while \output is active
[332]
Underfull \vbox (badness 10000) has occurred while \output is active
[333]
Underfull \vbox (badness 10000) has occurred while \output is active
[334]
Underfull \vbox (badness 10000) has occurred while \output is active
[335]
Underfull \vbox (badness 10000) has occurred while \output is active
[336]
Underfull \vbox (badness 10000) has occurred while \output is active
[337]
Underfull \vbox (badness 10000) has occurred while \output is active
[338]
Underfull \vbox (badness 10000) has occurred while \output is active
[339]
[340]

Package hyperref Warning: Token not allowed in a PDF string (Unicode):
(hyperref)                \hskip 10.95pt
(hyperref)                replaced by space on input line 2849.


Underfull \vbox (badness 10000) has occurred while \output is active
[341]
Underfull \vbox (badness 10000) has occurred while \output is active
[342]
Underfull \vbox (badness 10000) has occurred while \output is active
[343]
Underfull \vbox (badness 10000) has occurred while \output is active
[344]
Underfull \vbox (badness 10000) has occurred while \output is active
[345]
[346]

Package hyperref Warning: Token not allowed in a PDF string (Unicode):
(hyperref)                \hskip 10.95pt
(hyperref)                replaced by space on input line 2867.


Underfull \vbox (badness 10000) has occurred while \output is active
[347]
Underfull \vbox (badness 10000) has occurred while \output is active
[348]
Underfull \vbox (badness 10000) has occurred while \output is active
[349]
Underfull \vbox (badness 10000) has occurred while \output is active
[350]
Underfull \vbox (badness 10000) has occurred while \output is active
[351]
Underfull \vbox (badness 10000) has occurred while \output is active
[352]
Underfull \vbox (badness 10000) has occurred while \output is active
[353]
Underfull \vbox (badness 10000) has occurred while \output is active
[354]
Underfull \vbox (badness 10000) has occurred while \output is active
[355]
Underfull \vbox (badness 10000) has occurred while \output is active
[356]
Underfull \vbox (badness 10000) has occurred while \output is active
[357]
Underfull \vbox (badness 10000) has occurred while \output is active
[358]
Underfull \vbox (badness 10000) has occurred while \output is active
[359]
Underfull \vbox (badness 10000) has occurred while \output is active
[360]
Underfull \vbox (badness 10000) has occurred while \output is active
[361]
Underfull \vbox (badness 10000) has occurred while \output is active
[362]
Underfull \vbox (badness 10000) has occurred while \output is active
[363]
Underfull \vbox (badness 10000) has occurred while \output is active
[364]
Underfull \vbox (badness 10000) has occurred while \output is active
[365]
Underfull \vbox (badness 10000) has occurred while \output is active
[366]
Underfull \vbox (badness 10000) has occurred while \output is active
[367]
Underfull \vbox (badness 10000) has occurred while \output is active
[368]
Underfull \vbox (badness 10000) has occurred while \output is active
[369]
Underfull \vbox (badness 10000) has occurred while \output is active
[370]
Underfull \vbox (badness 10000) has occurred while \output is active
[371]
Underfull \vbox (badness 10000) has occurred while \output is active
[372]
Underfull \vbox (badness 10000) has occurred while \output is active
[373]
Underfull \vbox (badness 10000) has occurred while \output is active
[374]
Underfull \vbox (badness 10000) has occurred while \output is active
[375]
Underfull \vbox (badness 10000) has occurred while \output is active
[376]
Underfull \vbox (badness 10000) has occurred while \output is active
[377]
Underfull \vbox (badness 10000) has occurred while \output is active
[378]
Underfull \vbox (badness 10000) has occurred while \output is active
[379]
Underfull \vbox (badness 10000) has occurred while \output is active
[380]
Underfull \vbox (badness 10000) has occurred while \output is active
[381]
Underfull \vbox (badness 10000) has occurred while \output is active
[382]
Underfull \vbox (badness 10000) has occurred while \output is active
[383]
Underfull \vbox (badness 10000) has occurred while \output is active
[384]
Underfull \vbox (badness 10000) has occurred while \output is active
[385]
Underfull \vbox (badness 10000) has occurred while \output is active
[386]
Underfull \vbox (badness 10000) has occurred while \output is active
[387]
Underfull \vbox (badness 10000) has occurred while \output is active
[388]
Underfull \vbox (badness 10000) has occurred while \output is active
[389]
Underfull \vbox (badness 10000) has occurred while \output is active
[390]
Underfull \vbox (badness 10000) has occurred while \output is active
[391]
Underfull \vbox (badness 10000) has occurred while \output is active
[392]
Underfull \vbox (badness 10000) has occurred while \output is active
[393]
Underfull \vbox (badness 10000) has occurred while \output is active
[394]
Underfull \vbox (badness 10000) has occurred while \output is active
[395]
Underfull \vbox (badness 10000) has occurred while \output is active
[396]
Underfull \vbox (badness 10000) has occurred while \output is active
[397]
Underfull \vbox (badness 10000) has occurred while \output is active
[398]
Underfull \vbox (badness 10000) has occurred while \output is active
[399]
Underfull \vbox (badness 10000) has occurred while \output is active
[400]
Underfull \vbox (badness 10000) has occurred while \output is active
[401]
Underfull \vbox (badness 10000) has occurred while \output is active
[402]
Underfull \vbox (badness 10000) has occurred while \output is active
[403]
Underfull \vbox (badness 10000) has occurred while \output is active
[404]
Underfull \vbox (badness 10000) has occurred while \output is active
[405]
Underfull \vbox (badness 10000) has occurred while \output is active
[406]
Underfull \vbox (badness 10000) has occurred while \output is active
[407]
Underfull \vbox (badness 10000) has occurred while \output is active
[408]
[409]

Package hyperref Warning: Token not allowed in a PDF string (Unicode):
(hyperref)                \hskip 10.95pt
(hyperref)                replaced by space on input line 3103.


Underfull \vbox (badness 10000) has occurred while \output is active
[410]
Underfull \vbox (badness 10000) has occurred while \output is active
[411]
Underfull \vbox (badness 10000) has occurred while \output is active
[412]
Underfull \vbox (badness 10000) has occurred while \output is active
[413]
Underfull \vbox (badness 10000) has occurred while \output is active
[414]
Underfull \vbox (badness 10000) has occurred while \output is active
[415]
Underfull \vbox (badness 10000) has occurred while \output is active
[416]
Underfull \vbox (badness 10000) has occurred while \output is active
[417]
Underfull \vbox (badness 10000) has occurred while \output is active
[418]
Underfull \vbox (badness 10000) has occurred while \output is active
[419]
Underfull \vbox (badness 10000) has occurred while \output is active
[420]
Underfull \vbox (badness 10000) has occurred while \output is active
[421]
[422]
[423]

Package hyperref Warning: Token not allowed in a PDF string (Unicode):
(hyperref)                \hskip 10.95pt
(hyperref)                replaced by space on input line 3145.


Underfull \vbox (badness 10000) has occurred while \output is active
[424]
Underfull \vbox (badness 10000) has occurred while \output is active
[425]
Underfull \vbox (badness 10000) has occurred while \output is active
[426]
Underfull \vbox (badness 10000) has occurred while \output is active
[427]
Underfull \vbox (badness 10000) has occurred while \output is active
[428]
Underfull \vbox (badness 10000) has occurred while \output is active
[429]
Underfull \vbox (badness 10000) has occurred while \output is active
[430]
Underfull \vbox (badness 10000) has occurred while \output is active
[431]
Underfull \vbox (badness 10000) has occurred while \output is active
[432]
Underfull \vbox (badness 10000) has occurred while \output is active
[433]
Underfull \vbox (badness 10000) has occurred while \output is active
[434]
Underfull \vbox (badness 10000) has occurred while \output is active
[435]
Underfull \vbox (badness 10000) has occurred while \output is active
[436]
Underfull \vbox (badness 10000) has occurred while \output is active
[437]
Underfull \vbox (badness 10000) has occurred while \output is active
[438]
Underfull \vbox (badness 10000) has occurred while \output is active
[439]
Underfull \vbox (badness 10000) has occurred while \output is active
[440]
Underfull \vbox (badness 10000) has occurred while \output is active
[441]
Underfull \vbox (badness 10000) has occurred while \output is active
[442]
Underfull \vbox (badness 10000) has occurred while \output is active
[443]
Underfull \vbox (badness 10000) has occurred while \output is active
[444]
[445]

Package hyperref Warning: Token not allowed in a PDF string (Unicode):
(hyperref)                \hskip 10.95pt
(hyperref)                replaced by space on input line 3293.


Underfull \vbox (badness 10000) has occurred while \output is active
[446]
Underfull \vbox (badness 10000) has occurred while \output is active
[447]
Underfull \vbox (badness 10000) has occurred while \output is active
[448]
Underfull \vbox (badness 10000) has occurred while \output is active
[449]
Underfull \vbox (badness 10000) has occurred while \output is active
[450]
Underfull \vbox (badness 10000) has occurred while \output is active
[451]
Underfull \vbox (badness 10000) has occurred while \output is active
[452]
Underfull \vbox (badness 10000) has occurred while \output is active
[453]
Underfull \vbox (badness 10000) has occurred while \output is active
[454]
Underfull \vbox (badness 10000) has occurred while \output is active
[455]
Underfull \vbox (badness 10000) has occurred while \output is active
[456]
Underfull \vbox (badness 10000) has occurred while \output is active
[457]
Underfull \vbox (badness 10000) has occurred while \output is active
[458]
Underfull \vbox (badness 10000) has occurred while \output is active
[459]
Underfull \vbox (badness 10000) has occurred while \output is active
[460]
Underfull \vbox (badness 10000) has occurred while \output is active
[461]
Underfull \vbox (badness 10000) has occurred while \output is active
[462]
[463]

Package hyperref Warning: Token not allowed in a PDF string (Unicode):
(hyperref)                \hskip 10.95pt
(hyperref)                replaced by space on input line 3375.


Underfull \vbox (badness 10000) has occurred while \output is active
[464]
Underfull \vbox (badness 10000) has occurred while \output is active
[465]
Underfull \vbox (badness 10000) has occurred while \output is active
[466]
Underfull \vbox (badness 10000) has occurred while \output is active
[467]
Underfull \vbox (badness 10000) has occurred while \output is active
[468]
Underfull \vbox (badness 10000) has occurred while \output is active
[469]
Underfull \vbox (badness 10000) has occurred while \output is active
[470]
Underfull \vbox (badness 10000) has occurred while \output is active
[471]
Underfull \vbox (badness 10000) has occurred while \output is active
[472]
Underfull \vbox (badness 10000) has occurred while \output is active
[473]
Underfull \vbox (badness 10000) has occurred while \output is active
[474]
Underfull \vbox (badness 10000) has occurred while \output is active
[475]
Underfull \vbox (badness 10000) has occurred while \output is active
[476]
Underfull \vbox (badness 10000) has occurred while \output is active
[477]
Underfull \vbox (badness 10000) has occurred while \output is active
[478]
[479]

Package hyperref Warning: Token not allowed in a PDF string (Unicode):
(hyperref)                \hskip 10.95pt
(hyperref)                replaced by space on input line 3485.


Underfull \vbox (badness 10000) has occurred while \output is active
[480]
Underfull \vbox (badness 10000) has occurred while \output is active
[481]
Underfull \vbox (badness 10000) has occurred while \output is active
[482]
Underfull \vbox (badness 10000) has occurred while \output is active
[483]
Underfull \vbox (badness 10000) has occurred while \output is active
[484]
Underfull \vbox (badness 10000) has occurred while \output is active
[485]
Underfull \vbox (badness 10000) has occurred while \output is active
[486]
Underfull \vbox (badness 10000) has occurred while \output is active
[487]
Underfull \vbox (badness 10000) has occurred while \output is active
[488]
[489]
Underfull \vbox (badness 10000) has occurred while \output is active
[490]
Underfull \vbox (badness 10000) has occurred while \output is active
[491]
Underfull \vbox (badness 10000) has occurred while \output is active
[492]
Underfull \vbox (badness 10000) has occurred while \output is active
[493]
Underfull \vbox (badness 10000) has occurred while \output is active
[494]
Underfull \vbox (badness 10000) has occurred while \output is active
[495]
Underfull \vbox (badness 10000) has occurred while \output is active
[496]
[497] (./Leviathan.aux) )
(see the transcript file for additional information)</usr/local/texlive/2025/te
xmf-dist/fonts/type1/public/libertine/LinBiolinumT.pfb></usr/local/texlive/2025
/texmf-dist/fonts/type1/public/libertine/LinBiolinumTB.pfb></usr/local/texlive/
2025/texmf-dist/fonts/type1/public/libertine/LinBiolinumTI.pfb></usr/local/texl
ive/2025/texmf-dist/fonts/type1/public/libertine/LinLibertineT.pfb></usr/local/
texlive/2025/texmf-dist/fonts/type1/public/libertine/LinLibertineTB.pfb></usr/l
ocal/texlive/2025/texmf-dist/fonts/type1/public/libertine/LinLibertineTI.pfb>
Output written on Leviathan.pdf (503 pages, 1686116 bytes).
Transcript written on Leviathan.log.
