This is pdfTeX, Version 3.141592653-2.6-1.40.27 (TeX Live 2025) (preloaded format=pdflatex 2025.4.19)  22 SEP 2026 21:22
entering extended mode
 restricted \write18 enabled.
 %&-line parsing enabled.
**Leviathan.tex
(./Leviathan.tex
LaTeX2e <2024-11-01> patch level 2
L3 programming layer <2025-01-18>
(/usr/local/texlive/2025/texmf-dist/tex/latex/base/book.cls
Document Class: book 2024/06/29 v1.4n Standard LaTeX document class
(/usr/local/texlive/2025/texmf-dist/tex/latex/base/bk11.clo
File: bk11.clo 2024/06/29 v1.4n Standard LaTeX file (size option)
)
\c@part=\count196
\c@chapter=\count197
\c@section=\count198
\c@subsection=\count199
\c@subsubsection=\count266
\c@paragraph=\count267
\c@subparagraph=\count268
\c@figure=\count269
\c@table=\count270
\abovecaptionskip=\skip49
\belowcaptionskip=\skip50
\bibindent=\dimen141
)
(/usr/local/texlive/2025/texmf-dist/tex/latex/base/fontenc.sty
Package: fontenc 2021/04/29 v2.0v Standard LaTeX package
)
(/usr/local/texlive/2025/texmf-dist/tex/latex/base/inputenc.sty
Package: inputenc 2024/02/08 v1.3d Input encoding file
\inpenc@prehook=\toks17
\inpenc@posthook=\toks18
)
(/usr/local/texlive/2025/texmf-dist/tex/latex/libertine/libertine.sty
Package: libertine 2024/04/23 (Bob Tennent) Supports Libertine and Biolinum fon
ts for all LaTeX engines.

(/usr/local/texlive/2025/texmf-dist/tex/generic/iftex/ifxetex.sty
Package: ifxetex 2019/10/25 v0.7 ifxetex legacy package. Use iftex instead.

(/usr/local/texlive/2025/texmf-dist/tex/generic/iftex/iftex.sty
Package: iftex 2024/12/12 v1.0g TeX engine tests
))
(/usr/local/texlive/2025/texmf-dist/tex/generic/iftex/ifluatex.sty
Package: ifluatex 2019/10/25 v1.5 ifluatex legacy package. Use iftex instead.
)
(/usr/local/texlive/2025/texmf-dist/tex/latex/xkeyval/xkeyval.sty
Package: xkeyval 2022/06/16 v2.9 package option processing (HA)

(/usr/local/texlive/2025/texmf-dist/tex/generic/xkeyval/xkeyval.tex
(/usr/local/texlive/2025/texmf-dist/tex/generic/xkeyval/xkvutils.tex
\XKV@toks=\toks19
\XKV@tempa@toks=\toks20

(/usr/local/texlive/2025/texmf-dist/tex/generic/xkeyval/keyval.tex))
\XKV@depth=\count271
File: xkeyval.tex 2014/12/03 v2.7a key=value parser (HA)
))
(/usr/local/texlive/2025/texmf-dist/tex/latex/base/textcomp.sty
Package: textcomp 2024/04/24 v2.1b Standard LaTeX package
)
(/usr/local/texlive/2025/texmf-dist/tex/latex/base/fontenc.sty
Package: fontenc 2021/04/29 v2.0v Standard LaTeX package
)
(/usr/local/texlive/2025/texmf-dist/tex/latex/fontaxes/fontaxes.sty
Package: fontaxes 2020/07/21 v1.0e Font selection axes
LaTeX Info: Redefining \upshape on input line 29.
LaTeX Info: Redefining \itshape on input line 31.
LaTeX Info: Redefining \slshape on input line 33.
LaTeX Info: Redefining \swshape on input line 35.
LaTeX Info: Redefining \scshape on input line 37.
LaTeX Info: Redefining \sscshape on input line 39.
LaTeX Info: Redefining \ulcshape on input line 41.
LaTeX Info: Redefining \textsw on input line 47.
LaTeX Info: Redefining \textssc on input line 48.
LaTeX Info: Redefining \textulc on input line 49.
)
LaTeX Info: Redefining \oldstylenums on input line 485.

(/usr/local/texlive/2025/texmf-dist/tex/latex/libertine/LinLibertine_I.tex))
(/usr/local/texlive/2025/texmf-dist/tex/latex/microtype/microtype.sty
Package: microtype 2025/02/11 v3.2a Micro-typographical refinements (RS)

(/usr/local/texlive/2025/texmf-dist/tex/latex/etoolbox/etoolbox.sty
Package: etoolbox 2025/02/11 v2.5l e-TeX tools for LaTeX (JAW)
\etb@tempcnta=\count272
)
\MT@toks=\toks21
\MT@tempbox=\box52
\MT@count=\count273
LaTeX Info: Redefining \noprotrusionifhmode on input line 1087.
LaTeX Info: Redefining \leftprotrusion on input line 1088.
\MT@prot@toks=\toks22
LaTeX Info: Redefining \rightprotrusion on input line 1107.
LaTeX Info: Redefining \textls on input line 1449.
\MT@outer@kern=\dimen142
LaTeX Info: Redefining \microtypecontext on input line 2053.
LaTeX Info: Redefining \textmicrotypecontext on input line 2070.
\MT@listname@count=\count274

(/usr/local/texlive/2025/texmf-dist/tex/latex/microtype/microtype-pdftex.def
File: microtype-pdftex.def 2025/02/11 v3.2a Definitions specific to pdftex (RS)

LaTeX Info: Redefining \lsstyle on input line 944.
LaTeX Info: Redefining \lslig on input line 944.
\MT@outer@space=\skip51
)
Package microtype Info: Loading configuration file microtype.cfg.

(/usr/local/texlive/2025/texmf-dist/tex/latex/microtype/microtype.cfg
File: microtype.cfg 2025/02/11 v3.2a microtype main configuration file (RS)
)
LaTeX Info: Redefining \microtypesetup on input line 3065.
)
(/usr/local/texlive/2025/texmf-dist/tex/latex/titlesec/titlesec.sty
Package: titlesec 2025/01/04 v2.17 Sectioning titles
\ttl@box=\box53
\beforetitleunit=\skip52
\aftertitleunit=\skip53
\ttl@plus=\dimen143
\ttl@minus=\dimen144
\ttl@toksa=\toks23
\titlewidth=\dimen145
\titlewidthlast=\dimen146
\titlewidthfirst=\dimen147
)
(/usr/local/texlive/2025/texmf-dist/tex/latex/fancyhdr/fancyhdr.sty
Package: fancyhdr 2025/02/07 v5.2 Extensive control of page headers and footers

\f@nch@headwidth=\skip54
\f@nch@offset@elh=\skip55
\f@nch@offset@erh=\skip56
\f@nch@offset@olh=\skip57
\f@nch@offset@orh=\skip58
\f@nch@offset@elf=\skip59
\f@nch@offset@erf=\skip60
\f@nch@offset@olf=\skip61
\f@nch@offset@orf=\skip62
\f@nch@height=\skip63
\f@nch@footalignment=\skip64
\f@nch@widthL=\skip65
\f@nch@widthC=\skip66
\f@nch@widthR=\skip67
\@temptokenb=\toks24
)
(/usr/local/texlive/2025/texmf-dist/tex/latex/geometry/geometry.sty
Package: geometry 2020/01/02 v5.9 Page Geometry

(/usr/local/texlive/2025/texmf-dist/tex/generic/iftex/ifvtex.sty
Package: ifvtex 2019/10/25 v1.7 ifvtex legacy package. Use iftex instead.
)
\Gm@cnth=\count275
\Gm@cntv=\count276
\c@Gm@tempcnt=\count277
\Gm@bindingoffset=\dimen148
\Gm@wd@mp=\dimen149
\Gm@odd@mp=\dimen150
\Gm@even@mp=\dimen151
\Gm@layoutwidth=\dimen152
\Gm@layoutheight=\dimen153
\Gm@layouthoffset=\dimen154
\Gm@layoutvoffset=\dimen155
\Gm@dimlist=\toks25
)
(/usr/local/texlive/2025/texmf-dist/tex/latex/hyperref/hyperref.sty
Package: hyperref 2024-11-05 v7.01l Hypertext links for LaTeX

(/usr/local/texlive/2025/texmf-dist/tex/latex/kvsetkeys/kvsetkeys.sty
Package: kvsetkeys 2022-10-05 v1.19 Key value parser (HO)
)
(/usr/local/texlive/2025/texmf-dist/tex/generic/kvdefinekeys/kvdefinekeys.sty
Package: kvdefinekeys 2019-12-19 v1.6 Define keys (HO)
)
(/usr/local/texlive/2025/texmf-dist/tex/generic/pdfescape/pdfescape.sty
Package: pdfescape 2019/12/09 v1.15 Implements pdfTeX's escape features (HO)

(/usr/local/texlive/2025/texmf-dist/tex/generic/ltxcmds/ltxcmds.sty
Package: ltxcmds 2023-12-04 v1.26 LaTeX kernel commands for general use (HO)
)
(/usr/local/texlive/2025/texmf-dist/tex/generic/pdftexcmds/pdftexcmds.sty
Package: pdftexcmds 2020-06-27 v0.33 Utility functions of pdfTeX for LuaTeX (HO
)

(/usr/local/texlive/2025/texmf-dist/tex/generic/infwarerr/infwarerr.sty
Package: infwarerr 2019/12/03 v1.5 Providing info/warning/error messages (HO)
)
Package pdftexcmds Info: \pdf@primitive is available.
Package pdftexcmds Info: \pdf@ifprimitive is available.
Package pdftexcmds Info: \pdfdraftmode found.
))
(/usr/local/texlive/2025/texmf-dist/tex/latex/hycolor/hycolor.sty
Package: hycolor 2020-01-27 v1.10 Color options for hyperref/bookmark (HO)
)
(/usr/local/texlive/2025/texmf-dist/tex/latex/hyperref/nameref.sty
Package: nameref 2023-11-26 v2.56 Cross-referencing by name of section

(/usr/local/texlive/2025/texmf-dist/tex/latex/refcount/refcount.sty
Package: refcount 2019/12/15 v3.6 Data extraction from label references (HO)
)
(/usr/local/texlive/2025/texmf-dist/tex/generic/gettitlestring/gettitlestring.s
ty
Package: gettitlestring 2019/12/15 v1.6 Cleanup title references (HO)
 (/usr/local/texlive/2025/texmf-dist/tex/latex/kvoptions/kvoptions.sty
Package: kvoptions 2022-06-15 v3.15 Key value format for package options (HO)
))
\c@section@level=\count278
)
(/usr/local/texlive/2025/texmf-dist/tex/generic/stringenc/stringenc.sty
Package: stringenc 2019/11/29 v1.12 Convert strings between diff. encodings (HO
)
)
\@linkdim=\dimen156
\Hy@linkcounter=\count279
\Hy@pagecounter=\count280

(/usr/local/texlive/2025/texmf-dist/tex/latex/hyperref/pd1enc.def
File: pd1enc.def 2024-11-05 v7.01l Hyperref: PDFDocEncoding definition (HO)
Now handling font encoding PD1 ...
... no UTF-8 mapping file for font encoding PD1
)
(/usr/local/texlive/2025/texmf-dist/tex/generic/intcalc/intcalc.sty
Package: intcalc 2019/12/15 v1.3 Expandable calculations with integers (HO)
)
\Hy@SavedSpaceFactor=\count281

(/usr/local/texlive/2025/texmf-dist/tex/latex/hyperref/puenc.def
File: puenc.def 2024-11-05 v7.01l Hyperref: PDF Unicode definition (HO)
Now handling font encoding PU ...
... no UTF-8 mapping file for font encoding PU
)
Package hyperref Info: Hyper figures OFF on input line 4157.
Package hyperref Info: Link nesting OFF on input line 4162.
Package hyperref Info: Hyper index ON on input line 4165.
Package hyperref Info: Plain pages OFF on input line 4172.
Package hyperref Info: Backreferencing OFF on input line 4177.
Package hyperref Info: Implicit mode ON; LaTeX internals redefined.
Package hyperref Info: Bookmarks ON on input line 4424.
\c@Hy@tempcnt=\count282

(/usr/local/texlive/2025/texmf-dist/tex/latex/url/url.sty
\Urlmuskip=\muskip17
Package: url 2013/09/16  ver 3.4  Verb mode for urls, etc.
)
LaTeX Info: Redefining \url on input line 4763.
\XeTeXLinkMargin=\dimen157

(/usr/local/texlive/2025/texmf-dist/tex/generic/bitset/bitset.sty
Package: bitset 2019/12/09 v1.3 Handle bit-vector datatype (HO)

(/usr/local/texlive/2025/texmf-dist/tex/generic/bigintcalc/bigintcalc.sty
Package: bigintcalc 2019/12/15 v1.5 Expandable calculations on big integers (HO
)
))
\Fld@menulength=\count283
\Field@Width=\dimen158
\Fld@charsize=\dimen159
Package hyperref Info: Hyper figures OFF on input line 6042.
Package hyperref Info: Link nesting OFF on input line 6047.
Package hyperref Info: Hyper index ON on input line 6050.
Package hyperref Info: backreferencing OFF on input line 6057.
Package hyperref Info: Link coloring OFF on input line 6062.
Package hyperref Info: Link coloring with OCG OFF on input line 6067.
Package hyperref Info: PDF/A mode OFF on input line 6072.

(/usr/local/texlive/2025/texmf-dist/tex/latex/base/atbegshi-ltx.sty
Package: atbegshi-ltx 2021/01/10 v1.0c Emulation of the original atbegshi
package with kernel methods
)
\Hy@abspage=\count284
\c@Item=\count285
\c@Hfootnote=\count286
)
Package hyperref Info: Driver (autodetected): hpdftex.

(/usr/local/texlive/2025/texmf-dist/tex/latex/hyperref/hpdftex.def
File: hpdftex.def 2024-11-05 v7.01l Hyperref driver for pdfTeX

(/usr/local/texlive/2025/texmf-dist/tex/latex/base/atveryend-ltx.sty
Package: atveryend-ltx 2020/08/19 v1.0a Emulation of the original atveryend pac
kage
with kernel methods
)
\Fld@listcount=\count287
\c@bookmark@seq@number=\count288

(/usr/local/texlive/2025/texmf-dist/tex/latex/rerunfilecheck/rerunfilecheck.sty
Package: rerunfilecheck 2022-07-10 v1.10 Rerun checks for auxiliary files (HO)

(/usr/local/texlive/2025/texmf-dist/tex/generic/uniquecounter/uniquecounter.sty
Package: uniquecounter 2019/12/15 v1.4 Provide unlimited unique counter (HO)
)
Package uniquecounter Info: New unique counter `rerunfilecheck' on input line 2
85.
)
\Hy@SectionHShift=\skip68
)
Package hyperref Info: Option `bookmarksnumbered' set `false' on input line 22.

LaTeX Font Info:    Trying to load font information for T1+LinuxLibertineT-TLF 
on input line 70.

(/usr/local/texlive/2025/texmf-dist/tex/latex/libertine/T1LinuxLibertineT-TLF.f
d
File: T1LinuxLibertineT-TLF.fd 2017/03/20 (autoinst) Font definitions for T1/Li
nuxLibertineT-TLF.
)
LaTeX Font Info:    Font shape `T1/LinuxLibertineT-TLF/m/n' will be
(Font)              scaled to size 10.95pt on input line 70.
 (/usr/local/texlive/2025/texmf-dist/tex/latex/l3backend/l3backend-pdftex.def
File: l3backend-pdftex.def 2024-05-08 L3 backend support: PDF output (pdfTeX)
\l__color_backend_stack_int=\count289
\l__pdf_internal_box=\box54
) (./Leviathan.aux)
\openout1 = `Leviathan.aux'.

LaTeX Font Info:    Checking defaults for OML/cmm/m/it on input line 70.
LaTeX Font Info:    ... okay on input line 70.
LaTeX Font Info:    Checking defaults for OMS/cmsy/m/n on input line 70.
LaTeX Font Info:    ... okay on input line 70.
LaTeX Font Info:    Checking defaults for OT1/cmr/m/n on input line 70.
LaTeX Font Info:    ... okay on input line 70.
LaTeX Font Info:    Checking defaults for T1/cmr/m/n on input line 70.
LaTeX Font Info:    ... okay on input line 70.
LaTeX Font Info:    Checking defaults for TS1/cmr/m/n on input line 70.
LaTeX Font Info:    ... okay on input line 70.
LaTeX Font Info:    Checking defaults for OMX/cmex/m/n on input line 70.
LaTeX Font Info:    ... okay on input line 70.
LaTeX Font Info:    Checking defaults for U/cmr/m/n on input line 70.
LaTeX Font Info:    ... okay on input line 70.
LaTeX Font Info:    Checking defaults for PD1/pdf/m/n on input line 70.
LaTeX Font Info:    ... okay on input line 70.
LaTeX Font Info:    Checking defaults for PU/pdf/m/n on input line 70.
LaTeX Font Info:    ... okay on input line 70.
\c@mv@tabular=\count290
\c@mv@boldtabular=\count291
LaTeX Info: Redefining \microtypecontext on input line 70.
Package microtype Info: Applying patch `item' on input line 70.
Package microtype Info: Applying patch `toc' on input line 70.
Package microtype Info: Applying patch `eqnum' on input line 70.
Package microtype Info: Applying patch `footnote' on input line 70.
Package microtype Info: Applying patch `verbatim' on input line 70.
LaTeX Info: Redefining \microtypesetup on input line 70.
Package microtype Info: Generating PDF output.
Package microtype Info: Character protrusion enabled (level 2).
Package microtype Info: Using default protrusion set `alltext'.
Package microtype Info: Automatic font expansion enabled (level 2),
(microtype)             stretch: 20, shrink: 20, step: 1, non-selected.
Package microtype Info: Using default expansion set `alltext-nott'.
LaTeX Info: Redefining \showhyphens on input line 70.
Package microtype Info: No adjustment of tracking.
Package microtype Info: No adjustment of interword spacing.
Package microtype Info: No adjustment of character kerning.
Package microtype Info: Loading generic protrusion settings for font family
(microtype)             `LinuxLibertineT-TLF' (encoding: T1).
(microtype)             For optimal results, create family-specific settings.
(microtype)             See the microtype manual for details.

*geometry* driver: auto-detecting
*geometry* detected driver: pdftex
*geometry* verbose mode - [ preamble ] result:
* driver: pdftex
* paper: custom
* layout: <same size as paper>
* layoutoffset:(h,v)=(0.0pt,0.0pt)
* modes: twoside 
* h-part:(L,W,R)=(56.3705pt, 329.55104pt, 47.69846pt)
* v-part:(T,H,B)=(56.3705pt, 531.90726pt, 62.15224pt)
* \paperwidth=433.62pt
* \paperheight=650.43pt
* \textwidth=329.55104pt
* \textheight=531.90726pt
* \oddsidemargin=-15.89949pt
* \evensidemargin=-24.57153pt
* \topmargin=-47.77328pt
* \headheight=12.0pt
* \headsep=19.8738pt
* \topskip=11.0pt
* \footskip=27.46295pt
* \marginparwidth=116.0pt
* \marginparsep=7.0pt
* \columnsep=10.0pt
* \skip\footins=10.0pt plus 4.0pt minus 2.0pt
* \hoffset=0.0pt
* \voffset=0.0pt
* \mag=1000
* \@twocolumnfalse
* \@twosidetrue
* \@mparswitchtrue
* \@reversemarginfalse
* (1in=72.27pt=25.4mm, 1cm=28.453pt)

Package hyperref Info: Link coloring OFF on input line 70.
(./Leviathan.out) (./Leviathan.out)
\@outlinefile=\write3
\openout3 = `Leviathan.out'.

LaTeX Font Info:    Trying to load font information for T1+LinuxBiolinumT-TLF o
n input line 75.

(/usr/local/texlive/2025/texmf-dist/tex/latex/libertine/T1LinuxBiolinumT-TLF.fd
File: T1LinuxBiolinumT-TLF.fd 2017/03/20 (autoinst) Font definitions for T1/Lin
uxBiolinumT-TLF.
)
LaTeX Font Info:    Font shape `T1/LinuxBiolinumT-TLF/m/n' will be
(Font)              scaled to size 10.95pt on input line 75.
Package microtype Info: Loading generic protrusion settings for font family
(microtype)             `LinuxBiolinumT-TLF' (encoding: T1).
(microtype)             For optimal results, create family-specific settings.
(microtype)             See the microtype manual for details.
LaTeX Font Info:    Font shape `T1/LinuxBiolinumT-TLF/b/n' will be
(Font)              scaled to size 10.95pt on input line 75.
LaTeX Font Info:    Font shape `T1/LinuxBiolinumT-TLF/b/n' will be
(Font)              scaled to size 34.0pt on input line 75.
LaTeX Font Info:    Font shape `T1/LinuxBiolinumT-TLF/m/n' will be
(Font)              scaled to size 12.0pt on input line 77.
LaTeX Font Info:    Font shape `T1/LinuxBiolinumT-TLF/m/n' will be
(Font)              scaled to size 10.0pt on input line 78.


[1


{/usr/local/texlive/2025/texmf-var/fonts/map/pdftex/updmap/pdftex.map}{/usr/loc
al/texlive/2025/texmf-dist/fonts/enc/dvips/libertine/lbtn_25tcsq.enc}]
LaTeX Font Info:    Font shape `T1/LinuxBiolinumT-TLF/m/n' will be
(Font)              scaled to size 14.4pt on input line 86.
LaTeX Font Info:    Font shape `T1/LinuxBiolinumT-TLF/b/n' will be
(Font)              scaled to size 14.4pt on input line 86.
LaTeX Font Info:    Font shape `T1/LinuxLibertineT-TLF/m/it' will be
(Font)              scaled to size 10.95pt on input line 90.


[1

{/usr/local/texlive/2025/texmf-dist/fonts/enc/dvips/libertine/lbtn_76gpa5.enc}{
/usr/local/texlive/2025/texmf-dist/fonts/enc/dvips/libertine/lbtn_7grukw.enc}] 
(./Leviathan.toc
LaTeX Font Info:    Font shape `T1/LinuxLibertineT-TLF/b/n' will be
(Font)              scaled to size 10.95pt on input line 1.
LaTeX Font Info:    Font shape `T1/LinuxLibertineT-TLF/m/n' will be
(Font)              scaled to size 12.0pt on input line 4.
LaTeX Font Info:    Font shape `T1/LinuxLibertineT-TLF/b/n' will be
(Font)              scaled to size 12.0pt on input line 4.


[2

{/usr/local/texlive/2025/texmf-dist/fonts/enc/dvips/libertine/lbtn_nh77jq.enc}]


LaTeX Font Info:    Font shape `T1/LinuxBiolinumT-TLF/m/it' will be
(Font)              scaled to size 10.0pt on input line 34.
[3]
Underfull \vbox (badness 10000) has occurred while \output is active []



[4])
\tf@toc=\write4
\openout4 = `Leviathan.toc'.



[5]
Underfull \vbox (badness 10000) has occurred while \output is active []




pdfTeX warning (ext4): destination with the same identifier (name{page.1}) has 
been already used, duplicate ignored
<to be read again> 
                   \relax 
l.110 
       [1



]

[2]
Underfull \vbox (badness 10000) has occurred while \output is active []



[3


]
Underfull \vbox (badness 10000) has occurred while \output is active []



[4]

[5]
LaTeX Font Info:    Font shape `T1/LinuxBiolinumT-TLF/b/n' will be
(Font)              scaled to size 12.0pt on input line 141.


[6

]
LaTeX Font Info:    Font shape `T1/LinuxLibertineT-TLF/m/n' will be
(Font)              scaled to size 14.4pt on input line 143.


Package hyperref Warning: Token not allowed in a PDF string (Unicode):
(hyperref)                \hskip 10.95pt
(hyperref)                replaced by space on input line 143.

LaTeX Font Info:    Trying to load font information for TS1+LinuxLibertineT-TLF
 on input line 151.

(/usr/local/texlive/2025/texmf-dist/tex/latex/libertine/TS1LinuxLibertineT-TLF.
fd
File: TS1LinuxLibertineT-TLF.fd 2017/03/20 (autoinst) Font definitions for TS1/
LinuxLibertineT-TLF.
)
LaTeX Font Info:    Font shape `TS1/LinuxLibertineT-TLF/m/n' will be
(Font)              scaled to size 10.95pt on input line 151.
Package microtype Info: Loading generic protrusion settings for font family
(microtype)             `LinuxLibertineT-TLF' (encoding: TS1).
(microtype)             For optimal results, create family-specific settings.
(microtype)             See the microtype manual for details.

Underfull \vbox (badness 10000) has occurred while \output is active []



[7



{/usr/local/texlive/2025/texmf-dist/fonts/enc/dvips/libertine/lbtn_naooyc.enc}]


[8]

Package hyperref Warning: Token not allowed in a PDF string (Unicode):
(hyperref)                \hskip 10.95pt
(hyperref)                replaced by space on input line 155.


Underfull \vbox (badness 10000) has occurred while \output is active []



[9


]
Underfull \vbox (badness 10000) has occurred while \output is active []



[10]
Underfull \vbox (badness 10000) has occurred while \output is active []



[11]
Underfull \vbox (badness 10000) has occurred while \output is active []



[12]

[13]

Package hyperref Warning: Token not allowed in a PDF string (Unicode):
(hyperref)                \hskip 10.95pt
(hyperref)                replaced by space on input line 183.


Underfull \vbox (badness 10000) has occurred while \output is active []



[14


]
Underfull \vbox (badness 10000) has occurred while \output is active []



[15]
Underfull \vbox (badness 10000) has occurred while \output is active []



[16]
Underfull \vbox (badness 10000) has occurred while \output is active []



[17]

[18]

Package hyperref Warning: Token not allowed in a PDF string (Unicode):
(hyperref)                \hskip 10.95pt
(hyperref)                replaced by space on input line 205.


Underfull \vbox (badness 10000) has occurred while \output is active []



[19


]
Underfull \vbox (badness 10000) has occurred while \output is active []



[20]
Underfull \vbox (badness 10000) has occurred while \output is active []



[21]
Underfull \vbox (badness 10000) has occurred while \output is active []



[22]
Underfull \vbox (badness 10000) has occurred while \output is active []



[23]
Underfull \vbox (badness 10000) has occurred while \output is active []



[24]
Underfull \vbox (badness 10000) has occurred while \output is active []



[25]

[26]

Package hyperref Warning: Token not allowed in a PDF string (Unicode):
(hyperref)                \hskip 10.95pt
(hyperref)                replaced by space on input line 247.


Underfull \vbox (badness 10000) has occurred while \output is active []



[27


]
Underfull \vbox (badness 10000) has occurred while \output is active []



[28]
Underfull \vbox (badness 10000) has occurred while \output is active []



[29]
Underfull \vbox (badness 10000) has occurred while \output is active []



[30]
Underfull \vbox (badness 10000) has occurred while \output is active []



[31]
Underfull \vbox (badness 10000) has occurred while \output is active []



[32]

[33]

Package hyperref Warning: Token not allowed in a PDF string (Unicode):
(hyperref)                \hskip 10.95pt
(hyperref)                replaced by space on input line 353.


Underfull \vbox (badness 10000) has occurred while \output is active []



[34


]
Underfull \vbox (badness 10000) has occurred while \output is active []



[35]
Underfull \vbox (badness 10000) has occurred while \output is active []



[36]
Underfull \vbox (badness 10000) has occurred while \output is active []



[37]
Underfull \vbox (badness 10000) has occurred while \output is active []



[38]
Underfull \vbox (badness 10000) has occurred while \output is active []



[39]
Underfull \vbox (badness 10000) has occurred while \output is active []



[40]
Underfull \vbox (badness 10000) has occurred while \output is active []



[41]
Underfull \vbox (badness 10000) has occurred while \output is active []



[42]

[43]

Package hyperref Warning: Token not allowed in a PDF string (Unicode):
(hyperref)                \hskip 10.95pt
(hyperref)                replaced by space on input line 543.


Underfull \vbox (badness 10000) has occurred while \output is active []



[44


]
Underfull \vbox (badness 10000) has occurred while \output is active []



[45]
Underfull \vbox (badness 10000) has occurred while \output is active []



[46]

[47]

Package hyperref Warning: Token not allowed in a PDF string (Unicode):
(hyperref)                \hskip 10.95pt
(hyperref)                replaced by space on input line 617.


Underfull \vbox (badness 10000) has occurred while \output is active []



[48


]
Underfull \vbox (badness 10000) has occurred while \output is active []



[49]
Underfull \vbox (badness 10000) has occurred while \output is active []



[50]
Underfull \vbox (badness 10000) has occurred while \output is active []



[51]
Underfull \vbox (badness 10000) has occurred while \output is active []



[52]
Underfull \vbox (badness 10000) has occurred while \output is active []



[53]
Underfull \vbox (badness 10000) has occurred while \output is active []



[54]
Underfull \vbox (badness 10000) has occurred while \output is active []



[55]
Underfull \vbox (badness 10000) has occurred while \output is active []



[56]

[57]

Package hyperref Warning: Token not allowed in a PDF string (Unicode):
(hyperref)                \hskip 10.95pt
(hyperref)                replaced by space on input line 787.


Underfull \vbox (badness 10000) has occurred while \output is active []



[58


]

[59]

Package hyperref Warning: Token not allowed in a PDF string (Unicode):
(hyperref)                \hskip 10.95pt
(hyperref)                replaced by space on input line 845.


Underfull \vbox (badness 10000) has occurred while \output is active []



[60


]
Underfull \vbox (badness 10000) has occurred while \output is active []



[61]
Underfull \vbox (badness 10000) has occurred while \output is active []



[62]
Underfull \vbox (badness 10000) has occurred while \output is active []



[63]
Underfull \vbox (badness 10000) has occurred while \output is active []



[64]
Underfull \vbox (badness 10000) has occurred while \output is active []



[65]
Underfull \vbox (badness 10000) has occurred while \output is active []



[66]
Underfull \vbox (badness 10000) has occurred while \output is active []



[67]

[68]

Package hyperref Warning: Token not allowed in a PDF string (Unicode):
(hyperref)                \hskip 10.95pt
(hyperref)                replaced by space on input line 953.


Underfull \vbox (badness 10000) has occurred while \output is active []



[69


]
Underfull \vbox (badness 10000) has occurred while \output is active []



[70]
Underfull \vbox (badness 10000) has occurred while \output is active []



[71]
Underfull \vbox (badness 10000) has occurred while \output is active []



[72]
Underfull \vbox (badness 10000) has occurred while \output is active []



[73]

[74]

Package hyperref Warning: Token not allowed in a PDF string (Unicode):
(hyperref)                \hskip 10.95pt
(hyperref)                replaced by space on input line 1059.


Underfull \vbox (badness 10000) has occurred while \output is active []



[75


]
Underfull \vbox (badness 10000) has occurred while \output is active []



[76]
Underfull \vbox (badness 10000) has occurred while \output is active []



[77]
Underfull \vbox (badness 10000) has occurred while \output is active []



[78]
Underfull \vbox (badness 10000) has occurred while \output is active []



[79]
Underfull \vbox (badness 10000) has occurred while \output is active []



[80]
Underfull \vbox (badness 10000) has occurred while \output is active []



[81]
Underfull \vbox (badness 10000) has occurred while \output is active []



[82]
Underfull \vbox (badness 10000) has occurred while \output is active []



[83]
Underfull \vbox (badness 10000) has occurred while \output is active []



[84]
Underfull \vbox (badness 10000) has occurred while \output is active []



[85]

[86]

Package hyperref Warning: Token not allowed in a PDF string (Unicode):
(hyperref)                \hskip 10.95pt
(hyperref)                replaced by space on input line 1161.


Underfull \vbox (badness 10000) has occurred while \output is active []



[87


]
Underfull \vbox (badness 10000) has occurred while \output is active []



[88]
Underfull \vbox (badness 10000) has occurred while \output is active []



[89]

[90]

Package hyperref Warning: Token not allowed in a PDF string (Unicode):
(hyperref)                \hskip 10.95pt
(hyperref)                replaced by space on input line 1189.


Underfull \vbox (badness 10000) has occurred while \output is active []



[91


]
Underfull \vbox (badness 10000) has occurred while \output is active []



[92]
Underfull \vbox (badness 10000) has occurred while \output is active []



[93]
Underfull \vbox (badness 10000) has occurred while \output is active []



[94]
Underfull \vbox (badness 10000) has occurred while \output is active []



[95]
Underfull \vbox (badness 10000) has occurred while \output is active []



[96]
Underfull \vbox (badness 10000) has occurred while \output is active []



[97]
Underfull \vbox (badness 10000) has occurred while \output is active []



[98]
Underfull \vbox (badness 10000) has occurred while \output is active []



[99]

[100]

Package hyperref Warning: Token not allowed in a PDF string (Unicode):
(hyperref)                \hskip 10.95pt
(hyperref)                replaced by space on input line 1285.


Underfull \vbox (badness 10000) has occurred while \output is active []



[101


]
Underfull \vbox (badness 10000) has occurred while \output is active []



[102]
Underfull \vbox (badness 10000) has occurred while \output is active []



[103]
Underfull \vbox (badness 10000) has occurred while \output is active []



[104]
Underfull \vbox (badness 10000) has occurred while \output is active []



[105]
Underfull \vbox (badness 10000) has occurred while \output is active []



[106]
Underfull \vbox (badness 10000) has occurred while \output is active []



[107]
Underfull \vbox (badness 10000) has occurred while \output is active []



[108]
Underfull \vbox (badness 10000) has occurred while \output is active []



[109]
Underfull \vbox (badness 10000) has occurred while \output is active []



[110]
Underfull \vbox (badness 10000) has occurred while \output is active []



[111]

[112]

Package hyperref Warning: Token not allowed in a PDF string (Unicode):
(hyperref)                \hskip 10.95pt
(hyperref)                replaced by space on input line 1349.


Underfull \vbox (badness 10000) has occurred while \output is active []



[113


]
Underfull \vbox (badness 10000) has occurred while \output is active []



[114]
Underfull \vbox (badness 10000) has occurred while \output is active []



[115]
Underfull \vbox (badness 10000) has occurred while \output is active []



[116]

[117]

[118

]

Package hyperref Warning: Token not allowed in a PDF string (Unicode):
(hyperref)                \hskip 10.95pt
(hyperref)                replaced by space on input line 1429.


Underfull \vbox (badness 10000) has occurred while \output is active []



[119



]
Underfull \vbox (badness 10000) has occurred while \output is active []



[120]
Underfull \vbox (badness 10000) has occurred while \output is active []



[121]
Underfull \vbox (badness 10000) has occurred while \output is active []



[122]

[123]

Package hyperref Warning: Token not allowed in a PDF string (Unicode):
(hyperref)                \hskip 10.95pt
(hyperref)                replaced by space on input line 1499.


Underfull \vbox (badness 10000) has occurred while \output is active []



[124


]
Underfull \vbox (badness 10000) has occurred while \output is active []



[125]
Underfull \vbox (badness 10000) has occurred while \output is active []



[126]
Underfull \vbox (badness 10000) has occurred while \output is active []



[127]
Underfull \vbox (badness 10000) has occurred while \output is active []



[128]
Underfull \vbox (badness 10000) has occurred while \output is active []



[129]
Underfull \vbox (badness 10000) has occurred while \output is active []



[130]
Underfull \vbox (badness 10000) has occurred while \output is active []



[131]

[132]

Package hyperref Warning: Token not allowed in a PDF string (Unicode):
(hyperref)                \hskip 10.95pt
(hyperref)                replaced by space on input line 1583.


Underfull \vbox (badness 10000) has occurred while \output is active []



[133


]
Underfull \vbox (badness 10000) has occurred while \output is active []



[134]
Underfull \vbox (badness 10000) has occurred while \output is active []



[135]
Underfull \vbox (badness 10000) has occurred while \output is active []



[136]
Underfull \vbox (badness 10000) has occurred while \output is active []



[137]
Underfull \vbox (badness 10000) has occurred while \output is active []



[138]
Underfull \vbox (badness 10000) has occurred while \output is active []



[139]
Underfull \vbox (badness 10000) has occurred while \output is active []



[140]

[141]

Package hyperref Warning: Token not allowed in a PDF string (Unicode):
(hyperref)                \hskip 10.95pt
(hyperref)                replaced by space on input line 1623.


Underfull \vbox (badness 10000) has occurred while \output is active []



[142


]
Underfull \vbox (badness 10000) has occurred while \output is active []



[143]
Underfull \vbox (badness 10000) has occurred while \output is active []



[144]
Underfull \vbox (badness 10000) has occurred while \output is active []



[145]
Underfull \vbox (badness 10000) has occurred while \output is active []



[146]
Underfull \vbox (badness 10000) has occurred while \output is active []



[147]
Underfull \vbox (badness 10000) has occurred while \output is active []



[148]

[149]

Package hyperref Warning: Token not allowed in a PDF string (Unicode):
(hyperref)                \hskip 10.95pt
(hyperref)                replaced by space on input line 1657.


Underfull \vbox (badness 10000) has occurred while \output is active []



[150


]
Underfull \vbox (badness 10000) has occurred while \output is active []



[151]
Underfull \vbox (badness 10000) has occurred while \output is active []



[152]
Underfull \vbox (badness 10000) has occurred while \output is active []



[153]
Underfull \vbox (badness 10000) has occurred while \output is active []



[154]
Underfull \vbox (badness 10000) has occurred while \output is active []



[155]
Underfull \vbox (badness 10000) has occurred while \output is active []



[156]
Underfull \vbox (badness 10000) has occurred while \output is active []



[157]
Underfull \vbox (badness 10000) has occurred while \output is active []



[158]

[159]

Package hyperref Warning: Token not allowed in a PDF string (Unicode):
(hyperref)                \hskip 10.95pt
(hyperref)                replaced by space on input line 1697.


Underfull \vbox (badness 10000) has occurred while \output is active []



[160


]
Underfull \vbox (badness 10000) has occurred while \output is active []



[161]
Underfull \vbox (badness 10000) has occurred while \output is active []



[162]
Underfull \vbox (badness 10000) has occurred while \output is active []



[163]
Underfull \vbox (badness 10000) has occurred while \output is active []



[164]
Underfull \vbox (badness 10000) has occurred while \output is active []



[165]
Underfull \vbox (badness 10000) has occurred while \output is active []



[166]
Underfull \vbox (badness 10000) has occurred while \output is active []



[167]
Underfull \vbox (badness 10000) has occurred while \output is active []



[168]
Underfull \vbox (badness 10000) has occurred while \output is active []



[169]

[170]

Package hyperref Warning: Token not allowed in a PDF string (Unicode):
(hyperref)                \hskip 10.95pt
(hyperref)                replaced by space on input line 1761.


Underfull \vbox (badness 10000) has occurred while \output is active []



[171


]
Underfull \vbox (badness 10000) has occurred while \output is active []



[172]
Underfull \vbox (badness 10000) has occurred while \output is active []



[173]
Underfull \vbox (badness 10000) has occurred while \output is active []



[174]

[175]

Package hyperref Warning: Token not allowed in a PDF string (Unicode):
(hyperref)                \hskip 10.95pt
(hyperref)                replaced by space on input line 1779.


Underfull \vbox (badness 10000) has occurred while \output is active []



[176


]
Underfull \vbox (badness 10000) has occurred while \output is active []



[177]
Underfull \vbox (badness 10000) has occurred while \output is active []



[178]
Underfull \vbox (badness 10000) has occurred while \output is active []



[179]
Underfull \vbox (badness 10000) has occurred while \output is active []



[180]

[181]

Package hyperref Warning: Token not allowed in a PDF string (Unicode):
(hyperref)                \hskip 10.95pt
(hyperref)                replaced by space on input line 1803.


Underfull \vbox (badness 10000) has occurred while \output is active []



[182


]
Underfull \vbox (badness 10000) has occurred while \output is active []



[183]
Underfull \vbox (badness 10000) has occurred while \output is active []



[184]
Underfull \vbox (badness 10000) has occurred while \output is active []



[185]
Underfull \vbox (badness 10000) has occurred while \output is active []



[186]
Underfull \vbox (badness 10000) has occurred while \output is active []



[187]

[188]

Package hyperref Warning: Token not allowed in a PDF string (Unicode):
(hyperref)                \hskip 10.95pt
(hyperref)                replaced by space on input line 1837.


Underfull \vbox (badness 10000) has occurred while \output is active []



[189


]
Underfull \vbox (badness 10000) has occurred while \output is active []



[190]
Underfull \vbox (badness 10000) has occurred while \output is active []



[191]
Underfull \vbox (badness 10000) has occurred while \output is active []



[192]
Underfull \vbox (badness 10000) has occurred while \output is active []



[193]
Underfull \vbox (badness 10000) has occurred while \output is active []



[194]
Underfull \vbox (badness 10000) has occurred while \output is active []



[195]
Underfull \vbox (badness 10000) has occurred while \output is active []



[196]
Underfull \vbox (badness 10000) has occurred while \output is active []



[197]
Underfull \vbox (badness 10000) has occurred while \output is active []



[198]
Underfull \vbox (badness 10000) has occurred while \output is active []



[199]
Underfull \vbox (badness 10000) has occurred while \output is active []



[200]
Underfull \vbox (badness 10000) has occurred while \output is active []



[201]
Underfull \vbox (badness 10000) has occurred while \output is active []



[202]
Underfull \vbox (badness 10000) has occurred while \output is active []



[203]
Underfull \vbox (badness 10000) has occurred while \output is active []



[204]
Underfull \vbox (badness 10000) has occurred while \output is active []



[205]

[206]

Package hyperref Warning: Token not allowed in a PDF string (Unicode):
(hyperref)                \hskip 10.95pt
(hyperref)                replaced by space on input line 1953.


Underfull \vbox (badness 10000) has occurred while \output is active []



[207


]
Underfull \vbox (badness 10000) has occurred while \output is active []



[208]
Underfull \vbox (badness 10000) has occurred while \output is active []



[209]
Underfull \vbox (badness 10000) has occurred while \output is active []



[210]
Underfull \vbox (badness 10000) has occurred while \output is active []



[211]
Underfull \vbox (badness 10000) has occurred while \output is active []



[212]
Underfull \vbox (badness 10000) has occurred while \output is active []



[213]
Underfull \vbox (badness 10000) has occurred while \output is active []



[214]
Underfull \vbox (badness 10000) has occurred while \output is active []



[215]
Underfull \vbox (badness 10000) has occurred while \output is active []



[216]
Underfull \vbox (badness 10000) has occurred while \output is active []



[217]
Underfull \vbox (badness 10000) has occurred while \output is active []



[218]

[219]

Package hyperref Warning: Token not allowed in a PDF string (Unicode):
(hyperref)                \hskip 10.95pt
(hyperref)                replaced by space on input line 2027.


Underfull \vbox (badness 10000) has occurred while \output is active []



[220


]
Underfull \vbox (badness 10000) has occurred while \output is active []



[221]
Underfull \vbox (badness 10000) has occurred while \output is active []



[222]
Underfull \vbox (badness 10000) has occurred while \output is active []



[223]
Underfull \vbox (badness 10000) has occurred while \output is active []



[224]
Underfull \vbox (badness 10000) has occurred while \output is active []



[225]
Underfull \vbox (badness 10000) has occurred while \output is active []



[226]

[227]

Package hyperref Warning: Token not allowed in a PDF string (Unicode):
(hyperref)                \hskip 10.95pt
(hyperref)                replaced by space on input line 2093.


Underfull \vbox (badness 10000) has occurred while \output is active []



[228


]
Underfull \vbox (badness 10000) has occurred while \output is active []



[229]
Underfull \vbox (badness 10000) has occurred while \output is active []



[230]
Underfull \vbox (badness 10000) has occurred while \output is active []



[231]
Underfull \vbox (badness 10000) has occurred while \output is active []



[232]
Underfull \vbox (badness 10000) has occurred while \output is active []



[233]
Underfull \vbox (badness 10000) has occurred while \output is active []



[234]
Underfull \vbox (badness 10000) has occurred while \output is active []



[235]
Underfull \vbox (badness 10000) has occurred while \output is active []



[236]

[237]

Package hyperref Warning: Token not allowed in a PDF string (Unicode):
(hyperref)                \hskip 10.95pt
(hyperref)                replaced by space on input line 2129.


Underfull \vbox (badness 10000) has occurred while \output is active []



[238


]
Underfull \vbox (badness 10000) has occurred while \output is active []



[239]
Underfull \vbox (badness 10000) has occurred while \output is active []



[240]
Underfull \vbox (badness 10000) has occurred while \output is active []



[241]
Underfull \vbox (badness 10000) has occurred while \output is active []



[242]
Underfull \vbox (badness 10000) has occurred while \output is active []



[243]
Underfull \vbox (badness 10000) has occurred while \output is active []



[244]
Underfull \vbox (badness 10000) has occurred while \output is active []



[245]
Underfull \vbox (badness 10000) has occurred while \output is active []



[246]
Underfull \vbox (badness 10000) has occurred while \output is active []



[247]
Underfull \vbox (badness 10000) has occurred while \output is active []



[248]
Underfull \vbox (badness 10000) has occurred while \output is active []



[249]
Underfull \vbox (badness 10000) has occurred while \output is active []



[250]

[251]

Package hyperref Warning: Token not allowed in a PDF string (Unicode):
(hyperref)                \hskip 10.95pt
(hyperref)                replaced by space on input line 2213.


Underfull \vbox (badness 10000) has occurred while \output is active []



[252


]
Underfull \vbox (badness 10000) has occurred while \output is active []



[253]
Underfull \vbox (badness 10000) has occurred while \output is active []



[254]
Underfull \vbox (badness 10000) has occurred while \output is active []



[255]
Underfull \vbox (badness 10000) has occurred while \output is active []



[256]
Underfull \vbox (badness 10000) has occurred while \output is active []



[257]
Underfull \vbox (badness 10000) has occurred while \output is active []



[258]
Underfull \vbox (badness 10000) has occurred while \output is active []



[259]
Underfull \vbox (badness 10000) has occurred while \output is active []



[260]

[261]

[262

]

Package hyperref Warning: Token not allowed in a PDF string (Unicode):
(hyperref)                \hskip 10.95pt
(hyperref)                replaced by space on input line 2287.


Underfull \vbox (badness 10000) has occurred while \output is active []



[263



]
Underfull \vbox (badness 10000) has occurred while \output is active []



[264]
Underfull \vbox (badness 10000) has occurred while \output is active []



[265]
Underfull \vbox (badness 10000) has occurred while \output is active []



[266]

[267]

Package hyperref Warning: Token not allowed in a PDF string (Unicode):
(hyperref)                \hskip 10.95pt
(hyperref)                replaced by space on input line 2333.


Underfull \vbox (badness 10000) has occurred while \output is active []



[268


]
Underfull \vbox (badness 10000) has occurred while \output is active []



[269]
Underfull \vbox (badness 10000) has occurred while \output is active []



[270]
Underfull \vbox (badness 10000) has occurred while \output is active []



[271]
Underfull \vbox (badness 10000) has occurred while \output is active []



[272]
Underfull \vbox (badness 10000) has occurred while \output is active []



[273]
Underfull \vbox (badness 10000) has occurred while \output is active []



[274]
Underfull \vbox (badness 10000) has occurred while \output is active []



[275]
Underfull \vbox (badness 10000) has occurred while \output is active []



[276]

[277]

Package hyperref Warning: Token not allowed in a PDF string (Unicode):
(hyperref)                \hskip 10.95pt
(hyperref)                replaced by space on input line 2413.


Underfull \vbox (badness 10000) has occurred while \output is active []



[278


]
Underfull \vbox (badness 10000) has occurred while \output is active []



[279]
Underfull \vbox (badness 10000) has occurred while \output is active []



[280]
Underfull \vbox (badness 10000) has occurred while \output is active []



[281]
Underfull \vbox (badness 10000) has occurred while \output is active []



[282]
Underfull \vbox (badness 10000) has occurred while \output is active []



[283]
Underfull \vbox (badness 10000) has occurred while \output is active []



[284]
Underfull \vbox (badness 10000) has occurred while \output is active []



[285]
Underfull \vbox (badness 10000) has occurred while \output is active []



[286]
Underfull \vbox (badness 10000) has occurred while \output is active []



[287]

[288]

Package hyperref Warning: Token not allowed in a PDF string (Unicode):
(hyperref)                \hskip 10.95pt
(hyperref)                replaced by space on input line 2463.


Underfull \vbox (badness 10000) has occurred while \output is active []



[289


]
Underfull \vbox (badness 10000) has occurred while \output is active []



[290]
Underfull \vbox (badness 10000) has occurred while \output is active []



[291]
Underfull \vbox (badness 10000) has occurred while \output is active []



[292]
Underfull \vbox (badness 10000) has occurred while \output is active []



[293]
Underfull \vbox (badness 10000) has occurred while \output is active []



[294]

[295]

Package hyperref Warning: Token not allowed in a PDF string (Unicode):
(hyperref)                \hskip 10.95pt
(hyperref)                replaced by space on input line 2507.


Underfull \vbox (badness 10000) has occurred while \output is active []



[296


]
Underfull \vbox (badness 10000) has occurred while \output is active []



[297]
Underfull \vbox (badness 10000) has occurred while \output is active []



[298]
Underfull \vbox (badness 10000) has occurred while \output is active []



[299]
Underfull \vbox (badness 10000) has occurred while \output is active []



[300]
Underfull \vbox (badness 10000) has occurred while \output is active []



[301]
Underfull \vbox (badness 10000) has occurred while \output is active []



[302]
Underfull \vbox (badness 10000) has occurred while \output is active []



[303]
Underfull \vbox (badness 10000) has occurred while \output is active []



[304]
Underfull \vbox (badness 10000) has occurred while \output is active []



[305]
Underfull \vbox (badness 10000) has occurred while \output is active []



[306]
Underfull \vbox (badness 10000) has occurred while \output is active []



[307]

[308]

Package hyperref Warning: Token not allowed in a PDF string (Unicode):
(hyperref)                \hskip 10.95pt
(hyperref)                replaced by space on input line 2535.


Underfull \vbox (badness 10000) has occurred while \output is active []



[309


]
Underfull \vbox (badness 10000) has occurred while \output is active []



[310]
Underfull \vbox (badness 10000) has occurred while \output is active []



[311]
Underfull \vbox (badness 10000) has occurred while \output is active []



[312]
Underfull \vbox (badness 10000) has occurred while \output is active []



[313]
Underfull \vbox (badness 10000) has occurred while \output is active []



[314]

[315]

Package hyperref Warning: Token not allowed in a PDF string (Unicode):
(hyperref)                \hskip 10.95pt
(hyperref)                replaced by space on input line 2609.


Underfull \vbox (badness 10000) has occurred while \output is active []



[316


]
Underfull \vbox (badness 10000) has occurred while \output is active []



[317]
Underfull \vbox (badness 10000) has occurred while \output is active []



[318]
Underfull \vbox (badness 10000) has occurred while \output is active []



[319]
Underfull \vbox (badness 10000) has occurred while \output is active []



[320]
Underfull \vbox (badness 10000) has occurred while \output is active []



[321]
Underfull \vbox (badness 10000) has occurred while \output is active []



[322]
Underfull \vbox (badness 10000) has occurred while \output is active []



[323]
Underfull \vbox (badness 10000) has occurred while \output is active []



[324]
Underfull \vbox (badness 10000) has occurred while \output is active []



[325]
Underfull \vbox (badness 10000) has occurred while \output is active []



[326]
Underfull \vbox (badness 10000) has occurred while \output is active []



[327]

[328]

Package hyperref Warning: Token not allowed in a PDF string (Unicode):
(hyperref)                \hskip 10.95pt
(hyperref)                replaced by space on input line 2653.


Underfull \vbox (badness 10000) has occurred while \output is active []



[329


]

[330]

Package hyperref Warning: Token not allowed in a PDF string (Unicode):
(hyperref)                \hskip 10.95pt
(hyperref)                replaced by space on input line 2661.


Underfull \vbox (badness 10000) has occurred while \output is active []



[331


]
Underfull \vbox (badness 10000) has occurred while \output is active []



[332]
Underfull \vbox (badness 10000) has occurred while \output is active []



[333]
Underfull \vbox (badness 10000) has occurred while \output is active []



[334]
Underfull \vbox (badness 10000) has occurred while \output is active []



[335]
Underfull \vbox (badness 10000) has occurred while \output is active []



[336]
Underfull \vbox (badness 10000) has occurred while \output is active []



[337]
Underfull \vbox (badness 10000) has occurred while \output is active []



[338]
Underfull \vbox (badness 10000) has occurred while \output is active []



[339]

[340]

Package hyperref Warning: Token not allowed in a PDF string (Unicode):
(hyperref)                \hskip 10.95pt
(hyperref)                replaced by space on input line 2689.


Underfull \vbox (badness 10000) has occurred while \output is active []



[341


]
Underfull \vbox (badness 10000) has occurred while \output is active []



[342]
Underfull \vbox (badness 10000) has occurred while \output is active []



[343]
Underfull \vbox (badness 10000) has occurred while \output is active []



[344]
Underfull \vbox (badness 10000) has occurred while \output is active []



[345]
Underfull \vbox (badness 10000) has occurred while \output is active []



[346]

[347]

Package hyperref Warning: Token not allowed in a PDF string (Unicode):
(hyperref)                \hskip 10.95pt
(hyperref)                replaced by space on input line 2709.


Underfull \vbox (badness 10000) has occurred while \output is active []



[348


]
Underfull \vbox (badness 10000) has occurred while \output is active []



[349]
Underfull \vbox (badness 10000) has occurred while \output is active []



[350]
Underfull \vbox (badness 10000) has occurred while \output is active []



[351]
Underfull \vbox (badness 10000) has occurred while \output is active []



[352]
Underfull \vbox (badness 10000) has occurred while \output is active []



[353]
Underfull \vbox (badness 10000) has occurred while \output is active []



[354]
Underfull \vbox (badness 10000) has occurred while \output is active []



[355]
Underfull \vbox (badness 10000) has occurred while \output is active []



[356]
Underfull \vbox (badness 10000) has occurred while \output is active []



[357]
Underfull \vbox (badness 10000) has occurred while \output is active []



[358]
Underfull \vbox (badness 10000) has occurred while \output is active []



[359]
Underfull \vbox (badness 10000) has occurred while \output is active []



[360]
Underfull \vbox (badness 10000) has occurred while \output is active []



[361]
Underfull \vbox (badness 10000) has occurred while \output is active []



[362]
Underfull \vbox (badness 10000) has occurred while \output is active []



[363]
Underfull \vbox (badness 10000) has occurred while \output is active []



[364]
Underfull \vbox (badness 10000) has occurred while \output is active []



[365]
Underfull \vbox (badness 10000) has occurred while \output is active []



[366]
Underfull \vbox (badness 10000) has occurred while \output is active []



[367]
Underfull \vbox (badness 10000) has occurred while \output is active []



[368]
Underfull \vbox (badness 10000) has occurred while \output is active []



[369]
Underfull \vbox (badness 10000) has occurred while \output is active []



[370]
Underfull \vbox (badness 10000) has occurred while \output is active []



[371]
Underfull \vbox (badness 10000) has occurred while \output is active []



[372]
Underfull \vbox (badness 10000) has occurred while \output is active []



[373]
Underfull \vbox (badness 10000) has occurred while \output is active []



[374]
Underfull \vbox (badness 10000) has occurred while \output is active []



[375]
Underfull \vbox (badness 10000) has occurred while \output is active []



[376]
Underfull \vbox (badness 10000) has occurred while \output is active []



[377]
Underfull \vbox (badness 10000) has occurred while \output is active []



[378]
Underfull \vbox (badness 10000) has occurred while \output is active []



[379]
Underfull \vbox (badness 10000) has occurred while \output is active []



[380]
Underfull \vbox (badness 10000) has occurred while \output is active []



[381]
Underfull \vbox (badness 10000) has occurred while \output is active []



[382]
Underfull \vbox (badness 10000) has occurred while \output is active []



[383]
Underfull \vbox (badness 10000) has occurred while \output is active []



[384]
Underfull \vbox (badness 10000) has occurred while \output is active []



[385]
Underfull \vbox (badness 10000) has occurred while \output is active []



[386]
Underfull \vbox (badness 10000) has occurred while \output is active []



[387]
Underfull \vbox (badness 10000) has occurred while \output is active []



[388]
Underfull \vbox (badness 10000) has occurred while \output is active []



[389]
Underfull \vbox (badness 10000) has occurred while \output is active []



[390]
Underfull \vbox (badness 10000) has occurred while \output is active []



[391]
Underfull \vbox (badness 10000) has occurred while \output is active []



[392]
Underfull \vbox (badness 10000) has occurred while \output is active []



[393]
Underfull \vbox (badness 10000) has occurred while \output is active []



[394]
Underfull \vbox (badness 10000) has occurred while \output is active []



[395]
Underfull \vbox (badness 10000) has occurred while \output is active []



[396]
Underfull \vbox (badness 10000) has occurred while \output is active []



[397]
Underfull \vbox (badness 10000) has occurred while \output is active []



[398]
Underfull \vbox (badness 10000) has occurred while \output is active []



[399]
Underfull \vbox (badness 10000) has occurred while \output is active []



[400]
Underfull \vbox (badness 10000) has occurred while \output is active []



[401]
Underfull \vbox (badness 10000) has occurred while \output is active []



[402]
Underfull \vbox (badness 10000) has occurred while \output is active []



[403]
Underfull \vbox (badness 10000) has occurred while \output is active []



[404]
Underfull \vbox (badness 10000) has occurred while \output is active []



[405]
Underfull \vbox (badness 10000) has occurred while \output is active []



[406]
Underfull \vbox (badness 10000) has occurred while \output is active []



[407]
Underfull \vbox (badness 10000) has occurred while \output is active []



[408]

[409]

Package hyperref Warning: Token not allowed in a PDF string (Unicode):
(hyperref)                \hskip 10.95pt
(hyperref)                replaced by space on input line 2941.


Underfull \vbox (badness 10000) has occurred while \output is active []



[410


]
Underfull \vbox (badness 10000) has occurred while \output is active []



[411]
Underfull \vbox (badness 10000) has occurred while \output is active []



[412]
Underfull \vbox (badness 10000) has occurred while \output is active []



[413]
Underfull \vbox (badness 10000) has occurred while \output is active []



[414]
Underfull \vbox (badness 10000) has occurred while \output is active []



[415]
Underfull \vbox (badness 10000) has occurred while \output is active []



[416]
Underfull \vbox (badness 10000) has occurred while \output is active []



[417]
Underfull \vbox (badness 10000) has occurred while \output is active []



[418]
Underfull \vbox (badness 10000) has occurred while \output is active []



[419]
Underfull \vbox (badness 10000) has occurred while \output is active []



[420]
Underfull \vbox (badness 10000) has occurred while \output is active []



[421]

[422]

[423

]

Package hyperref Warning: Token not allowed in a PDF string (Unicode):
(hyperref)                \hskip 10.95pt
(hyperref)                replaced by space on input line 2981.


Underfull \vbox (badness 10000) has occurred while \output is active []



[424



]
Underfull \vbox (badness 10000) has occurred while \output is active []



[425]
Underfull \vbox (badness 10000) has occurred while \output is active []



[426]
Underfull \vbox (badness 10000) has occurred while \output is active []



[427]
Underfull \vbox (badness 10000) has occurred while \output is active []



[428]
Underfull \vbox (badness 10000) has occurred while \output is active []



[429]
Underfull \vbox (badness 10000) has occurred while \output is active []



[430]
Underfull \vbox (badness 10000) has occurred while \output is active []



[431]
Underfull \vbox (badness 10000) has occurred while \output is active []



[432]
Underfull \vbox (badness 10000) has occurred while \output is active []



[433]
Underfull \vbox (badness 10000) has occurred while \output is active []



[434]
Underfull \vbox (badness 10000) has occurred while \output is active []



[435]
Underfull \vbox (badness 10000) has occurred while \output is active []



[436]
Underfull \vbox (badness 10000) has occurred while \output is active []



[437]
Underfull \vbox (badness 10000) has occurred while \output is active []



[438]
Underfull \vbox (badness 10000) has occurred while \output is active []



[439]
Underfull \vbox (badness 10000) has occurred while \output is active []



[440]
Underfull \vbox (badness 10000) has occurred while \output is active []



[441]
Underfull \vbox (badness 10000) has occurred while \output is active []



[442]
Underfull \vbox (badness 10000) has occurred while \output is active []



[443]
Underfull \vbox (badness 10000) has occurred while \output is active []



[444]

[445]

Package hyperref Warning: Token not allowed in a PDF string (Unicode):
(hyperref)                \hskip 10.95pt
(hyperref)                replaced by space on input line 3125.


Underfull \vbox (badness 10000) has occurred while \output is active []



[446


]
Underfull \vbox (badness 10000) has occurred while \output is active []



[447]
Underfull \vbox (badness 10000) has occurred while \output is active []



[448]
Underfull \vbox (badness 10000) has occurred while \output is active []



[449]
Underfull \vbox (badness 10000) has occurred while \output is active []



[450]
Underfull \vbox (badness 10000) has occurred while \output is active []



[451]
Underfull \vbox (badness 10000) has occurred while \output is active []



[452]
Underfull \vbox (badness 10000) has occurred while \output is active []



[453]
Underfull \vbox (badness 10000) has occurred while \output is active []



[454]
Underfull \vbox (badness 10000) has occurred while \output is active []



[455]
Underfull \vbox (badness 10000) has occurred while \output is active []



[456]
Underfull \vbox (badness 10000) has occurred while \output is active []



[457]
Underfull \vbox (badness 10000) has occurred while \output is active []



[458]
Underfull \vbox (badness 10000) has occurred while \output is active []



[459]
Underfull \vbox (badness 10000) has occurred while \output is active []



[460]
Underfull \vbox (badness 10000) has occurred while \output is active []



[461]
Underfull \vbox (badness 10000) has occurred while \output is active []



[462]

[463]

Package hyperref Warning: Token not allowed in a PDF string (Unicode):
(hyperref)                \hskip 10.95pt
(hyperref)                replaced by space on input line 3203.


Underfull \vbox (badness 10000) has occurred while \output is active []



[464


]
Underfull \vbox (badness 10000) has occurred while \output is active []



[465]
Underfull \vbox (badness 10000) has occurred while \output is active []



[466]
Underfull \vbox (badness 10000) has occurred while \output is active []



[467]
Underfull \vbox (badness 10000) has occurred while \output is active []



[468]
Underfull \vbox (badness 10000) has occurred while \output is active []



[469]
Underfull \vbox (badness 10000) has occurred while \output is active []



[470]
Underfull \vbox (badness 10000) has occurred while \output is active []



[471]
Underfull \vbox (badness 10000) has occurred while \output is active []



[472]
Underfull \vbox (badness 10000) has occurred while \output is active []



[473]
Underfull \vbox (badness 10000) has occurred while \output is active []



[474]
Underfull \vbox (badness 10000) has occurred while \output is active []



[475]
Underfull \vbox (badness 10000) has occurred while \output is active []



[476]
Underfull \vbox (badness 10000) has occurred while \output is active []



[477]
Underfull \vbox (badness 10000) has occurred while \output is active []



[478]

[479]

Package hyperref Warning: Token not allowed in a PDF string (Unicode):
(hyperref)                \hskip 10.95pt
(hyperref)                replaced by space on input line 3315.


Underfull \vbox (badness 10000) has occurred while \output is active []



[480


]
Underfull \vbox (badness 10000) has occurred while \output is active []



[481]
Underfull \vbox (badness 10000) has occurred while \output is active []



[482]
Underfull \vbox (badness 10000) has occurred while \output is active []



[483]
Underfull \vbox (badness 10000) has occurred while \output is active []



[484]
Underfull \vbox (badness 10000) has occurred while \output is active []



[485]
Underfull \vbox (badness 10000) has occurred while \output is active []



[486]
Underfull \vbox (badness 10000) has occurred while \output is active []



[487]

[488]
Underfull \vbox (badness 10000) has occurred while \output is active []



[489


]
Underfull \vbox (badness 10000) has occurred while \output is active []



[490]
Underfull \vbox (badness 10000) has occurred while \output is active []



[491]
Underfull \vbox (badness 10000) has occurred while \output is active []



[492]
Underfull \vbox (badness 10000) has occurred while \output is active []



[493]
Underfull \vbox (badness 10000) has occurred while \output is active []



[494]
Underfull \vbox (badness 10000) has occurred while \output is active []



[495]

[496] (./Leviathan.aux)
 ***********
LaTeX2e <2024-11-01> patch level 2
L3 programming layer <2025-01-18>
 ***********
Package rerunfilecheck Info: File `Leviathan.out' has not changed.
(rerunfilecheck)             Checksum: F85EEBDE81F7A4A347805088FB3FF3F0;16892.
 ) 
Here is how much of TeX's memory you used:
 13047 strings out of 473190
 214643 string characters out of 5715800
 639699 words of memory out of 5000000
 35229 multiletter control sequences out of 15000+600000
 662530 words of font info for 277 fonts, out of 8000000 for 9000
 1141 hyphenation exceptions out of 8191
 75i,13n,79p,8508b,533s stack positions out of 10000i,1000n,20000p,200000b,200000s
</usr/local/texlive/2025/texmf-dist/fonts/type1/public/libertine/LinBiolinumT
.pfb></usr/local/texlive/2025/texmf-dist/fonts/type1/public/libertine/LinBiolin
umTB.pfb></usr/local/texlive/2025/texmf-dist/fonts/type1/public/libertine/LinBi
olinumTI.pfb></usr/local/texlive/2025/texmf-dist/fonts/type1/public/libertine/L
inLibertineT.pfb></usr/local/texlive/2025/texmf-dist/fonts/type1/public/liberti
ne/LinLibertineTB.pfb></usr/local/texlive/2025/texmf-dist/fonts/type1/public/li
bertine/LinLibertineTI.pfb>
Output written on Leviathan.pdf (502 pages, 1681586 bytes).
PDF statistics:
 2636 PDF objects out of 2984 (max. 8388607)
 2098 compressed objects within 21 object streams
 609 named destinations out of 1000 (max. 500000)
 55737 words of extra memory for PDF output out of 61914 (max. 10000000)

