\BOOKMARK [0][-]{chapter*.2}{\376\377\000N\000o\000t\000e\000\040\000o\000n\000\040\000T\000h\000i\000s\000\040\000E\000d\000i\000t\000i\000o\000n}{}% 1
\BOOKMARK [0][-]{chapter*.5}{\376\377\004\027\004\060\004\077\004\070\004\101\004\114\000\040\0001\000-\004\060\004\117}{}% 2
\BOOKMARK [0][-]{chapter*.7}{\376\377\004\027\004\060\004\077\004\070\004\101\004\114\000\040\0002\000-\004\060\004\117}{}% 3
\BOOKMARK [0][-]{chapter*.9}{\376\377\004\027\004\060\004\077\004\070\004\101\004\114\000\040\0003\000-\004\117}{}% 4
\BOOKMARK [0][-]{chapter*.11}{\376\377\004\027\004\060\004\077\004\070\004\101\004\114\000\040\0004\000-\004\117}{}% 5
\BOOKMARK [0][-]{chapter*.13}{\376\377\004\027\004\060\004\077\004\070\004\101\004\114\000\040\0005\000-\004\117}{}% 6
\BOOKMARK [0][-]{chapter*.15}{\376\377\004\027\004\060\004\077\004\070\004\101\004\114\000\040\0006\000-\004\117}{}% 7
\BOOKMARK [0][-]{chapter*.17}{\376\377\004\027\004\060\004\077\004\070\004\101\004\114\000\040\0007\000-\004\117}{}% 8
\BOOKMARK [0][-]{chapter*.19}{\376\377\004\027\004\060\004\077\004\070\004\101\004\114\000\040\0008\000-\004\117}{}% 9
\BOOKMARK [0][-]{chapter*.21}{\376\377\004\027\004\060\004\077\004\070\004\101\004\114\000\040\0009\000-\004\117}{}% 10
\BOOKMARK [0][-]{chapter*.23}{\376\377\004\027\004\060\004\077\004\070\004\101\004\114\000\040\0001\0000\000-\004\117}{}% 11
\BOOKMARK [0][-]{chapter*.25}{\376\377\004\027\004\060\004\077\004\070\004\101\004\114\000\040\0001\0001\000-\004\117}{}% 12
\BOOKMARK [0][-]{chapter*.27}{\376\377\004\027\004\060\004\077\004\070\004\101\004\114\000\040\0001\0002\000-\004\117}{}% 13
\BOOKMARK [0][-]{chapter*.29}{\376\377\004\027\004\060\004\077\004\070\004\101\004\114\000\040\0001\0003\000-\004\117}{}% 14
\BOOKMARK [0][-]{chapter*.31}{\376\377\004\027\004\060\004\077\004\070\004\101\004\114\000\040\0001\0004\000-\004\117}{}% 15
\BOOKMARK [0][-]{chapter*.33}{\376\377\004\027\004\060\004\077\004\070\004\101\004\114\000\040\0001\0005\000-\004\117}{}% 16
\BOOKMARK [0][-]{chapter*.35}{\376\377\004\027\004\060\004\077\004\070\004\101\004\114\000\040\0001\0006\000-\004\117}{}% 17
\BOOKMARK [0][-]{chapter*.37}{\376\377\004\027\004\060\004\077\004\070\004\101\004\114\000\040\0001\0007\000-\004\117}{}% 18
\BOOKMARK [0][-]{chapter*.39}{\376\377\004\027\004\060\004\077\004\070\004\101\004\114\000\040\0001\0008\000-\004\117}{}% 19
\BOOKMARK [0][-]{chapter*.41}{\376\377\004\027\004\060\004\077\004\070\004\101\004\114\000\040\0001\0009\000-\004\117}{}% 20
\BOOKMARK [0][-]{chapter*.43}{\376\377\004\027\004\060\004\077\004\070\004\101\004\114\000\040\0002\0000\000-\004\117}{}% 21
\BOOKMARK [0][-]{chapter*.45}{\376\377\004\027\004\060\004\077\004\070\004\101\004\114\000\040\0002\0001\000-\004\117}{}% 22
\BOOKMARK [0][-]{chapter*.47}{\376\377\004\027\004\060\004\077\004\070\004\101\004\114\000\040\0002\0002\000-\004\117}{}% 23
\BOOKMARK [0][-]{chapter*.49}{\376\377\004\027\004\060\004\077\004\070\004\101\004\114\000\040\0002\0003\000-\004\114\004\117}{}% 24
\BOOKMARK [0][-]{chapter*.51}{\376\377\004\027\004\060\004\077\004\070\004\101\004\114\000\040\0002\0004\000-\004\060\004\117}{}% 25
\BOOKMARK [0][-]{chapter*.53}{\376\377\004\027\004\060\004\077\004\070\004\101\004\114\000\040\0002\0005\000-\004\060\004\117}{}% 26
\BOOKMARK [0][-]{chapter*.55}{\376\377\004\027\004\060\004\077\004\070\004\101\004\114\000\040\0002\0006\000-\004\060\004\117}{}% 27
\BOOKMARK [0][-]{chapter*.57}{\376\377\004\027\004\060\004\077\004\070\004\101\004\114\000\040\0002\0007\000-\004\060\004\117}{}% 28
\BOOKMARK [0][-]{chapter*.59}{\376\377\004\027\004\060\004\077\004\070\004\101\004\114\000\040\0002\0008\000-\004\060\004\117}{}% 29
\BOOKMARK [0][-]{chapter*.61}{\376\377\004\027\004\060\004\077\004\070\004\101\004\114\000\040\0002\0009\000-\004\060\004\117}{}% 30
\BOOKMARK [0][-]{chapter*.63}{\376\377\004\027\004\060\004\077\004\070\004\101\004\114\000\040\0003\0000\000-\004\060\004\117}{}% 31
\BOOKMARK [0][-]{chapter*.65}{\376\377\004\027\004\060\004\077\004\070\004\101\004\114\000\040\0003\0001\000-\004\060\004\117}{}% 32
\BOOKMARK [0][-]{chapter*.67}{\376\377\004\027\004\060\004\077\004\070\004\101\004\114\000\040\0003\0002\000-\004\060\004\117}{}% 33
\BOOKMARK [0][-]{chapter*.69}{\376\377\004\027\004\060\004\077\004\070\004\101\004\114\000\040\0003\0003\000-\004\114\004\117}{}% 34
\BOOKMARK [0][-]{chapter*.71}{\376\377\004\027\004\060\004\077\004\070\004\101\004\114\000\040\0003\0004\000-\004\060\004\117}{}% 35
\BOOKMARK [0][-]{chapter*.73}{\376\377\004\027\004\060\004\077\004\070\004\101\004\114\000\040\0003\0005\000-\004\060\004\117}{}% 36
\BOOKMARK [0][-]{chapter*.75}{\376\377\004\027\004\060\004\077\004\070\004\101\004\114\000\040\0003\0006\000-\004\060\004\117}{}% 37
\BOOKMARK [0][-]{chapter*.77}{\376\377\004\027\004\060\004\077\004\070\004\101\004\114\000\040\0003\0007\000-\004\060\004\117}{}% 38
\BOOKMARK [0][-]{chapter*.79}{\376\377\004\027\004\060\004\077\004\070\004\101\004\114\000\040\0003\0008\000-\004\060\004\117}{}% 39
\BOOKMARK [0][-]{chapter*.81}{\376\377\004\027\004\060\004\077\004\070\004\101\004\114\000\040\0003\0009\000-\004\060\004\117}{}% 40
\BOOKMARK [0][-]{chapter*.83}{\376\377\004\027\004\060\004\077\004\070\004\101\004\114\000\040\0004\0000\000-\004\060\004\117}{}% 41
