\BOOKMARK [0][-]{chapter*.2}{\376\377\000A\000\040\000N\000o\000t\000e\000\040\000o\000n\000\040\000T\000h\000i\000s\000\040\000E\000d\000i\000t\000i\000o\000n}{}% 1
\BOOKMARK [0][-]{chapter*.5}{\376\377\000C\000h\000a\000p\000t\000e\000r\000\040\000I\000\040\000A\000n\000\040\000E\000s\000s\000a\000y\000\040\000C\000o\000n\000c\000e\000r\000n\000i\000n\000g\000\040\000t\000h\000e\000\040\000T\000r\000u\000e\000\040\000O\000r\000i\000g\000i\000n\000a\000l\000,\000\040\000E\000x\000t\000e\000n\000t\000\040\000a\000n\000d\000\040\000E\000n\000d\000\040\000o\000f\000\040\000C\000i\000v\000i\000l\000\040\000G\000o\000v\000e\000r\000n\000m\000e\000n\000t}{}% 2
\BOOKMARK [0][-]{chapter*.7}{\376\377\000C\000h\000a\000p\000t\000e\000r\000\040\000I\000I\000\040\000O\000f\000\040\000t\000h\000e\000\040\000S\000t\000a\000t\000e\000\040\000o\000f\000\040\000N\000a\000t\000u\000r\000e\000.}{}% 3
\BOOKMARK [0][-]{chapter*.9}{\376\377\000C\000h\000a\000p\000t\000e\000r\000\040\000I\000I\000I\000\040\000O\000f\000\040\000t\000h\000e\000\040\000S\000t\000a\000t\000e\000\040\000o\000f\000\040\000W\000a\000r\000.}{}% 4
\BOOKMARK [0][-]{chapter*.11}{\376\377\000C\000h\000a\000p\000t\000e\000r\000\040\000I\000V\000\040\000O\000f\000\040\000S\000l\000a\000v\000e\000r\000y\000.}{}% 5
\BOOKMARK [0][-]{chapter*.13}{\376\377\000C\000h\000a\000p\000t\000e\000r\000\040\000V\000\040\000O\000f\000\040\000P\000r\000o\000p\000e\000r\000t\000y\000.}{}% 6
\BOOKMARK [0][-]{chapter*.15}{\376\377\000C\000h\000a\000p\000t\000e\000r\000\040\000V\000I\000\040\000O\000f\000\040\000P\000a\000t\000e\000r\000n\000a\000l\000\040\000P\000o\000w\000e\000r\000.}{}% 7
\BOOKMARK [0][-]{chapter*.17}{\376\377\000C\000h\000a\000p\000t\000e\000r\000\040\000V\000I\000I\000\040\000O\000f\000\040\000P\000o\000l\000i\000t\000i\000c\000a\000l\000\040\000o\000r\000\040\000C\000i\000v\000i\000l\000\040\000S\000o\000c\000i\000e\000t\000y\000.}{}% 8
\BOOKMARK [0][-]{chapter*.19}{\376\377\000C\000h\000a\000p\000t\000e\000r\000\040\000V\000I\000I\000I\000\040\000O\000f\000\040\000t\000h\000e\000\040\000B\000e\000g\000i\000n\000n\000i\000n\000g\000\040\000o\000f\000\040\000P\000o\000l\000i\000t\000i\000c\000a\000l\000\040\000S\000o\000c\000i\000e\000t\000i\000e\000s\000.}{}% 9
\BOOKMARK [0][-]{chapter*.21}{\376\377\000C\000h\000a\000p\000t\000e\000r\000\040\000I\000X\000\040\000O\000f\000\040\000t\000h\000e\000\040\000E\000n\000d\000s\000\040\000o\000f\000\040\000P\000o\000l\000i\000t\000i\000c\000a\000l\000\040\000S\000o\000c\000i\000e\000t\000y\000\040\000a\000n\000d\000\040\000G\000o\000v\000e\000r\000n\000m\000e\000n\000t\000.}{}% 10
\BOOKMARK [0][-]{chapter*.23}{\376\377\000C\000h\000a\000p\000t\000e\000r\000\040\000X\000\040\000O\000f\000\040\000t\000h\000e\000\040\000F\000o\000r\000m\000s\000\040\000o\000f\000\040\000a\000\040\000C\000o\000m\000m\000o\000n\000-\000W\000e\000a\000l\000t\000h\000.}{}% 11
\BOOKMARK [0][-]{chapter*.25}{\376\377\000C\000h\000a\000p\000t\000e\000r\000\040\000X\000I\000\040\000O\000f\000\040\000t\000h\000e\000\040\000E\000x\000t\000e\000n\000t\000\040\000o\000f\000\040\000t\000h\000e\000\040\000L\000e\000g\000i\000s\000l\000a\000t\000i\000v\000e\000\040\000P\000o\000w\000e\000r\000.}{}% 12
\BOOKMARK [0][-]{chapter*.27}{\376\377\000C\000h\000a\000p\000t\000e\000r\000\040\000X\000I\000I\000\040\000O\000f\000\040\000t\000h\000e\000\040\000L\000e\000g\000i\000s\000l\000a\000t\000i\000v\000e\000,\000\040\000E\000x\000e\000c\000u\000t\000i\000v\000e\000,\000\040\000a\000n\000d\000\040\000F\000e\000d\000e\000r\000a\000t\000i\000v\000e\000\040\000P\000o\000w\000e\000r\000\040\000o\000f\000\040\000t\000h\000e\000\040\000C\000o\000m\000m\000o\000n\000-\000W\000e\000a\000l\000t\000h\000.}{}% 13
\BOOKMARK [0][-]{chapter*.29}{\376\377\000C\000h\000a\000p\000t\000e\000r\000\040\000X\000I\000I\000I\000\040\000O\000f\000\040\000t\000h\000e\000\040\000S\000u\000b\000o\000r\000d\000i\000n\000a\000t\000i\000o\000n\000\040\000o\000f\000\040\000t\000h\000e\000\040\000P\000o\000w\000e\000r\000s\000\040\000o\000f\000\040\000t\000h\000e\000\040\000C\000o\000m\000m\000o\000n\000-\000W\000e\000a\000l\000t\000h\000.}{}% 14
\BOOKMARK [0][-]{chapter*.31}{\376\377\000C\000h\000a\000p\000t\000e\000r\000\040\000X\000I\000V\000\040\000O\000f\000\040\000P\000r\000e\000r\000o\000g\000a\000t\000i\000v\000e\000.}{}% 15
\BOOKMARK [0][-]{chapter*.33}{\376\377\000C\000h\000a\000p\000t\000e\000r\000\040\000X\000V\000\040\000O\000f\000\040\000P\000a\000t\000e\000r\000n\000a\000l\000,\000\040\000P\000o\000l\000i\000t\000i\000c\000a\000l\000,\000\040\000a\000n\000d\000\040\000D\000e\000s\000p\000o\000t\000i\000c\000a\000l\000\040\000P\000o\000w\000e\000r\000,\000\040\000C\000o\000n\000s\000i\000d\000e\000r\000e\000d\000\040\000T\000o\000g\000e\000t\000h\000e\000r\000.}{}% 16
\BOOKMARK [0][-]{chapter*.35}{\376\377\000C\000h\000a\000p\000t\000e\000r\000\040\000X\000V\000I\000\040\000O\000f\000\040\000C\000o\000n\000q\000u\000e\000s\000t\000.}{}% 17
\BOOKMARK [0][-]{chapter*.37}{\376\377\000C\000h\000a\000p\000t\000e\000r\000\040\000X\000V\000I\000I\000\040\000O\000f\000\040\000U\000s\000u\000r\000p\000a\000t\000i\000o\000n\000.}{}% 18
\BOOKMARK [0][-]{chapter*.39}{\376\377\000C\000h\000a\000p\000t\000e\000r\000\040\000X\000V\000I\000I\000I\000\040\000O\000f\000\040\000T\000y\000r\000a\000n\000n\000y\000.}{}% 19
\BOOKMARK [0][-]{chapter*.41}{\376\377\000C\000h\000a\000p\000t\000e\000r\000\040\000X\000I\000X\000\040\000O\000f\000\040\000t\000h\000e\000\040\000D\000i\000s\000s\000o\000l\000u\000t\000i\000o\000n\000\040\000o\000f\000\040\000G\000o\000v\000e\000r\000n\000m\000e\000n\000t\000.}{}% 20
