\BOOKMARK [0][-]{chapter*.2}{\376\377\000A\000\040\000N\000o\000t\000e\000\040\000o\000n\000\040\000T\000h\000i\000s\000\040\000E\000d\000i\000t\000i\000o\000n}{}% 1
\BOOKMARK [0][-]{chapter*.5}{\376\377\000P\000r\000e\000f\000a\000c\000e}{}% 2
\BOOKMARK [0][-]{chapter*.7}{\376\377\000A\000c\000k\000n\000o\000w\000l\000e\000d\000g\000m\000e\000n\000t\000s}{}% 3
\BOOKMARK [-1][-]{section*.8}{\376\377\000P\000a\000r\000t\000\040\000I\000.\000\040\000S\000t\000a\000t\000e\000-\000o\000f\000-\000N\000a\000t\000u\000r\000e\000\040\000T\000h\000e\000o\000r\000y}{}% 4
\BOOKMARK [0][-]{chapter*.10}{\376\377\000C\000h\000a\000p\000t\000e\000r\000\040\0001\000\040\000W\000h\000y\000\040\000S\000t\000a\000t\000e\000-\000o\000f\000-\000N\000a\000t\000u\000r\000e\000\040\000T\000h\000e\000o\000r\000y\000?}{section*.8}% 5
\BOOKMARK [1][-]{section*.11}{\376\377\000N\000o\000t\000e\000s}{chapter*.10}% 6
\BOOKMARK [0][-]{chapter*.13}{\376\377\000C\000h\000a\000p\000t\000e\000r\000\040\0002\000\040\000T\000h\000e\000\040\000S\000t\000a\000t\000e\000\040\000o\000f\000\040\000N\000a\000t\000u\000r\000e}{section*.8}% 7
\BOOKMARK [1][-]{section*.14}{\376\377\000N\000o\000t\000e\000s}{chapter*.13}% 8
\BOOKMARK [0][-]{chapter*.16}{\376\377\000C\000h\000a\000p\000t\000e\000r\000\040\0003\000\040\000M\000o\000r\000a\000l\000\040\000C\000o\000n\000s\000t\000r\000a\000i\000n\000t\000s\000\040\000a\000n\000d\000\040\000t\000h\000e\000\040\000S\000t\000a\000t\000e}{section*.8}% 9
\BOOKMARK [1][-]{section*.17}{\376\377\000N\000o\000t\000e\000s}{chapter*.16}% 10
\BOOKMARK [0][-]{chapter*.19}{\376\377\000C\000h\000a\000p\000t\000e\000r\000\040\0004\000\040\000P\000r\000o\000h\000i\000b\000i\000t\000i\000o\000n\000,\000\040\000C\000o\000m\000p\000e\000n\000s\000a\000t\000i\000o\000n\000,\000\040\000a\000n\000d\000\040\000R\000i\000s\000k}{section*.8}% 11
\BOOKMARK [1][-]{section*.20}{\376\377\000N\000o\000t\000e\000s}{chapter*.19}% 12
\BOOKMARK [0][-]{chapter*.22}{\376\377\000C\000h\000a\000p\000t\000e\000r\000\040\0005\000\040\000T\000h\000e\000\040\000S\000t\000a\000t\000e}{section*.8}% 13
\BOOKMARK [1][-]{section*.23}{\376\377\000N\000o\000t\000e\000s}{chapter*.22}% 14
\BOOKMARK [0][-]{chapter*.25}{\376\377\000C\000h\000a\000p\000t\000e\000r\000\040\0006\000\040\000F\000u\000r\000t\000h\000e\000r\000\040\000C\000o\000n\000s\000i\000d\000e\000r\000a\000t\000i\000o\000n\000s\000\040\000o\000n\000\040\000t\000h\000e\000\040\000A\000r\000g\000u\000m\000e\000n\000t}{section*.8}% 15
\BOOKMARK [1][-]{section*.26}{\376\377\000N\000o\000t\000e\000s}{chapter*.25}% 16
\BOOKMARK [-1][-]{section*.27}{\376\377\000P\000a\000r\000t\000\040\000I\000I\000.\000\040\000B\000e\000y\000o\000n\000d\000\040\000t\000h\000e\000\040\000M\000i\000n\000i\000m\000a\000l\000\040\000S\000t\000a\000t\000e\000?}{}% 17
\BOOKMARK [0][-]{chapter*.29}{\376\377\000C\000h\000a\000p\000t\000e\000r\000\040\0007\000\040\000D\000i\000s\000t\000r\000i\000b\000u\000t\000i\000v\000e\000\040\000J\000u\000s\000t\000i\000c\000e}{section*.27}% 18
\BOOKMARK [1][-]{section*.30}{\376\377\000N\000o\000t\000e\000s}{chapter*.29}% 19
\BOOKMARK [0][-]{chapter*.32}{\376\377\000C\000h\000a\000p\000t\000e\000r\000\040\0008\000\040\000E\000q\000u\000a\000l\000i\000t\000y\000,\000\040\000E\000n\000v\000y\000,\000\040\000E\000x\000p\000l\000o\000i\000t\000a\000t\000i\000o\000n\000,\000\040\000E\000t\000c\000.}{section*.27}% 20
\BOOKMARK [1][-]{section*.33}{\376\377\000N\000o\000t\000e\000s}{chapter*.32}% 21
\BOOKMARK [0][-]{chapter*.35}{\376\377\000C\000h\000a\000p\000t\000e\000r\000\040\0009\000\040\000D\000e\000m\000o\000k\000t\000e\000s\000i\000s}{section*.27}% 22
\BOOKMARK [1][-]{section*.36}{\376\377\000N\000o\000t\000e\000s}{chapter*.35}% 23
\BOOKMARK [-1][-]{section*.37}{\376\377\000P\000a\000r\000t\000\040\000I\000I\000I\000.\000\040\000U\000t\000o\000p\000i\000a}{}% 24
\BOOKMARK [0][-]{chapter*.39}{\376\377\000C\000h\000a\000p\000t\000e\000r\000\040\0001\0000\000\040\000A\000\040\000F\000r\000a\000m\000e\000w\000o\000r\000k\000\040\000f\000o\000r\000\040\000U\000t\000o\000p\000i\000a}{section*.37}% 25
\BOOKMARK [1][-]{section*.40}{\376\377\000N\000o\000t\000e\000s}{chapter*.39}% 26
\BOOKMARK [0][-]{chapter*.42}{\376\377\000N\000o\000t\000e\000s}{section*.37}% 27
\BOOKMARK [1][-]{section*.43}{\376\377\000N\000o\000t\000e\000s}{chapter*.42}% 28
\BOOKMARK [0][-]{chapter*.45}{\376\377\000B\000i\000b\000l\000i\000o\000g\000r\000a\000p\000h\000y}{section*.37}% 29
\BOOKMARK [1][-]{section*.46}{\376\377\000N\000o\000t\000e\000s}{chapter*.45}% 30
