\BOOKMARK [0][-]{chapter*.2}{\376\377\000A\000\040\000N\000o\000t\000e\000\040\000o\000n\000\040\000T\000h\000i\000s\000\040\000E\000d\000i\000t\000i\000o\000n}{}% 1
\BOOKMARK [0][-]{chapter*.5}{\376\377\000P\000r\000e\000f\000a\000c\000e\000,\000\040\0002\0000\0000\0002}{}% 2
\BOOKMARK [0][-]{chapter*.7}{\376\377\000P\000r\000e\000f\000a\000c\000e\000,\000\040\0001\0009\0008\0002}{}% 3
\BOOKMARK [0][-]{chapter*.9}{\376\377\000P\000r\000e\000f\000a\000c\000e}{}% 4
\BOOKMARK [0][-]{chapter*.11}{\376\377\000I\000n\000t\000r\000o\000d\000u\000c\000t\000i\000o\000n}{}% 5
\BOOKMARK [1][-]{section*.12}{\376\377\000N\000o\000t\000e\000s}{chapter*.11}% 6
\BOOKMARK [0][-]{chapter*.14}{\376\377\000C\000h\000a\000p\000t\000e\000r\000\040\000I\000\040\000T\000h\000e\000\040\000R\000e\000l\000a\000t\000i\000o\000n\000\040\000b\000e\000t\000w\000e\000e\000n\000\040\000E\000c\000o\000n\000o\000m\000i\000c\000\040\000F\000r\000e\000e\000d\000o\000m\000\040\000a\000n\000d\000\040\000P\000o\000l\000i\000t\000i\000c\000a\000l\000\040\000F\000r\000e\000e\000d\000o\000m}{}% 7
\BOOKMARK [0][-]{chapter*.16}{\376\377\000C\000h\000a\000p\000t\000e\000r\000\040\000I\000I\000\040\000T\000h\000e\000\040\000R\000o\000l\000e\000\040\000o\000f\000\040\000G\000o\000v\000e\000r\000n\000m\000e\000n\000t\000\040\000i\000n\000\040\000a\000\040\000F\000r\000e\000e\000\040\000S\000o\000c\000i\000e\000t\000y}{}% 8
\BOOKMARK [1][-]{section*.17}{\376\377\000G\000o\000v\000e\000r\000n\000m\000e\000n\000t\000\040\000a\000s\000\040\000R\000u\000l\000e\000-\000M\000a\000k\000e\000r\000\040\000a\000n\000d\000\040\000U\000m\000p\000i\000r\000e}{chapter*.16}% 9
\BOOKMARK [1][-]{section*.18}{\376\377\000A\000c\000t\000i\000o\000n\000\040\000T\000h\000r\000o\000u\000g\000h\000\040\000G\000o\000v\000e\000r\000n\000m\000e\000n\000t\000\040\000o\000n\000\040\000G\000r\000o\000u\000n\000d\000s\000\040\000o\000f}{chapter*.16}% 10
\BOOKMARK [1][-]{section*.19}{\376\377\000T\000e\000c\000h\000n\000i\000c\000a\000l\000\040\000M\000o\000n\000o\000p\000o\000l\000y\000\040\000a\000n\000d\000\040\000N\000e\000i\000g\000h\000b\000o\000r\000h\000o\000o\000d\000\040\000E\000f\000f\000e\000c\000t\000s}{chapter*.16}% 11
\BOOKMARK [1][-]{section*.20}{\376\377\000A\000c\000t\000i\000o\000n\000\040\000T\000h\000r\000o\000u\000g\000h\000\040\000G\000o\000v\000e\000r\000n\000m\000e\000n\000t}{chapter*.16}% 12
\BOOKMARK [1][-]{section*.21}{\376\377\000O\000n\000\040\000P\000a\000t\000e\000r\000n\000a\000l\000i\000s\000t\000i\000c\000\040\000G\000r\000o\000u\000n\000d\000s}{chapter*.16}% 13
\BOOKMARK [1][-]{section*.22}{\376\377\000C\000o\000n\000c\000l\000u\000s\000i\000o\000n}{chapter*.16}% 14
\BOOKMARK [1][-]{section*.23}{\376\377\000N\000o\000t\000e\000s}{chapter*.16}% 15
\BOOKMARK [0][-]{chapter*.25}{\376\377\000C\000h\000a\000p\000t\000e\000r\000\040\000I\000I\000I\000\040\000T\000h\000e\000\040\000C\000o\000n\000t\000r\000o\000l\000\040\000o\000f\000\040\000M\000o\000n\000e\000y}{}% 16
\BOOKMARK [1][-]{section*.26}{\376\377\000A\000\040\000C\000o\000m\000m\000o\000d\000i\000t\000y\000\040\000S\000t\000a\000n\000d\000a\000r\000d}{chapter*.25}% 17
\BOOKMARK [1][-]{section*.27}{\376\377\0001\000\040\000a}{chapter*.25}% 18
\BOOKMARK [1][-]{section*.28}{\376\377\000A\000\040\000D\000i\000s\000c\000r\000e\000t\000i\000o\000n\000a\000r\000y\000\040\000M\000o\000n\000e\000t\000a\000r\000y\000\040\000A\000u\000t\000h\000o\000r\000i\000t\000y}{chapter*.25}% 19
\BOOKMARK [1][-]{section*.29}{\376\377\000R\000u\000l\000e\000s\000\040\000I\000n\000s\000t\000e\000a\000d\000\040\000o\000f\000\040\000A\000u\000t\000h\000o\000r\000i\000t\000i\000e\000s}{chapter*.25}% 20
\BOOKMARK [1][-]{section*.30}{\376\377\0003\000\040\000a}{chapter*.25}% 21
\BOOKMARK [1][-]{section*.31}{\376\377\000N\000o\000t\000e\000s}{chapter*.25}% 22
\BOOKMARK [0][-]{chapter*.33}{\376\377\000C\000h\000a\000p\000t\000e\000r\000\040\000I\000V\000\040\000I\000n\000t\000e\000r\000n\000a\000t\000i\000o\000n\000a\000l\000\040\000F\000i\000n\000a\000n\000c\000i\000a\000l\000\040\000a\000n\000d\000\040\000T\000r\000a\000d\000e\000\040\000A\000r\000r\000a\000n\000g\000e\000m\000e\000n\000t\000s}{}% 23
\BOOKMARK [1][-]{section*.34}{\376\377\000T\000h\000e\000\040\000I\000m\000p\000o\000r\000t\000a\000n\000c\000e\000\040\000o\000f\000\040\000I\000n\000t\000e\000r\000n\000a\000t\000i\000o\000n\000a\000l}{chapter*.33}% 24
\BOOKMARK [1][-]{section*.35}{\376\377\000M\000o\000n\000e\000t\000a\000r\000y\000\040\000A\000r\000r\000a\000n\000g\000e\000m\000e\000n\000t\000s\000\040\000f\000o\000r\000\040\000E\000c\000o\000n\000o\000m\000i\000c\000\040\000F\000r\000e\000e\000d\000o\000m}{chapter*.33}% 25
\BOOKMARK [1][-]{section*.36}{\376\377\000C\000u\000r\000r\000e\000n\000t\000\040\000P\000a\000y\000m\000e\000n\000t\000s\000\040\000a\000n\000d\000\040\000C\000a\000p\000i\000t\000a\000l\000\040\000F\000l\000i\000g\000h\000t}{chapter*.33}% 26
\BOOKMARK [1][-]{section*.37}{\376\377\000A\000l\000t\000e\000r\000n\000a\000t\000i\000v\000e\000\040\000M\000e\000c\000h\000a\000n\000i\000s\000m\000s\000\040\000f\000o\000r}{chapter*.33}% 27
\BOOKMARK [1][-]{section*.38}{\376\377\000A\000c\000h\000i\000e\000v\000i\000n\000g\000\040\000B\000a\000l\000a\000n\000c\000e\000\040\000i\000n\000\040\000F\000o\000r\000e\000i\000g\000n\000\040\000P\000a\000y\000m\000e\000n\000t\000s}{chapter*.33}% 28
\BOOKMARK [1][-]{section*.39}{\376\377\000F\000l\000o\000a\000t\000i\000n\000g\000\040\000E\000x\000c\000h\000a\000n\000g\000e\000\040\000R\000a\000t\000e\000s\000\040\000a\000s\000\040\000t\000h\000e\000\040\000F\000r\000e\000e\000\040\000M\000a\000r\000k\000e\000t\000\040\000S\000o\000l\000u\000t\000i\000o\000n}{chapter*.33}% 29
\BOOKMARK [1][-]{section*.40}{\376\377\000T\000h\000e\000\040\000P\000o\000l\000i\000c\000y\000\040\000M\000e\000a\000s\000u\000r\000e\000s\000\040\000N\000e\000c\000e\000s\000s\000a\000r\000y\000\040\000f\000o\000r\000\040\000a}{chapter*.33}% 30
\BOOKMARK [1][-]{section*.41}{\376\377\000F\000r\000e\000e\000\040\000M\000a\000r\000k\000e\000t\000\040\000i\000n\000\040\000G\000o\000l\000d\000\040\000a\000n\000d\000\040\000F\000o\000r\000e\000i\000g\000n\000\040\000E\000x\000c\000h\000a\000n\000g\000e}{chapter*.33}% 31
\BOOKMARK [1][-]{section*.42}{\376\377\000N\000o\000t\000e\000s}{chapter*.33}% 32
\BOOKMARK [0][-]{chapter*.44}{\376\377\000C\000h\000a\000p\000t\000e\000r\000\040\000V\000\040\000F\000i\000s\000c\000a\000l\000\040\000P\000o\000l\000i\000c\000y}{}% 33
\BOOKMARK [1][-]{section*.45}{\376\377\000N\000o\000t\000e\000s}{chapter*.44}% 34
\BOOKMARK [0][-]{chapter*.47}{\376\377\000C\000h\000a\000p\000t\000e\000r\000\040\000V\000I\000\040\000T\000h\000e\000\040\000R\000o\000l\000e\000\040\000o\000f\000\040\000G\000o\000v\000e\000r\000n\000m\000e\000n\000t\000\040\000i\000n\000\040\000E\000d\000u\000c\000a\000t\000i\000o\000n}{}% 35
\BOOKMARK [1][-]{section*.48}{\376\377\000G\000e\000n\000e\000r\000a\000l\000\040\000E\000d\000u\000c\000a\000t\000i\000o\000n\000\040\000f\000o\000r\000\040\000C\000i\000t\000i\000z\000e\000n\000s\000h\000i\000p}{chapter*.47}% 36
\BOOKMARK [1][-]{section*.49}{\376\377\000N\000h\000s}{chapter*.47}% 37
\BOOKMARK [1][-]{section*.50}{\376\377\000S\000c\000h\000o\000o\000l\000i\000n\000g\000\040\000a\000t\000\040\000C\000o\000l\000l\000e\000g\000e\000\040\000a\000n\000d\000\040\000U\000n\000i\000v\000e\000r\000s\000i\000t\000y\000\040\000L\000e\000v\000e\000l}{chapter*.47}% 38
\BOOKMARK [1][-]{section*.51}{\376\377\000V\000o\000c\000a\000t\000i\000o\000n\000a\000l\000\040\000a\000n\000d\000\040\000P\000r\000o\000f\000e\000s\000s\000i\000o\000n\000a\000l\000\040\000S\000c\000h\000o\000o\000l\000i\000n\000g}{chapter*.47}% 39
\BOOKMARK [1][-]{section*.52}{\376\377\000S\000.}{chapter*.47}% 40
\BOOKMARK [1][-]{section*.53}{\376\377\000N\000o\000t\000e\000s}{chapter*.47}% 41
\BOOKMARK [0][-]{chapter*.55}{\376\377\000C\000h\000a\000p\000t\000e\000r\000\040\000V\000I\000I\000\040\000C\000a\000p\000i\000t\000a\000l\000i\000s\000m\000\040\000a\000n\000d\000\040\000D\000i\000s\000c\000r\000i\000m\000i\000n\000a\000t\000i\000o\000n}{}% 42
\BOOKMARK [1][-]{section*.56}{\376\377\000F\000a\000i\000r\000\040\000E\000m\000p\000l\000o\000y\000m\000e\000n\000t\000\040\000P\000r\000a\000c\000t\000i\000c\000e\000s\000\040\000L\000e\000g\000i\000s\000l\000a\000t\000i\000o\000n}{chapter*.55}% 43
\BOOKMARK [1][-]{section*.57}{\376\377\000R\000i\000g\000h\000t\000-\000T\000o\000-\000W\000o\000r\000k\000\040\000L\000a\000w\000s}{chapter*.55}% 44
\BOOKMARK [1][-]{section*.58}{\376\377\000S\000e\000g\000r\000e\000g\000a\000t\000i\000o\000n\000\040\000i\000n\000\040\000S\000c\000h\000o\000o\000l\000i\000n\000g}{chapter*.55}% 45
\BOOKMARK [1][-]{section*.59}{\376\377\000N\000o\000t\000e\000s}{chapter*.55}% 46
\BOOKMARK [0][-]{chapter*.61}{\376\377\000C\000h\000a\000p\000t\000e\000r\000\040\000V\000I\000I\000I\000\040\000M\000o\000n\000o\000p\000o\000l\000y\000\040\000a\000n\000d\000\040\000t\000h\000e\000\040\000S\000o\000c\000i\000a\000l\000\040\000R\000e\000s\000p\000o\000n\000s\000i\000b\000i\000l\000i\000t\000y\000\040\000o\000f\000\040\000B\000u\000s\000i\000n\000e\000s\000s\000\040\000a\000n\000d\000\040\000L\000a\000b\000o\000r}{}% 47
\BOOKMARK [1][-]{section*.62}{\376\377\000T\000h\000e\000\040\000E\000x\000t\000e\000n\000t\000\040\000o\000f\000\040\000M\000o\000n\000o\000p\000o\000l\000y}{chapter*.61}% 48
\BOOKMARK [1][-]{section*.63}{\376\377\0001\0008\0009\000\050}{chapter*.61}% 49
\BOOKMARK [1][-]{section*.64}{\376\377\0001\0009\0005\000I\000\051}{chapter*.61}% 50
\BOOKMARK [1][-]{section*.65}{\376\377\000T\000h\000e\000\040\000S\000o\000u\000r\000c\000e\000s\000\040\000o\000f\000\040\000M\000o\000n\000o\000p\000o\000l\000y}{chapter*.61}% 51
\BOOKMARK [1][-]{section*.66}{\376\377\000A\000p\000p\000r\000o\000p\000r\000i\000a\000t\000e\000\040\000G\000o\000v\000e\000r\000n\000m\000e\000n\000t\000\040\000P\000o\000l\000i\000c\000y}{chapter*.61}% 52
\BOOKMARK [1][-]{section*.67}{\376\377\000N\000o\000t\000e\000s}{chapter*.61}% 53
\BOOKMARK [0][-]{chapter*.69}{\376\377\000C\000h\000a\000p\000t\000e\000r\000\040\000I\000X\000\040\000O\000c\000c\000u\000p\000a\000t\000i\000o\000n\000a\000l\000\040\000L\000i\000c\000e\000n\000s\000u\000r\000e}{}% 54
\BOOKMARK [1][-]{section*.70}{\376\377\000U\000b\000i\000q\000u\000i\000t\000y\000\040\000o\000f\000\040\000G\000o\000v\000e\000r\000n\000m\000e\000n\000t\000a\000l\000\040\000R\000e\000s\000t\000r\000i\000c\000t\000i\000o\000n\000s}{chapter*.69}% 55
\BOOKMARK [1][-]{section*.71}{\376\377\000O\000n\000\040\000E\000c\000o\000n\000o\000m\000i\000c\000\040\000A\000c\000t\000i\000v\000i\000t\000i\000e\000s\000\040\000M\000e\000n\000\040\000M\000a\000y\000\040\000E\000n\000g\000a\000g\000e\000\040\000i\000n}{chapter*.69}% 56
\BOOKMARK [1][-]{section*.72}{\376\377\0001\0004\0000\000-\0004\000\040\000I\000.}{chapter*.69}% 57
\BOOKMARK [1][-]{section*.73}{\376\377\000P\000o\000l\000i\000c\000y\000\040\000I\000s\000s\000u\000e\000s\000\040\000R\000a\000i\000s\000e\000d\000\040\000b\000y\000\040\000L\000i\000c\000e\000n\000s\000u\000r\000e}{chapter*.69}% 58
\BOOKMARK [1][-]{section*.74}{\376\377\000M\000e\000d\000i\000c\000a\000l\000\040\000L\000i\000c\000e\000n\000s\000u\000r\000e}{chapter*.69}% 59
\BOOKMARK [1][-]{section*.75}{\376\377\000N\000o\000t\000e\000s}{chapter*.69}% 60
\BOOKMARK [0][-]{chapter*.77}{\376\377\000C\000h\000a\000p\000t\000e\000r\000\040\000X\000\040\000T\000h\000e\000\040\000D\000i\000s\000t\000r\000i\000b\000u\000t\000i\000o\000n\000\040\000o\000f\000\040\000I\000n\000c\000o\000m\000e}{}% 61
\BOOKMARK [1][-]{section*.78}{\376\377\000T\000h\000e\000\040\000E\000t\000h\000i\000c\000s\000\040\000o\000f\000\040\000D\000i\000s\000t\000r\000i\000b\000u\000t\000i\000o\000n}{chapter*.77}% 62
\BOOKMARK [1][-]{section*.79}{\376\377\000T\000h\000e\000\040\000I\000n\000s\000t\000r\000u\000m\000e\000n\000t\000a\000l\000\040\000R\000o\000l\000e\000\040\000o\000f}{chapter*.77}% 63
\BOOKMARK [1][-]{section*.80}{\376\377\000D\000i\000s\000t\000r\000i\000b\000u\000t\000i\000o\000n\000\040\000A\000c\000c\000o\000r\000d\000i\000n\000g\000\040\000t\000o\000\040\000P\000r\000o\000d\000u\000c\000t}{chapter*.77}% 64
\BOOKMARK [1][-]{section*.81}{\376\377\000F\000a\000c\000t\000s\000\040\000o\000f\000\040\000I\000n\000c\000o\000m\000e\000\040\000D\000i\000s\000t\000r\000i\000b\000u\000t\000i\000o\000n}{chapter*.77}% 65
\BOOKMARK [1][-]{section*.82}{\376\377\000G\000o\000v\000e\000r\000n\000m\000e\000n\000t\000\040\000M\000e\000a\000s\000u\000r\000e\000s\000\040\000U\000s\000e\000d}{chapter*.77}% 66
\BOOKMARK [1][-]{section*.83}{\376\377\000T\000o\000\040\000A\000l\000t\000e\000r\000\040\000t\000h\000e\000\040\000D\000i\000s\000t\000r\000i\000b\000u\000t\000i\000o\000n\000\040\000o\000f\000\040\000I\000n\000c\000o\000m\000e}{chapter*.77}% 67
\BOOKMARK [1][-]{section*.84}{\376\377\000X}{chapter*.77}% 68
\BOOKMARK [1][-]{section*.85}{\376\377\000N\000o\000t\000e\000s}{chapter*.77}% 69
\BOOKMARK [0][-]{chapter*.87}{\376\377\000C\000h\000a\000p\000t\000e\000r\000\040\000X\000I\000\040\000S\000o\000c\000i\000a\000l\000\040\000W\000e\000l\000f\000a\000r\000e\000\040\000M\000e\000a\000s\000u\000r\000e\000s}{}% 70
\BOOKMARK [1][-]{section*.88}{\376\377\000M\000i\000s\000c\000e\000l\000l\000a\000n\000e\000o\000u\000s\000\040\000W\000e\000l\000f\000a\000r\000e\000\040\000M\000e\000a\000s\000u\000r\000e\000s}{chapter*.87}% 71
\BOOKMARK [1][-]{section*.89}{\376\377\000O\000l\000d\000\040\000A\000g\000e\000\040\000a\000n\000d\000\040\000S\000u\000r\000v\000i\000v\000o\000r\000'\000S\000\040\000I\000n\000s\000u\000r\000a\000n\000c\000e}{chapter*.87}% 72
\BOOKMARK [1][-]{section*.90}{\376\377\000N\000o\000t\000e\000s}{chapter*.87}% 73
\BOOKMARK [0][-]{chapter*.92}{\376\377\000C\000h\000a\000p\000t\000e\000r\000\040\000X\000I\000I\000\040\000T\000h\000e\000\040\000A\000l\000l\000e\000v\000i\000a\000t\000i\000o\000n\000\040\000o\000f\000\040\000P\000o\000v\000e\000r\000t\000y}{}% 74
\BOOKMARK [1][-]{section*.93}{\376\377\000L\000i\000b\000e\000r\000a\000l\000i\000s\000m\000\040\000a\000n\000d\000\040\000E\000g\000a\000l\000i\000t\000a\000r\000i\000a\000n\000i\000s\000m}{chapter*.92}% 75
\BOOKMARK [1][-]{section*.94}{\376\377\000N\000o\000t\000e\000s}{chapter*.92}% 76
\BOOKMARK [0][-]{chapter*.96}{\376\377\000C\000h\000a\000p\000t\000e\000r\000\040\000X\000I\000I\000I\000\040\000C\000o\000n\000c\000l\000u\000s\000i\000o\000n}{}% 77
