\BOOKMARK [0][-]{chapter*.2}{\376\377\000A\000\040\000N\000o\000t\000e\000\040\000o\000n\000\040\000T\000h\000i\000s\000\040\000E\000d\000i\000t\000i\000o\000n}{}% 1
\BOOKMARK [0][-]{chapter*.5}{\376\377\000F\000o\000r\000e\000w\000o\000r\000d\000\040\000t\000o\000\040\000F\000o\000u\000r\000t\000h\000\040\000E\000d\000i\000t\000i\000o\000n}{}% 2
\BOOKMARK [1][-]{section*.6}{\376\377\000F\000o\000r\000e\000w\000o\000r\000d\000\040\000t\000o\000\040\000F\000o\000u\000r\000t\000h\000\040\000E\000d\000i\000t\000i\000o\000n}{chapter*.5}% 3
\BOOKMARK [1][-]{section*.7}{\376\377\000N\000o\000t\000e\000s}{chapter*.5}% 4
\BOOKMARK [0][-]{chapter*.9}{\376\377\000F\000o\000r\000e\000w\000o\000r\000d\000\040\000t\000o\000\040\000t\000h\000e\000\040\000T\000h\000i\000r\000d\000\040\000E\000d\000i\000t\000i\000o\000n}{}% 5
\BOOKMARK [1][-]{section*.10}{\376\377\000F\000o\000r\000e\000w\000o\000r\000d\000\040\000t\000o\000\040\000t\000h\000e\000\040\000T\000h\000i\000r\000d\000\040\000E\000d\000i\000t\000i\000o\000n}{chapter*.9}% 6
\BOOKMARK [1][-]{section*.11}{\376\377\000I\000n\000t\000r\000o\000d\000u\000c\000t\000i\000o\000n}{chapter*.9}% 7
\BOOKMARK [1][-]{section*.12}{\376\377\000C\000h\000a\000p\000t\000e\000r\000\040\000I\000.\000\040\000A\000c\000t\000i\000n\000g\000\040\000M\000a\000n}{chapter*.9}% 8
\BOOKMARK [1][-]{section*.13}{\376\377\000C\000h\000a\000p\000t\000e\000r\000\040\000I\000I\000.\000\040\000T\000h\000e\000\040\000E\000p\000i\000s\000t\000e\000m\000o\000l\000o\000g\000i\000c\000a\000l\000\040\000P\000r\000o\000b\000l\000e\000m\000s\000\040\000o\000f\000\040\000t\000h\000e}{chapter*.9}% 9
\BOOKMARK [1][-]{section*.14}{\376\377\000S\000c\000i\000e\000n\000c\000e\000s\000\040\000o\000f\000\040\000H\000u\000m\000a\000n\000\040\000A\000c\000t\000i\000o\000n}{chapter*.9}% 10
\BOOKMARK [1][-]{section*.15}{\376\377\000C\000h\000a\000p\000t\000e\000r\000\040\000I\000I\000I\000.\000\040\000E\000c\000o\000n\000o\000m\000i\000c\000s\000\040\000a\000n\000d\000\040\000t\000h\000e\000\040\000R\000e\000v\000o\000l\000t\000\040\000A\000g\000a\000i\000n\000s\000t\000\040\000R\000e\000a\000s\000o\000n}{chapter*.9}% 11
\BOOKMARK [1][-]{section*.16}{\376\377\000C\000h\000a\000p\000t\000e\000r\000\040\000I\000V\000.\000\040\000A\000\040\000F\000i\000r\000s\000t\000\040\000A\000n\000a\000l\000y\000s\000i\000s\000\040\000o\000f\000\040\000t\000h\000e\000\040\000C\000a\000t\000e\000g\000o\000r\000y\000\040\000o\000f\000\040\000A\000c\000t\000i\000o\000n}{chapter*.9}% 12
\BOOKMARK [1][-]{section*.17}{\376\377\000C\000h\000a\000p\000t\000e\000r\000\040\000V\000.\000\040\000T\000i\000m\000e}{chapter*.9}% 13
\BOOKMARK [1][-]{section*.18}{\376\377\000C\000h\000a\000p\000t\000r\000\040\000V\000I\000.\000\040\000U\000n\000c\000e\000r\000t\000a\000i\000n\000t\000y}{chapter*.9}% 14
\BOOKMARK [1][-]{section*.19}{\376\377\000C\000h\000a\000p\000t\000e\000r\000\040\000V\000I\000I\000.\000\040\000A\000c\000t\000i\000o\000n\000\040\000W\000i\000t\000h\000i\000n\000\040\000t\000h\000e\000\040\000W\000o\000r\000l\000d}{chapter*.9}% 15
\BOOKMARK [1][-]{section*.20}{\376\377\000C\000h\000a\000p\000t\000e\000r\000\040\000V\000I\000I\000I\000.\000\040\000H\000u\000m\000a\000n\000\040\000S\000o\000c\000i\000e\000t\000y}{chapter*.9}% 16
\BOOKMARK [1][-]{section*.21}{\376\377\000C\000h\000a\000p\000t\000e\000r\000\040\000I\000X\000.\000\040\000T\000h\000e\000\040\000R\000o\000l\000e\000\040\000o\000f\000\040\000I\000d\000e\000a\000s}{chapter*.9}% 17
\BOOKMARK [1][-]{section*.22}{\376\377\000C\000h\000a\000p\000t\000e\000r\000\040\000X\000.\000\040\000E\000x\000c\000h\000a\000n\000g\000e\000\040\000W\000i\000t\000h\000i\000n\000\040\000S\000o\000c\000i\000e\000t\000y}{chapter*.9}% 18
\BOOKMARK [1][-]{section*.23}{\376\377\000C\000h\000a\000p\000t\000e\000r\000\040\000X\000I\000.\000\040\000V\000a\000l\000u\000a\000t\000i\000o\000n\000\040\000W\000i\000t\000h\000o\000u\000t\000\040\000C\000a\000l\000c\000u\000l\000a\000t\000i\000o\000n}{chapter*.9}% 19
\BOOKMARK [1][-]{section*.24}{\376\377\000C\000h\000a\000p\000t\000e\000r\000\040\000X\000I\000I\000.\000\040\000T\000h\000e\000\040\000S\000p\000h\000e\000r\000e\000\040\000o\000f\000\040\000E\000c\000o\000n\000o\000m\000i\000c\000\040\000C\000a\000l\000c\000u\000l\000a\000t\000i\000o\000n}{chapter*.9}% 20
\BOOKMARK [1][-]{section*.25}{\376\377\000C\000h\000a\000p\000t\000e\000r\000\040\000X\000I\000I\000I\000.\000\040\000M\000o\000n\000e\000t\000a\000r\000y\000\040\000C\000a\000l\000c\000u\000l\000a\000t\000i\000o\000n\000\040\000a\000s\000\040\000a\000\040\000T\000o\000o\000l\000\040\000o\000f}{chapter*.9}% 21
\BOOKMARK [1][-]{section*.26}{\376\377\000A\000c\000t\000i\000o\000n}{chapter*.9}% 22
\BOOKMARK [1][-]{section*.27}{\376\377\000C\000h\000a\000p\000t\000e\000r\000\040\000X\000I\000V\000.\000\040\000T\000h\000e\000\040\000S\000c\000o\000p\000e\000\040\000a\000n\000d\000\040\000M\000e\000t\000h\000o\000d\000\040\000o\000f\000\040\000C\000a\000t\000a\000l\000l\000a\000c\000t\000i\000c\000s}{chapter*.9}% 23
\BOOKMARK [1][-]{section*.28}{\376\377\000C\000h\000a\000p\000t\000e\000r\000\040\000X\000V\000.\000\040\000T\000h\000e\000\040\000M\000a\000r\000k\000e\000t}{chapter*.9}% 24
\BOOKMARK [1][-]{section*.29}{\376\377\000C\000h\000a\000p\000t\000e\000r\000\040\000X\000V\000I\000.\000\040\000P\000r\000i\000c\000e\000s}{chapter*.9}% 25
\BOOKMARK [1][-]{section*.30}{\376\377\000C\000h\000a\000p\000t\000e\000r\000\040\000X\000V\000I\000I\000.\000\040\000I\000n\000d\000i\000r\000e\000c\000t\000\040\000E\000x\000c\000h\000a\000n\000g\000e}{chapter*.9}% 26
\BOOKMARK [1][-]{section*.31}{\376\377\000C\000h\000a\000p\000t\000e\000r\000\040\000X\000V\000I\000I\000I\000.\000\040\000A\000c\000t\000i\000o\000n\000\040\000i\000n\000\040\000t\000h\000e\000\040\000P\000a\000s\000s\000i\000n\000g\000\040\000o\000f\000\040\000T\000i\000m\000e}{chapter*.9}% 27
\BOOKMARK [1][-]{section*.32}{\376\377\000C\000h\000a\000p\000t\000e\000r\000\040\000X\000X\000.\000\040\000I\000n\000t\000e\000r\000e\000s\000t\000,\000\040\000C\000r\000e\000d\000i\000t\000\040\000E\000x\000p\000a\000n\000s\000i\000o\000n\000\040\000a\000n\000d\000\040\000t\000h\000e\000\040\000T\000r\000a\000d\000e\000\040\000C\000y\000c\000l\000e}{chapter*.9}% 28
\BOOKMARK [1][-]{section*.33}{\376\377\000C\000h\000a\000p\000t\000e\000r\000\040\000X\000X\000I\000.\000\040\000W\000o\000r\000k\000\040\000a\000n\000d\000\040\000W\000a\000g\000e\000s}{chapter*.9}% 29
\BOOKMARK [1][-]{section*.34}{\376\377\000C\000h\000a\000p\000t\000e\000r\000\040\000X\000X\000I\000I\000.\000\040\000T\000h\000e\000\040\000N\000o\000n\000h\000u\000m\000a\000n\000\040\000O\000r\000i\000g\000i\000n\000a\000l\000\040\000F\000a\000c\000t\000o\000r\000s\000\040\000o\000f\000\040\000P\000r\000o\000d\000u\000c\000t\000i\000o\000n}{chapter*.9}% 30
\BOOKMARK [1][-]{section*.35}{\376\377\000C\000h\000a\000p\000t\000e\000r\000\040\000X\000X\000I\000I\000I\000.\000\040\000T\000h\000e\000\040\000D\000a\000t\000a\000\040\000o\000f\000\040\000t\000h\000e\000\040\000M\000a\000r\000k\000e\000t}{chapter*.9}% 31
\BOOKMARK [1][-]{section*.36}{\376\377\000C\000h\000a\000p\000t\000e\000r\000\040\000X\000X\000I\000V\000.\000\040\000H\000a\000r\000m\000o\000n\000y\000\040\000a\000n\000d\000\040\000C\000o\000n\000f\000l\000i\000c\000t\000\040\000o\000f\000\040\000I\000n\000t\000e\000r\000e\000s\000t\000s}{chapter*.9}% 32
\BOOKMARK [1][-]{section*.37}{\376\377\000C\000h\000a\000p\000t\000e\000r\000\040\000X\000X\000V\000.\000\040\000T\000h\000e\000\040\000I\000m\000a\000g\000i\000n\000a\000r\000y\000\040\000C\000o\000n\000s\000t\000r\000u\000c\000t\000i\000o\000n\000\040\000o\000f\000\040\000a}{chapter*.9}% 33
\BOOKMARK [1][-]{section*.38}{\376\377\000S\000o\000c\000i\000a\000l\000i\000s\000t\000\040\000S\000o\000c\000i\000e\000t\000y}{chapter*.9}% 34
\BOOKMARK [1][-]{section*.39}{\376\377\000C\000h\000a\000p\000t\000e\000r\000\040\000X\000X\000V\000I\000.\000\040\000T\000h\000e\000\040\000I\000m\000p\000o\000s\000s\000i\000b\000i\000l\000i\000t\000y\000\040\000o\000f\000\040\000E\000c\000o\000n\000o\000m\000i\000c}{chapter*.9}% 35
\BOOKMARK [1][-]{section*.40}{\376\377\000C\000a\000l\000c\000u\000l\000a\000t\000i\000o\000n\000\040\000U\000n\000d\000e\000r\000\040\000S\000o\000c\000i\000a\000l\000i\000s\000m}{chapter*.9}% 36
\BOOKMARK [1][-]{section*.41}{\376\377\000C\000h\000a\000p\000t\000e\000r\000\040\000X\000X\000V\000I\000I\000.\000\040\000T\000h\000e\000\040\000G\000o\000v\000e\000r\000n\000m\000e\000n\000t\000\040\000a\000n\000d\000\040\000t\000h\000e\000\040\000M\000a\000r\000k\000e\000t}{chapter*.9}% 37
\BOOKMARK [1][-]{section*.42}{\376\377\000C\000h\000a\000p\000t\000e\000r\000\040\000X\000X\000V\000I\000I\000I\000.\000\040\000I\000n\000t\000e\000r\000f\000e\000r\000e\000n\000c\000e\000\040\000b\000y\000\040\000T\000a\000x\000a\000t\000i\000o\000n}{chapter*.9}% 38
\BOOKMARK [1][-]{section*.43}{\376\377\000C\000h\000a\000p\000t\000e\000r\000\040\000X\000X\000I\000X\000.\000\040\000R\000e\000s\000t\000r\000i\000c\000t\000i\000o\000n\000\040\000o\000f\000\040\000P\000r\000o\000d\000u\000c\000t\000i\000o\000n}{chapter*.9}% 39
\BOOKMARK [1][-]{section*.44}{\376\377\000C\000h\000a\000p\000t\000e\000r\000\040\000X\000X\000X\000.\000\040\000I\000n\000t\000e\000r\000f\000e\000r\000e\000n\000c\000e\000\040\000w\000i\000t\000h\000\040\000t\000h\000e\000\040\000S\000t\000r\000u\000c\000t\000u\000r\000e\000\040\000o\000f\000\040\000P\000r\000i\000c\000e\000s}{chapter*.9}% 40
\BOOKMARK [1][-]{section*.45}{\376\377\000C\000h\000a\000p\000t\000e\000r\000\040\000X\000X\000X\000I\000.\000\040\000C\000u\000r\000r\000e\000n\000c\000y\000\040\000a\000n\000d\000\040\000C\000r\000e\000d\000i\000t\000\040\000M\000a\000n\000i\000p\000u\000l\000a\000t\000i\000o\000n}{chapter*.9}% 41
\BOOKMARK [1][-]{section*.46}{\376\377\000C\000h\000a\000p\000t\000e\000r\000\040\000X\000X\000X\000I\000I\000.\000\040\000C\000o\000n\000f\000i\000s\000c\000a\000t\000i\000o\000n\000\040\000a\000n\000d\000\040\000R\000e\000d\000i\000s\000t\000r\000i\000b\000u\000t\000i\000o\000n}{chapter*.9}% 42
\BOOKMARK [1][-]{section*.47}{\376\377\000C\000h\000a\000p\000t\000e\000r\000\040\000X\000X\000X\000I\000I\000I\000.\000\040\000S\000y\000n\000d\000i\000c\000a\000l\000i\000s\000m\000\040\000a\000n\000d\000\040\000C\000o\000r\000p\000o\000r\000a\000t\000i\000v\000i\000s\000m}{chapter*.9}% 43
\BOOKMARK [1][-]{section*.48}{\376\377\000C\000h\000a\000p\000t\000e\000r\000\040\000X\000X\000X\000I\000V\000.\000\040\000T\000h\000e\000\040\000E\000c\000o\000n\000o\000m\000i\000c\000s\000\040\000o\000f\000\040\000W\000a\000r}{chapter*.9}% 44
\BOOKMARK [1][-]{section*.49}{\376\377\000C\000h\000a\000p\000t\000e\000r\000\040\000X\000X\000X\000V\000I\000.\000\040\000T\000h\000e\000\040\000C\000r\000i\000s\000i\000s\000\040\000o\000f\000\040\000I\000n\000t\000e\000r\000v\000e\000n\000t\000i\000o\000n\000i\000s\000m}{chapter*.9}% 45
\BOOKMARK [1][-]{section*.50}{\376\377\000C\000h\000a\000p\000t\000e\000r\000\040\000X\000X\000X\000V\000I\000I\000.\000\040\000T\000h\000e\000\040\000N\000o\000n\000d\000e\000s\000c\000r\000i\000p\000t\000\040\000C\000h\000a\000r\000a\000c\000t\000e\000r\000\040\000o\000f\000\040\000E\000c\000o\000n\000o\000m\000i\000c\000s}{chapter*.9}% 46
\BOOKMARK [1][-]{section*.51}{\376\377\000C\000h\000a\000p\000t\000e\000r\000\040\000X\000X\000X\000V\000I\000I\000I\000.\000\040\000T\000h\000e\000\040\000P\000l\000a\000c\000e\000\040\000o\000f\000\040\000E\000c\000o\000n\000o\000m\000i\000c\000s\000\040\000i\000n\000\040\000L\000e\000a\000r\000n\000i\000n\000g}{chapter*.9}% 47
\BOOKMARK [1][-]{section*.52}{\376\377\000C\000h\000a\000p\000t\000e\000r\000\040\000X\000X\000X\000I\000X\000.\000\040\000E\000c\000o\000n\000o\000m\000i\000c\000s\000\040\000a\000n\000d\000\040\000t\000h\000e\000\040\000E\000s\000s\000e\000n\000t\000i\000a\000l}{chapter*.9}% 48
\BOOKMARK [1][-]{section*.53}{\376\377\000P\000r\000o\000b\000l\000e\000m\000s\000\040\000o\000f\000\040\000H\000u\000m\000a\000n\000\040\000E\000x\000i\000s\000t\000e\000n\000c\000e}{chapter*.9}% 49
\BOOKMARK [0][-]{chapter*.55}{\376\377\000I\000n\000t\000r\000o\000d\000u\000c\000t\000i\000o\000n}{}% 50
\BOOKMARK [1][-]{section*.56}{\376\377\000I\000n\000t\000r\000o\000d\000u\000c\000t\000i\000o\000n}{chapter*.55}% 51
\BOOKMARK [1][-]{section*.57}{\376\377\0001\000.\000\040\000E\000c\000o\000n\000o\000m\000i\000c\000s\000\040\000a\000n\000d\000\040\000P\000r\000a\000x\000e\000o\000l\000o\000g\000y}{chapter*.55}% 52
\BOOKMARK [1][-]{section*.58}{\376\377\0002\000.\000\040\000T\000h\000e\000\040\000E\000p\000i\000s\000t\000e\000m\000o\000l\000o\000g\000i\000c\000a\000l\000\040\000P\000r\000o\000b\000l\000e\000m\000\040\000o\000f\000\040\000a}{chapter*.55}% 53
\BOOKMARK [1][-]{section*.59}{\376\377\000G\000e\000n\000e\000r\000a\000l\000\040\000T\000h\000e\000o\000r\000y\000\040\000o\000f\000\040\000H\000u\000m\000a\000n\000\040\000A\000c\000t\000i\000o\000n}{chapter*.55}% 54
\BOOKMARK [1][-]{section*.60}{\376\377\0003\000.\000\040\000E\000c\000o\000n\000o\000m\000i\000c\000\040\000T\000h\000e\000o\000r\000y\000\040\000a\000n\000d\000\040\000t\000h\000e\000\040\000P\000r\000a\000c\000t\000i\000c\000e\000\040\000o\000f\000\040\000H\000u\000m\000a\000n\000\040\000A\000c\000t\000i\000o\000n}{chapter*.55}% 55
\BOOKMARK [1][-]{section*.61}{\376\377\000R\000\351\000s\000u\000m\000\351}{chapter*.55}% 56
\BOOKMARK [1][-]{section*.62}{\376\377\000N\000o\000t\000e\000s}{chapter*.55}% 57
\BOOKMARK [-1][-]{section*.63}{\376\377\000P\000a\000r\000t\000\040\000O\000n\000e\000.\000\040\000H\000u\000m\000a\000n\000\040\000A\000c\000t\000i\000o\000n}{}% 58
\BOOKMARK [0][-]{chapter*.65}{\376\377\000C\000h\000a\000p\000t\000e\000r\000\040\000I\000\040\000A\000c\000t\000i\000n\000g\000\040\000M\000a\000n}{section*.63}% 59
\BOOKMARK [1][-]{section*.66}{\376\377\0001\000.\000\040\000P\000u\000r\000p\000o\000s\000e\000f\000u\000l\000\040\000A\000c\000t\000i\000o\000n\000\040\000a\000n\000d\000\040\000A\000n\000i\000m\000a\000l\000\040\000R\000e\000a\000c\000t\000i\000o\000n}{chapter*.65}% 60
\BOOKMARK [1][-]{section*.67}{\376\377\0002\000.\000\040\000T\000h\000e\000\040\000P\000r\000e\000r\000e\000q\000u\000i\000s\000i\000t\000e\000s\000\040\000o\000f\000\040\000H\000u\000m\000a\000n\000\040\000A\000c\000t\000i\000o\000n}{chapter*.65}% 61
\BOOKMARK [1][-]{section*.68}{\376\377\0003\000.\000\040\000H\000u\000m\000a\000n\000\040\000A\000c\000t\000i\000o\000n\000\040\000a\000s\000\040\000a\000n\000\040\000U\000l\000t\000i\000m\000a\000t\000e\000\040\000G\000i\000v\000e\000n}{chapter*.65}% 62
\BOOKMARK [1][-]{section*.69}{\376\377\0004\000.\000\040\000R\000a\000t\000i\000o\000n\000a\000l\000i\000t\000y\000\040\000a\000n\000d\000\040\000I\000r\000r\000a\000t\000i\000o\000n\000a\000l\000i\000t\000y\000;\000\040\000S\000u\000b\000j\000e\000c\000t\000i\000v\000i\000s\000m\000\040\000a\000n\000d\000\040\000O\000b\000j\000e\000c\000t\000i\000v\000i\000t\000y}{chapter*.65}% 63
\BOOKMARK [1][-]{section*.70}{\376\377\000o\000f\000\040\000P\000r\000a\000x\000e\000o\000l\000o\000g\000i\000c\000a\000l\000\040\000R\000e\000s\000e\000a\000r\000c\000h}{chapter*.65}% 64
\BOOKMARK [1][-]{section*.71}{\376\377\0005\000.\000\040\000C\000a\000u\000s\000a\000l\000i\000t\000y\000\040\000a\000s\000\040\000a\000\040\000R\000e\000q\000u\000i\000r\000e\000m\000e\000n\000t\000\040\000o\000f\000\040\000A\000c\000t\000i\000o\000n}{chapter*.65}% 65
\BOOKMARK [1][-]{section*.72}{\376\377\0006\000.\000\040\000T\000h\000e\000\040\000A\000l\000t\000e\000r\000\040\000E\000g\000o}{chapter*.65}% 66
\BOOKMARK [1][-]{section*.73}{\376\377\000N\000o\000t\000e\000s}{chapter*.65}% 67
\BOOKMARK [0][-]{chapter*.75}{\376\377\000C\000h\000a\000p\000t\000e\000r\000\040\000I\000I\000\040\000T\000h\000e\000\040\000E\000p\000i\000s\000t\000e\000m\000o\000l\000o\000g\000i\000c\000a\000l\000\040\000P\000r\000o\000b\000l\000e\000m\000s\000\040\000o\000f\000\040\000t\000h\000e\000\040\000S\000c\000i\000e\000n\000c\000e\000s\000\040\000o\000f\000\040\000H\000u\000m\000a\000n\000\040\000A\000c\000t\000i\000o\000n}{section*.63}% 68
\BOOKMARK [1][-]{section*.76}{\376\377\0001\000.\000\040\000P\000r\000a\000x\000e\000o\000l\000o\000g\000y\000\040\000a\000n\000d\000\040\000H\000i\000s\000t\000o\000r\000y}{chapter*.75}% 69
\BOOKMARK [1][-]{section*.77}{\376\377\0002\000.\000\040\000T\000h\000e\000\040\000F\000o\000r\000m\000a\000l\000\040\000a\000n\000d\000\040\000A\000p\000r\000i\000o\000r\000i\000s\000t\000i\000c\000\040\000C\000h\000a\000r\000a\000c\000t\000e\000r\000\040\000o\000f\000\040\000P\000r\000a\000x\000e\000o\000l\000o\000g\000y}{chapter*.75}% 70
\BOOKMARK [1][-]{section*.78}{\376\377\0003\000.\000\040\000T\000h\000e\000\040\000A\000\040\000P\000r\000i\000o\000r\000i\000\040\000a\000n\000d\000\040\000R\000e\000a\000l\000i\000t\000y}{chapter*.75}% 71
\BOOKMARK [1][-]{section*.79}{\376\377\0004\000.\000\040\000T\000h\000e\000\040\000P\000r\000i\000n\000c\000i\000p\000l\000e\000\040\000o\000f\000\040\000M\000e\000t\000h\000o\000d\000o\000l\000o\000g\000i\000c\000a\000l\000\040\000I\000n\000d\000i\000v\000i\000d\000u\000a\000l\000i\000s\000m}{chapter*.75}% 72
\BOOKMARK [1][-]{section*.80}{\376\377\0005\000.\000\040\000T\000h\000e\000\040\000P\000r\000i\000n\000c\000i\000p\000l\000e\000\040\000o\000f\000\040\000M\000e\000t\000h\000o\000d\000o\000l\000o\000g\000i\000c\000a\000l\000\040\000S\000i\000n\000g\000u\000l\000a\000r\000i\000s\000m}{chapter*.75}% 73
\BOOKMARK [1][-]{section*.81}{\376\377\0006\000.\000\040\000T\000h\000e\000\040\000I\000n\000d\000i\000v\000i\000d\000u\000a\000l\000\040\000a\000n\000d\000\040\000C\000h\000a\000n\000g\000i\000n\000g\000\040\000F\000e\000a\000t\000u\000r\000e\000s}{chapter*.75}% 74
\BOOKMARK [1][-]{section*.82}{\376\377\000o\000f\000\040\000H\000u\000m\000a\000n\000\040\000A\000c\000t\000i\000o\000n}{chapter*.75}% 75
\BOOKMARK [1][-]{section*.83}{\376\377\0007\000.\000\040\000T\000h\000e\000\040\000S\000c\000o\000p\000e\000\040\000a\000n\000d\000\040\000t\000h\000e\000\040\000S\000p\000e\000c\000i\000f\000i\000c\000\040\000M\000e\000t\000h\000o\000d\000\040\000o\000f\000\040\000H\000i\000s\000t\000o\000r\000y}{chapter*.75}% 76
\BOOKMARK [1][-]{section*.84}{\376\377\0008\000.\000\040\000C\000o\000n\000c\000e\000p\000t\000i\000o\000n\000\040\000a\000n\000d\000\040\000U\000n\000d\000e\000r\000s\000t\000a\000n\000d\000i\000n\000g}{chapter*.75}% 77
\BOOKMARK [1][-]{section*.85}{\376\377\0009\000.\000\040\000O\000n\000\040\000I\000d\000e\000a\000l\000\040\000T\000y\000p\000e\000s}{chapter*.75}% 78
\BOOKMARK [1][-]{section*.86}{\376\377\0001\0000\000.\000\040\000T\000h\000e\000\040\000P\000r\000o\000c\000e\000d\000u\000r\000e\000\040\000o\000f\000\040\000E\000c\000o\000n\000o\000m\000i\000c\000s}{chapter*.75}% 79
\BOOKMARK [1][-]{section*.87}{\376\377\0001\0001\000.\000\040\000T\000h\000e\000\040\000L\000i\000m\000i\000t\000a\000t\000i\000o\000n\000s\000\040\000o\000n\000\040\000P\000r\000a\000x\000e\000o\000l\000o\000g\000i\000c\000a\000l\000\040\000C\000o\000n\000c\000e\000p\000t\000s}{chapter*.75}% 80
\BOOKMARK [1][-]{section*.88}{\376\377\000N\000o\000t\000e\000s}{chapter*.75}% 81
\BOOKMARK [0][-]{chapter*.90}{\376\377\000C\000h\000a\000p\000t\000e\000r\000\040\000I\000I\000I\000\040\000E\000c\000o\000n\000o\000m\000i\000c\000s\000\040\000a\000n\000d\000\040\000t\000h\000e\000\040\000R\000e\000v\000o\000l\000t\000\040\000A\000g\000a\000i\000n\000s\000t\000\040\000R\000e\000a\000s\000o\000n}{section*.63}% 82
\BOOKMARK [1][-]{section*.91}{\376\377\0001\000.\000\040\000T\000h\000e\000\040\000R\000e\000v\000o\000l\000t\000\040\000A\000g\000a\000i\000n\000s\000t\000\040\000R\000e\000a\000s\000o\000n}{chapter*.90}% 83
\BOOKMARK [1][-]{section*.92}{\376\377\0002\000.\000\040\000T\000h\000e\000\040\000L\000o\000g\000i\000c\000a\000l\000\040\000A\000s\000p\000e\000c\000t\000\040\000o\000f\000\040\000P\000o\000l\000y\000l\000o\000g\000i\000s\000m}{chapter*.90}% 84
\BOOKMARK [1][-]{section*.93}{\376\377\0003\000.\000\040\000T\000h\000e\000\040\000P\000r\000a\000x\000e\000o\000l\000o\000g\000i\000c\000a\000l\000\040\000A\000s\000p\000e\000c\000t\000\040\000o\000f\000\040\000P\000o\000l\000y\000l\000o\000g\000i\000s\000m}{chapter*.90}% 85
\BOOKMARK [1][-]{section*.94}{\376\377\0004\000.\000\040\000R\000a\000c\000i\000a\000l\000\040\000P\000o\000l\000y\000l\000o\000g\000i\000s\000m}{chapter*.90}% 86
\BOOKMARK [1][-]{section*.95}{\376\377\0005\000.\000\040\000P\000o\000l\000y\000l\000o\000g\000i\000s\000m\000\040\000a\000n\000d\000\040\000U\000n\000d\000e\000r\000s\000t\000a\000n\000d\000i\000n\000g}{chapter*.90}% 87
\BOOKMARK [1][-]{section*.96}{\376\377\0006\000.\000\040\000T\000h\000e\000\040\000C\000a\000s\000e\000\040\000f\000o\000r\000\040\000R\000e\000a\000s\000o\000n}{chapter*.90}% 88
\BOOKMARK [1][-]{section*.97}{\376\377\000N\000o\000t\000e\000s}{chapter*.90}% 89
\BOOKMARK [0][-]{chapter*.99}{\376\377\000C\000h\000a\000p\000t\000e\000r\000\040\000I\000V\000\040\000A\000\040\000F\000i\000r\000s\000t\000\040\000A\000n\000a\000l\000y\000s\000i\000s\000\040\000o\000f\000\040\000t\000h\000e\000\040\000C\000a\000t\000e\000g\000o\000r\000y\000\040\000o\000f\000\040\000A\000c\000t\000i\000o\000n}{section*.63}% 90
\BOOKMARK [1][-]{section*.100}{\376\377\0001\000.\000\040\000E\000n\000d\000s\000\040\000a\000n\000d\000\040\000M\000e\000a\000n\000s}{chapter*.99}% 91
\BOOKMARK [1][-]{section*.101}{\376\377\0002\000.\000\040\000T\000h\000e\000\040\000S\000c\000a\000l\000e\000\040\000o\000f\000\040\000V\000a\000l\000u\000e}{chapter*.99}% 92
\BOOKMARK [1][-]{section*.102}{\376\377\0003\000.\000\040\000T\000h\000e\000\040\000S\000c\000a\000l\000e\000\040\000o\000f\000\040\000N\000e\000e\000d\000s}{chapter*.99}% 93
\BOOKMARK [1][-]{section*.103}{\376\377\0004\000.\000\040\000A\000c\000t\000i\000o\000n\000\040\000a\000s\000\040\000a\000n\000\040\000E\000x\000c\000h\000a\000n\000g\000e}{chapter*.99}% 94
\BOOKMARK [0][-]{chapter*.105}{\376\377\000C\000h\000a\000p\000t\000e\000r\000\040\000V\000\040\000T\000i\000m\000e}{section*.63}% 95
\BOOKMARK [1][-]{section*.106}{\376\377\0001\000.\000\040\000T\000i\000m\000e\000\040\000a\000s\000\040\000a\000\040\000P\000r\000a\000x\000e\000o\000l\000o\000g\000i\000c\000a\000l\000\040\000F\000a\000c\000t\000o\000r}{chapter*.105}% 96
\BOOKMARK [1][-]{section*.107}{\376\377\0002\000.\000\040\000P\000a\000s\000t\000,\000\040\000P\000r\000e\000s\000e\000n\000t\000,\000\040\000a\000n\000d\000\040\000F\000u\000t\000u\000r\000e}{chapter*.105}% 97
\BOOKMARK [1][-]{section*.108}{\376\377\0003\000.\000\040\000T\000h\000e\000\040\000E\000c\000o\000n\000o\000m\000i\000z\000a\000t\000i\000o\000n\000\040\000o\000f\000\040\000T\000i\000m\000e}{chapter*.105}% 98
\BOOKMARK [1][-]{section*.109}{\376\377\0004\000.\000\040\000T\000h\000e\000\040\000T\000e\000m\000p\000o\000r\000a\000l\000\040\000R\000e\000l\000a\000t\000i\000o\000n\000\040\000B\000e\000t\000w\000e\000e\000n\000\040\000A\000c\000t\000i\000o\000n\000s}{chapter*.105}% 99
\BOOKMARK [1][-]{section*.110}{\376\377\000N\000o\000t\000e\000s}{chapter*.105}% 100
\BOOKMARK [0][-]{chapter*.112}{\376\377\000C\000h\000a\000p\000t\000e\000r\000\040\000V\000I\000\040\000U\000n\000c\000e\000r\000t\000a\000i\000n\000t\000y}{section*.63}% 101
\BOOKMARK [1][-]{section*.113}{\376\377\0001\000.\000\040\000U\000n\000c\000e\000r\000t\000a\000i\000n\000t\000y\000\040\000a\000n\000d\000\040\000A\000c\000t\000i\000n\000g}{chapter*.112}% 102
\BOOKMARK [1][-]{section*.114}{\376\377\0002\000.\000\040\000T\000h\000e\000\040\000M\000e\000a\000n\000i\000n\000g\000\040\000o\000f\000\040\000P\000r\000o\000b\000a\000b\000i\000l\000i\000t\000y}{chapter*.112}% 103
\BOOKMARK [1][-]{section*.115}{\376\377\0003\000.\000\040\000C\000l\000a\000s\000s\000\040\000P\000r\000o\000b\000a\000b\000i\000l\000i\000t\000y}{chapter*.112}% 104
\BOOKMARK [1][-]{section*.116}{\376\377\0004\000.\000\040\000C\000a\000s\000e\000\040\000P\000r\000o\000b\000a\000b\000i\000l\000i\000t\000y}{chapter*.112}% 105
\BOOKMARK [1][-]{section*.117}{\376\377\0005\000.\000\040\000N\000u\000m\000e\000r\000i\000c\000a\000l\000\040\000E\000v\000a\000l\000u\000a\000t\000i\000o\000n\000\040\000o\000f\000\040\000C\000a\000s\000e\000\040\000P\000r\000o\000b\000a\000b\000i\000l\000i\000t\000y}{chapter*.112}% 106
\BOOKMARK [1][-]{section*.118}{\376\377\0006\000.\000\040\000B\000e\000t\000t\000i\000n\000g\000,\000\040\000G\000a\000m\000b\000l\000i\000n\000g\000,\000\040\000a\000n\000d\000\040\000P\000l\000a\000y\000i\000n\000g\000\040\000G\000a\000m\000e\000s}{chapter*.112}% 107
\BOOKMARK [1][-]{section*.119}{\376\377\0007\000.\000\040\000P\000r\000a\000x\000e\000o\000l\000o\000g\000i\000c\000a\000l\000\040\000P\000r\000e\000d\000i\000c\000t\000i\000o\000n}{chapter*.112}% 108
\BOOKMARK [1][-]{section*.120}{\376\377\000N\000o\000t\000e\000s}{chapter*.112}% 109
\BOOKMARK [0][-]{chapter*.122}{\376\377\000C\000h\000a\000p\000t\000e\000r\000\040\000V\000I\000I\000\040\000A\000c\000t\000i\000o\000n\000\040\000w\000i\000t\000h\000i\000n\000\040\000t\000h\000e\000\040\000W\000o\000r\000l\000d}{section*.63}% 110
\BOOKMARK [1][-]{section*.123}{\376\377\0001\000.\000\040\000T\000h\000e\000\040\000L\000a\000w\000\040\000o\000f\000\040\000M\000a\000r\000g\000i\000n\000a\000l\000\040\000U\000t\000i\000l\000i\000t\000y}{chapter*.122}% 111
\BOOKMARK [1][-]{section*.124}{\376\377\0002\000.\000\040\000T\000h\000e\000\040\000L\000a\000w\000\040\000o\000f\000\040\000R\000e\000t\000u\000r\000n\000s}{chapter*.122}% 112
\BOOKMARK [1][-]{section*.125}{\376\377\0003\000.\000\040\000H\000u\000m\000a\000n\000\040\000L\000a\000b\000o\000r\000\040\000a\000s\000\040\000a\000\040\000M\000e\000a\000n\000s}{chapter*.122}% 113
\BOOKMARK [1][-]{section*.126}{\376\377\0004\000.\000\040\000P\000r\000o\000d\000u\000c\000t\000i\000o\000n}{chapter*.122}% 114
\BOOKMARK [1][-]{section*.127}{\376\377\000N\000o\000t\000e\000s}{chapter*.122}% 115
\BOOKMARK [-1][-]{section*.128}{\376\377\000P\000a\000r\000t\000\040\000T\000w\000o\000.\000\040\000A\000c\000t\000i\000o\000n\000\040\000w\000i\000t\000h\000i\000n\000\040\000t\000h\000e\000\040\000F\000r\000a\000m\000e\000w\000o\000r\000k\000\040\000o\000f\000\040\000S\000o\000c\000i\000e\000t\000y}{}% 116
\BOOKMARK [0][-]{chapter*.130}{\376\377\000C\000h\000a\000p\000t\000e\000r\000\040\000V\000I\000I\000I\000\040\000H\000u\000m\000a\000n\000\040\000S\000o\000c\000i\000e\000t\000y}{section*.128}% 117
\BOOKMARK [1][-]{section*.131}{\376\377\0001\000.\000\040\000H\000u\000m\000a\000n\000\040\000C\000o\000o\000p\000e\000r\000a\000t\000i\000o\000n}{chapter*.130}% 118
\BOOKMARK [1][-]{section*.132}{\376\377\0002\000.\000\040\000A\000\040\000C\000r\000i\000t\000i\000q\000u\000e\000\040\000o\000f\000\040\000t\000h\000e\000\040\000H\000o\000l\000i\000s\000t\000i\000c\000\040\000a\000n\000d\000\040\000M\000e\000t\000a\000p\000h\000y\000s\000i\000c\000a\000l}{chapter*.130}% 119
\BOOKMARK [1][-]{section*.133}{\376\377\000V\000i\000e\000w\000\040\000o\000f\000\040\000S\000o\000c\000i\000e\000t\000y}{chapter*.130}% 120
\BOOKMARK [1][-]{section*.134}{\376\377\0003\000.\000\040\000T\000h\000e\000\040\000D\000i\000v\000i\000s\000i\000o\000n\000\040\000o\000f\000\040\000L\000a\000b\000o\000r}{chapter*.130}% 121
\BOOKMARK [1][-]{section*.135}{\376\377\0004\000.\000\040\000T\000h\000e\000\040\000R\000i\000c\000a\000r\000d\000i\000a\000n\000\040\000L\000a\000w\000\040\000o\000f\000\040\000A\000s\000s\000o\000c\000i\000a\000t\000i\000o\000n}{chapter*.130}% 122
\BOOKMARK [1][-]{section*.136}{\376\377\0005\000.\000\040\000T\000h\000e\000\040\000E\000f\000f\000e\000c\000t\000s\000\040\000o\000f\000\040\000t\000h\000e\000\040\000D\000i\000v\000i\000s\000i\000o\000n\000\040\000o\000f\000\040\000L\000a\000b\000o\000r}{chapter*.130}% 123
\BOOKMARK [1][-]{section*.137}{\376\377\0006\000.\000\040\000T\000h\000e\000\040\000I\000n\000d\000i\000v\000i\000d\000u\000a\000l\000\040\000W\000i\000t\000h\000i\000n\000\040\000S\000o\000c\000i\000e\000t\000y}{chapter*.130}% 124
\BOOKMARK [1][-]{section*.138}{\376\377\0007\000.\000\040\000T\000h\000e\000\040\000G\000r\000e\000a\000t\000\040\000S\000o\000c\000i\000e\000t\000y}{chapter*.130}% 125
\BOOKMARK [1][-]{section*.139}{\376\377\0008\000.\000\040\000T\000h\000e\000\040\000I\000n\000s\000t\000i\000n\000c\000t\000\040\000o\000f\000\040\000A\000g\000g\000r\000e\000s\000s\000i\000o\000n\000\040\000a\000n\000d\000\040\000D\000e\000s\000t\000r\000u\000c\000t\000i\000o\000n}{chapter*.130}% 126
\BOOKMARK [1][-]{section*.140}{\376\377\000N\000o\000t\000e\000s}{chapter*.130}% 127
\BOOKMARK [0][-]{chapter*.142}{\376\377\000C\000h\000a\000p\000t\000e\000r\000\040\000I\000X\000\040\000T\000h\000e\000\040\000R\000o\000l\000e\000\040\000o\000f\000\040\000I\000d\000e\000a\000s}{section*.128}% 128
\BOOKMARK [1][-]{section*.143}{\376\377\0001\000.\000\040\000H\000u\000m\000a\000n\000\040\000R\000e\000a\000s\000o\000n}{chapter*.142}% 129
\BOOKMARK [1][-]{section*.144}{\376\377\0002\000.\000\040\000W\000o\000r\000l\000d\000\040\000V\000i\000e\000w\000\040\000a\000n\000d\000\040\000I\000d\000e\000o\000l\000o\000g\000y}{chapter*.142}% 130
\BOOKMARK [1][-]{section*.145}{\376\377\0003\000.\000\040\000M\000i\000g\000h\000t}{chapter*.142}% 131
\BOOKMARK [1][-]{section*.146}{\376\377\0004\000.\000\040\000M\000e\000l\000i\000o\000r\000i\000s\000m\000\040\000a\000n\000d\000\040\000t\000h\000e\000\040\000I\000d\000e\000a\000\040\000o\000f\000\040\000P\000r\000o\000g\000r\000e\000s\000s}{chapter*.142}% 132
\BOOKMARK [1][-]{section*.147}{\376\377\000N\000o\000t\000e\000s}{chapter*.142}% 133
\BOOKMARK [0][-]{chapter*.149}{\376\377\000C\000h\000a\000p\000t\000e\000r\000\040\000X\000\040\000E\000x\000c\000h\000a\000n\000g\000e\000\040\000w\000i\000t\000h\000i\000n\000\040\000S\000o\000c\000i\000e\000t\000y}{section*.128}% 134
\BOOKMARK [1][-]{section*.150}{\376\377\0001\000.\000\040\000A\000u\000t\000i\000s\000t\000i\000c\000\040\000E\000x\000c\000h\000a\000n\000g\000e\000\040\000a\000n\000d\000\040\000I\000n\000t\000e\000r\000p\000e\000r\000s\000o\000n\000a\000l\000\040\000E\000x\000c\000h\000a\000n\000g\000e}{chapter*.149}% 135
\BOOKMARK [1][-]{section*.151}{\376\377\0002\000.\000\040\000C\000o\000n\000t\000r\000a\000c\000t\000u\000a\000l\000\040\000B\000o\000n\000d\000s\000\040\000a\000n\000d\000\040\000H\000e\000g\000e\000m\000o\000n\000i\000c\000\040\000B\000o\000n\000d\000s}{chapter*.149}% 136
\BOOKMARK [1][-]{section*.152}{\376\377\0003\000.\000\040\000C\000a\000l\000c\000u\000l\000a\000t\000i\000v\000e\000\040\000A\000c\000t\000i\000o\000n}{chapter*.149}% 137
\BOOKMARK [1][-]{section*.153}{\376\377\000N\000o\000t\000e\000s}{chapter*.149}% 138
\BOOKMARK [-1][-]{section*.154}{\376\377\000P\000a\000r\000t\000\040\000T\000h\000r\000e\000e\000.\000\040\000E\000c\000o\000n\000o\000m\000i\000c\000\040\000C\000a\000l\000c\000u\000l\000a\000t\000i\000o\000n}{}% 139
\BOOKMARK [0][-]{chapter*.156}{\376\377\000C\000h\000a\000p\000t\000e\000r\000\040\000X\000I\000\040\000V\000a\000l\000u\000a\000t\000i\000o\000n\000\040\000w\000i\000t\000h\000o\000u\000t\000\040\000C\000a\000l\000c\000u\000l\000a\000t\000i\000o\000n}{section*.154}% 140
\BOOKMARK [1][-]{section*.157}{\376\377\0001\000.\000\040\000T\000h\000e\000\040\000G\000r\000a\000d\000a\000t\000i\000o\000n\000\040\000o\000f\000\040\000t\000h\000e\000\040\000M\000e\000a\000n\000s}{chapter*.156}% 141
\BOOKMARK [1][-]{section*.158}{\376\377\0002\000.\000\040\000T\000h\000e\000\040\000B\000a\000r\000t\000e\000r\000-\000F\000i\000c\000t\000i\000o\000n\000\040\000o\000f\000\040\000t\000h\000e\000\040\000E\000l\000e\000m\000e\000n\000t\000a\000r\000y\000\040\000T\000h\000e\000o\000r\000y}{chapter*.156}% 142
\BOOKMARK [1][-]{section*.159}{\376\377\000o\000f\000\040\000V\000a\000l\000u\000e\000\040\000a\000n\000d\000\040\000P\000r\000i\000c\000e\000s}{chapter*.156}% 143
\BOOKMARK [1][-]{section*.160}{\376\377\0003\000.\000\040\000T\000h\000e\000\040\000P\000r\000o\000b\000l\000e\000m\000\040\000o\000f\000\040\000E\000c\000o\000n\000o\000m\000i\000c\000\040\000C\000a\000l\000c\000u\000l\000a\000t\000i\000o\000n}{chapter*.156}% 144
\BOOKMARK [1][-]{section*.161}{\376\377\0004\000.\000\040\000E\000c\000o\000n\000o\000m\000i\000c\000\040\000C\000a\000l\000c\000u\000l\000a\000t\000i\000o\000n\000\040\000a\000n\000d\000\040\000t\000h\000e\000\040\000M\000a\000r\000k\000e\000t}{chapter*.156}% 145
\BOOKMARK [1][-]{section*.162}{\376\377\000N\000o\000t\000e\000s}{chapter*.156}% 146
\BOOKMARK [0][-]{chapter*.164}{\376\377\000C\000h\000a\000p\000t\000e\000r\000\040\000X\000I\000I\000\040\000T\000h\000e\000\040\000S\000p\000h\000e\000r\000e\000\040\000o\000f\000\040\000E\000c\000o\000n\000o\000m\000i\000c\000\040\000C\000a\000l\000c\000u\000l\000a\000t\000i\000o\000n}{section*.154}% 147
\BOOKMARK [1][-]{section*.165}{\376\377\0001\000.\000\040\000T\000h\000e\000\040\000C\000h\000a\000r\000a\000c\000t\000e\000r\000\040\000o\000f\000\040\000M\000o\000n\000e\000t\000a\000r\000y\000\040\000E\000n\000t\000r\000i\000e\000s}{chapter*.164}% 148
\BOOKMARK [1][-]{section*.166}{\376\377\0002\000.\000\040\000T\000h\000e\000\040\000L\000i\000m\000i\000t\000s\000\040\000o\000f\000\040\000E\000c\000o\000n\000o\000m\000i\000c\000\040\000C\000a\000l\000c\000u\000l\000a\000t\000i\000o\000n}{chapter*.164}% 149
\BOOKMARK [1][-]{section*.167}{\376\377\0003\000.\000\040\000T\000h\000e\000\040\000C\000h\000a\000n\000g\000e\000a\000b\000i\000l\000i\000t\000y\000\040\000o\000f\000\040\000P\000r\000i\000c\000e\000s}{chapter*.164}% 150
\BOOKMARK [1][-]{section*.168}{\376\377\0004\000.\000\040\000S\000t\000a\000b\000i\000l\000i\000z\000a\000t\000i\000o\000n}{chapter*.164}% 151
\BOOKMARK [1][-]{section*.169}{\376\377\0005\000.\000\040\000T\000h\000e\000\040\000R\000o\000o\000t\000\040\000o\000f\000\040\000t\000h\000e\000\040\000S\000t\000a\000b\000i\000l\000i\000z\000a\000t\000i\000o\000n\000\040\000I\000d\000e\000a}{chapter*.164}% 152
\BOOKMARK [1][-]{section*.170}{\376\377\000N\000o\000t\000e\000s}{chapter*.164}% 153
\BOOKMARK [0][-]{chapter*.172}{\376\377\000C\000h\000a\000p\000t\000e\000r\000\040\000X\000I\000I\000I\000\040\000M\000o\000n\000e\000t\000a\000r\000y\000\040\000C\000a\000l\000c\000u\000l\000a\000t\000i\000o\000n\000\040\000a\000s\000\040\000a\000\040\000T\000o\000o\000l\000\040\000o\000f\000\040\000A\000c\000t\000i\000o\000n}{section*.154}% 154
\BOOKMARK [1][-]{section*.173}{\376\377\0001\000.\000\040\000M\000o\000n\000e\000t\000a\000r\000y\000\040\000C\000a\000l\000c\000u\000l\000a\000t\000i\000o\000n\000\040\000a\000s\000\040\000a\000\040\000M\000e\000t\000h\000o\000d\000\040\000o\000f\000\040\000T\000h\000i\000n\000k\000i\000n\000g}{chapter*.172}% 155
\BOOKMARK [1][-]{section*.174}{\376\377\0002\000.\000\040\000E\000c\000o\000n\000o\000m\000i\000c\000\040\000C\000a\000l\000c\000u\000l\000a\000t\000i\000o\000n\000\040\000a\000n\000d\000\040\000t\000h\000e\000\040\000S\000c\000i\000e\000n\000c\000e\000\040\000o\000f\000\040\000H\000u\000m\000a\000n\000\040\000A\000c\000t\000i\000o\000n}{chapter*.172}% 156
\BOOKMARK [1][-]{section*.175}{\376\377\000N\000o\000t\000e\000s}{chapter*.172}% 157
\BOOKMARK [-1][-]{section*.176}{\376\377\000P\000a\000r\000t\000\040\000F\000o\000u\000r\000.\000\040\000C\000a\000t\000a\000l\000l\000a\000c\000t\000i\000c\000s\000\040\000o\000r\000\040\000E\000c\000o\000n\000o\000m\000i\000c\000s\000\040\000o\000f\000\040\000t\000h\000e\000\040\000M\000a\000r\000k\000e\000t\000\040\000S\000o\000c\000i\000e\000t\000y}{}% 158
\BOOKMARK [0][-]{chapter*.178}{\376\377\000C\000h\000a\000p\000t\000e\000r\000\040\000X\000I\000V\000\040\000T\000h\000e\000\040\000S\000c\000o\000p\000e\000\040\000a\000n\000d\000\040\000M\000e\000t\000h\000o\000d\000\040\000o\000f\000\040\000C\000a\000t\000a\000l\000l\000a\000c\000t\000i\000c\000s}{section*.176}% 159
\BOOKMARK [1][-]{section*.179}{\376\377\0001\000.\000\040\000T\000h\000e\000\040\000D\000e\000l\000i\000m\000i\000t\000a\000t\000i\000o\000n\000\040\000o\000f\000\040\000C\000a\000t\000a\000l\000l\000a\000c\000t\000i\000c\000\040\000P\000r\000o\000b\000l\000e\000m\000s}{chapter*.178}% 160
\BOOKMARK [1][-]{section*.180}{\376\377\0002\000.\000\040\000T\000h\000e\000\040\000M\000e\000t\000h\000o\000d\000\040\000o\000f\000\040\000I\000m\000a\000g\000i\000n\000a\000r\000y\000\040\000C\000o\000n\000s\000t\000r\000u\000c\000t\000i\000o\000n\000s}{chapter*.178}% 161
\BOOKMARK [1][-]{section*.181}{\376\377\0003\000.\000\040\000T\000h\000e\000\040\000P\000u\000r\000e\000\040\000M\000a\000r\000k\000e\000t\000\040\000E\000c\000o\000n\000o\000m\000y}{chapter*.178}% 162
\BOOKMARK [1][-]{section*.182}{\376\377\0004\000.\000\040\000T\000h\000e\000\040\000A\000u\000t\000i\000s\000t\000i\000c\000\040\000E\000c\000o\000n\000o\000m\000y}{chapter*.178}% 163
\BOOKMARK [1][-]{section*.183}{\376\377\0005\000.\000\040\000T\000h\000e\000\040\000S\000t\000a\000t\000e\000\040\000o\000f\000\040\000R\000e\000s\000t\000\040\000a\000n\000d\000\040\000t\000h\000e\000\040\000E\000v\000e\000n\000l\000y\000\040\000R\000o\000t\000a\000t\000i\000n\000g\000\040\000E\000c\000o\000n\000o\000m\000y}{chapter*.178}% 164
\BOOKMARK [1][-]{section*.184}{\376\377\0006\000.\000\040\000T\000h\000e\000\040\000S\000t\000a\000t\000i\000o\000n\000a\000r\000y\000\040\000E\000c\000o\000n\000o\000m\000y}{chapter*.178}% 165
\BOOKMARK [1][-]{section*.185}{\376\377\0007\000.\000\040\000T\000h\000e\000\040\000I\000n\000t\000e\000g\000r\000a\000t\000i\000o\000n\000\040\000o\000f\000\040\000C\000a\000t\000a\000l\000l\000a\000c\000t\000i\000c\000\040\000F\000u\000n\000c\000t\000i\000o\000n\000s}{chapter*.178}% 166
\BOOKMARK [1][-]{section*.186}{\376\377\000N\000o\000t\000e\000s}{chapter*.178}% 167
\BOOKMARK [0][-]{chapter*.188}{\376\377\000C\000h\000a\000p\000t\000e\000r\000\040\000X\000V\000\040\000T\000h\000e\000\040\000M\000a\000r\000k\000e\000t}{section*.176}% 168
\BOOKMARK [1][-]{section*.189}{\376\377\0001\000.\000\040\000T\000h\000e\000\040\000C\000h\000a\000r\000a\000c\000t\000e\000r\000i\000s\000t\000i\000c\000s\000\040\000o\000f\000\040\000t\000h\000e\000\040\000M\000a\000r\000k\000e\000t\000\040\000E\000c\000o\000n\000o\000m\000y}{chapter*.188}% 169
\BOOKMARK [1][-]{section*.190}{\376\377\0002\000.\000\040\000C\000a\000p\000i\000t\000a\000l\000\040\000G\000o\000o\000d\000s\000\040\000a\000n\000d\000\040\000C\000a\000p\000i\000t\000a\000l}{chapter*.188}% 170
\BOOKMARK [1][-]{section*.191}{\376\377\0003\000.\000\040\000C\000a\000p\000i\000t\000a\000l\000i\000s\000m}{chapter*.188}% 171
\BOOKMARK [1][-]{section*.192}{\376\377\0004\000.\000\040\000T\000h\000e\000\040\000S\000o\000v\000e\000r\000e\000i\000g\000n\000t\000y\000\040\000o\000f\000\040\000t\000h\000e\000\040\000C\000o\000n\000s\000u\000m\000e\000r\000s}{chapter*.188}% 172
\BOOKMARK [1][-]{section*.193}{\376\377\0005\000.\000\040\000C\000o\000m\000p\000e\000t\000i\000t\000i\000o\000n}{chapter*.188}% 173
\BOOKMARK [1][-]{section*.194}{\376\377\0006\000.\000\040\000F\000r\000e\000e\000d\000o\000m}{chapter*.188}% 174
\BOOKMARK [1][-]{section*.195}{\376\377\0007\000.\000\040\000I\000n\000e\000q\000u\000a\000l\000i\000t\000y\000\040\000o\000f\000\040\000W\000e\000a\000l\000t\000h\000\040\000a\000n\000d\000\040\000I\000n\000c\000o\000m\000e}{chapter*.188}% 175
\BOOKMARK [1][-]{section*.196}{\376\377\0008\000.\000\040\000E\000n\000t\000r\000e\000p\000r\000e\000n\000e\000u\000r\000i\000a\000l\000\040\000P\000r\000o\000f\000i\000t\000\040\000a\000n\000d\000\040\000L\000o\000s\000s}{chapter*.188}% 176
\BOOKMARK [1][-]{section*.197}{\376\377\0009\000.\000\040\000E\000n\000t\000r\000e\000p\000r\000e\000n\000e\000u\000r\000i\000a\000l\000\040\000P\000r\000o\000f\000i\000t\000s\000\040\000a\000n\000d\000\040\000L\000o\000s\000s\000e\000s\000\040\000i\000n\000\040\000a\000\040\000P\000r\000o\000g\000r\000e\000s\000s\000i\000n\000g}{chapter*.188}% 177
\BOOKMARK [1][-]{section*.198}{\376\377\000E\000c\000o\000n\000o\000m\000y}{chapter*.188}% 178
\BOOKMARK [1][-]{section*.199}{\376\377\0001\0000\000.\000\040\000P\000r\000o\000m\000o\000t\000e\000r\000s\000,\000\040\000M\000a\000n\000a\000g\000e\000r\000s\000,\000\040\000T\000e\000c\000h\000n\000i\000c\000i\000a\000n\000s\000,\000\040\000a\000n\000d\000\040\000B\000u\000r\000e\000a\000u\000c\000r\000a\000t\000s}{chapter*.188}% 179
\BOOKMARK [1][-]{section*.200}{\376\377\0001\0001\000.\000\040\000T\000h\000e\000\040\000S\000e\000l\000e\000c\000t\000i\000v\000e\000\040\000P\000r\000o\000c\000e\000s\000s}{chapter*.188}% 180
\BOOKMARK [1][-]{section*.201}{\376\377\0001\0002\000.\000\040\000T\000h\000e\000\040\000I\000n\000d\000i\000v\000i\000d\000u\000a\000l\000\040\000a\000n\000d\000\040\000t\000h\000e\000\040\000M\000a\000r\000k\000e\000t}{chapter*.188}% 181
\BOOKMARK [1][-]{section*.202}{\376\377\0001\0003\000.\000\040\000B\000u\000s\000i\000n\000e\000s\000s\000\040\000P\000r\000o\000p\000a\000g\000a\000n\000d\000a}{chapter*.188}% 182
\BOOKMARK [1][-]{section*.203}{\376\377\0001\0004\000.\000\040\000T\000h\000e\000\040\040\034\000V\000o\000l\000k\000s\000w\000i\000r\000t\000s\000c\000h\000a\000f\000t\040\035}{chapter*.188}% 183
\BOOKMARK [1][-]{section*.204}{\376\377\000N\000o\000t\000e\000s}{chapter*.188}% 184
\BOOKMARK [0][-]{chapter*.206}{\376\377\000C\000h\000a\000p\000t\000e\000r\000\040\000X\000V\000I\000\040\000P\000r\000i\000c\000e\000s}{section*.176}% 185
\BOOKMARK [1][-]{section*.207}{\376\377\0001\000.\000\040\000T\000h\000e\000\040\000P\000r\000i\000c\000i\000n\000g\000\040\000P\000r\000o\000c\000e\000s\000s}{chapter*.206}% 186
\BOOKMARK [1][-]{section*.208}{\376\377\0002\000.\000\040\000V\000a\000l\000u\000a\000t\000i\000o\000n\000\040\000a\000n\000d\000\040\000A\000p\000p\000r\000a\000i\000s\000e\000m\000e\000n\000t}{chapter*.206}% 187
\BOOKMARK [1][-]{section*.209}{\376\377\0003\000.\000\040\000T\000h\000e\000\040\000P\000r\000i\000c\000e\000s\000\040\000o\000f\000\040\000t\000h\000e\000\040\000G\000o\000o\000d\000s\000\040\000o\000f\000\040\000H\000i\000g\000h\000e\000r\000\040\000O\000r\000d\000e\000r\000s}{chapter*.206}% 188
\BOOKMARK [1][-]{section*.210}{\376\377\0004\000.\000\040\000C\000o\000s\000t\000\040\000A\000c\000c\000o\000u\000n\000t\000i\000n\000g}{chapter*.206}% 189
\BOOKMARK [1][-]{section*.211}{\376\377\0005\000.\000\040\000L\000o\000g\000i\000c\000a\000l\000\040\000C\000a\000t\000a\000l\000l\000a\000c\000t\000i\000c\000s\000\040\000V\000e\000r\000s\000u\000s\000\040\000M\000a\000t\000h\000e\000m\000a\000t\000i\000c\000a\000l\000\040\000C\000a\000t\000a\000l\000l\000a\000c\000t\000i\000c\000s}{chapter*.206}% 190
\BOOKMARK [1][-]{section*.212}{\376\377\0006\000.\000\040\000M\000o\000n\000o\000p\000o\000l\000y\000\040\000P\000r\000i\000c\000e\000s}{chapter*.206}% 191
\BOOKMARK [1][-]{section*.213}{\376\377\0007\000.\000\040\000G\000o\000o\000d\000\040\000W\000i\000l\000l}{chapter*.206}% 192
\BOOKMARK [1][-]{section*.214}{\376\377\0008\000.\000\040\000M\000o\000n\000o\000p\000o\000l\000y\000\040\000o\000f\000\040\000D\000e\000m\000a\000n\000d}{chapter*.206}% 193
\BOOKMARK [1][-]{section*.215}{\376\377\0009\000.\000\040\000C\000o\000n\000s\000u\000m\000p\000t\000i\000o\000n\000\040\000a\000s\000\040\000A\000f\000f\000e\000c\000t\000e\000d\000\040\000b\000y\000\040\000M\000o\000n\000o\000p\000o\000l\000y\000\040\000P\000r\000i\000c\000e\000s}{chapter*.206}% 194
\BOOKMARK [1][-]{section*.216}{\376\377\0001\0000\000.\000\040\000P\000r\000i\000c\000e\000\040\000D\000i\000s\000c\000r\000i\000m\000i\000n\000a\000t\000i\000o\000n\000\040\000o\000n\000\040\000t\000h\000e\000\040\000P\000a\000r\000t\000\040\000o\000f\000\040\000t\000h\000e\000\040\000S\000e\000l\000l\000e\000r}{chapter*.206}% 195
\BOOKMARK [1][-]{section*.217}{\376\377\0001\0001\000.\000\040\000P\000r\000i\000c\000e\000\040\000D\000i\000s\000c\000r\000i\000m\000i\000n\000a\000t\000i\000o\000n\000\040\000o\000n\000\040\000t\000h\000e\000\040\000P\000a\000r\000t\000\040\000o\000f\000\040\000t\000h\000e\000\040\000B\000u\000y\000e\000r}{chapter*.206}% 196
\BOOKMARK [1][-]{section*.218}{\376\377\0001\0002\000.\000\040\000T\000h\000e\000\040\000C\000o\000n\000n\000e\000x\000i\000t\000y\000\040\000o\000f\000\040\000P\000r\000i\000c\000e\000s}{chapter*.206}% 197
\BOOKMARK [1][-]{section*.219}{\376\377\0001\0003\000.\000\040\000P\000r\000i\000c\000e\000s\000\040\000a\000n\000d\000\040\000I\000n\000c\000o\000m\000e}{chapter*.206}% 198
\BOOKMARK [1][-]{section*.220}{\376\377\0001\0004\000.\000\040\000P\000r\000i\000c\000e\000s\000\040\000a\000n\000d\000\040\000P\000r\000o\000d\000u\000c\000t\000i\000o\000n}{chapter*.206}% 199
\BOOKMARK [1][-]{section*.221}{\376\377\0001\0005\000.\000\040\000T\000h\000e\000\040\000C\000h\000i\000m\000e\000r\000a\000\040\000o\000f\000\040\000N\000o\000n\000m\000a\000r\000k\000e\000t\000\040\000P\000r\000i\000c\000e\000s}{chapter*.206}% 200
\BOOKMARK [1][-]{section*.222}{\376\377\000N\000o\000t\000e\000s}{chapter*.206}% 201
\BOOKMARK [0][-]{chapter*.224}{\376\377\000C\000h\000a\000p\000t\000e\000r\000\040\000X\000V\000I\000I\000\040\000I\000n\000d\000i\000r\000e\000c\000t\000\040\000E\000x\000c\000h\000a\000n\000g\000e}{section*.176}% 202
\BOOKMARK [1][-]{section*.225}{\376\377\0001\000.\000\040\000M\000e\000d\000i\000a\000\040\000o\000f\000\040\000E\000x\000c\000h\000a\000n\000g\000e\000\040\000a\000n\000d\000\040\000M\000o\000n\000e\000y}{chapter*.224}% 203
\BOOKMARK [1][-]{section*.226}{\376\377\0002\000.\000\040\000O\000b\000s\000e\000r\000v\000a\000t\000i\000o\000n\000s\000\040\000o\000n\000\040\000S\000o\000m\000e\000\040\000W\000i\000d\000e\000s\000p\000r\000e\000a\000d\000\040\000E\000r\000r\000o\000r\000s}{chapter*.224}% 204
\BOOKMARK [1][-]{section*.227}{\376\377\0003\000.\000\040\000D\000e\000m\000a\000n\000d\000\040\000f\000o\000r\000\040\000M\000o\000n\000e\000y\000\040\000a\000n\000d\000\040\000S\000u\000p\000p\000l\000y\000\040\000o\000f\000\040\000M\000o\000n\000e\000y}{chapter*.224}% 205
\BOOKMARK [1][-]{section*.228}{\376\377\0004\000.\000\040\000T\000h\000e\000\040\000D\000e\000t\000e\000r\000m\000i\000n\000a\000t\000i\000o\000n\000\040\000o\000f\000\040\000t\000h\000e\000\040\000P\000u\000r\000c\000h\000a\000s\000i\000n\000g\000\040\000P\000o\000w\000e\000r\000\040\000o\000f\000\040\000M\000o\000n\000e\000y}{chapter*.224}% 206
\BOOKMARK [1][-]{section*.229}{\376\377\0005\000.\000\040\000T\000h\000e\000\040\000P\000r\000o\000b\000l\000e\000m\000\040\000o\000f\000\040\000H\000u\000m\000e\000\040\000a\000n\000d\000\040\000M\000i\000l\000l\000\040\000a\000n\000d\000\040\000t\000h\000e\000\040\000D\000r\000i\000v\000i\000n\000g}{chapter*.224}% 207
\BOOKMARK [1][-]{section*.230}{\376\377\000F\000o\000r\000c\000e\000\040\000o\000f\000\040\000M\000o\000n\000e\000y}{chapter*.224}% 208
\BOOKMARK [1][-]{section*.231}{\376\377\0006\000.\000\040\000C\000a\000s\000h\000-\000I\000n\000d\000u\000c\000e\000d\000\040\000a\000n\000d\000\040\000G\000o\000o\000d\000s\000-\000I\000n\000d\000u\000c\000e\000d\000\040\000C\000h\000a\000n\000g\000e\000s}{chapter*.224}% 209
\BOOKMARK [1][-]{section*.232}{\376\377\000i\000n\000\040\000P\000u\000r\000c\000h\000a\000s\000i\000n\000g\000\040\000P\000o\000w\000e\000r}{chapter*.224}% 210
\BOOKMARK [1][-]{section*.233}{\376\377\0007\000.\000\040\000M\000o\000n\000e\000t\000a\000r\000y\000\040\000C\000a\000l\000c\000u\000l\000a\000t\000i\000o\000n\000\040\000a\000n\000d\000\040\000C\000h\000a\000n\000g\000e\000s\000\040\000i\000n\000\040\000P\000u\000r\000c\000h\000a\000s\000i\000n\000g\000\040\000P\000o\000w\000e\000r}{chapter*.224}% 211
\BOOKMARK [1][-]{section*.234}{\376\377\0008\000.\000\040\000T\000h\000e\000\040\000A\000n\000t\000i\000c\000i\000p\000a\000t\000i\000o\000n\000\040\000o\000f\000\040\000E\000x\000p\000e\000c\000t\000e\000d\000\040\000C\000h\000a\000n\000g\000e\000s\000\040\000i\000n}{chapter*.224}% 212
\BOOKMARK [1][-]{section*.235}{\376\377\000P\000u\000r\000c\000h\000a\000s\000i\000n\000g\000\040\000P\000o\000w\000e\000r}{chapter*.224}% 213
\BOOKMARK [1][-]{section*.236}{\376\377\0009\000.\000\040\000T\000h\000e\000\040\000S\000p\000e\000c\000i\000f\000i\000c\000\040\000V\000a\000l\000u\000e\000\040\000o\000f\000\040\000M\000o\000n\000e\000y}{chapter*.224}% 214
\BOOKMARK [1][-]{section*.237}{\376\377\0001\0000\000.\000\040\000T\000h\000e\000\040\000I\000m\000p\000o\000r\000t\000\040\000o\000f\000\040\000t\000h\000e\000\040\000M\000o\000n\000e\000y\000\040\000R\000e\000l\000a\000t\000i\000o\000n}{chapter*.224}% 215
\BOOKMARK [1][-]{section*.238}{\376\377\0001\0001\000.\000\040\000T\000h\000e\000\040\000M\000o\000n\000e\000y\000-\000S\000u\000b\000s\000t\000i\000t\000u\000t\000e\000s}{chapter*.224}% 216
\BOOKMARK [1][-]{section*.239}{\376\377\0001\0002\000.\000\040\000T\000h\000e\000\040\000L\000i\000m\000i\000t\000a\000t\000i\000o\000n\000\040\000o\000n\000\040\000t\000h\000e\000\040\000I\000s\000s\000u\000a\000n\000c\000e\000\040\000o\000f\000\040\000F\000i\000d\000u\000c\000i\000a\000r\000y\000\040\000M\000e\000d\000i\000a}{chapter*.224}% 217
\BOOKMARK [1][-]{section*.240}{\376\377\0001\0003\000.\000\040\000T\000h\000e\000\040\000S\000i\000z\000e\000\040\000a\000n\000d\000\040\000C\000o\000m\000p\000o\000s\000i\000t\000i\000o\000n\000\040\000o\000f\000\040\000C\000a\000s\000h\000\040\000H\000o\000l\000d\000i\000n\000g\000s}{chapter*.224}% 218
\BOOKMARK [1][-]{section*.241}{\376\377\0001\0004\000.\000\040\000B\000a\000l\000a\000n\000c\000e\000s\000\040\000o\000f\000\040\000P\000a\000y\000m\000e\000n\000t}{chapter*.224}% 219
\BOOKMARK [1][-]{section*.242}{\376\377\0001\0005\000.\000\040\000I\000n\000t\000e\000r\000l\000o\000c\000a\000l\000\040\000E\000x\000c\000h\000a\000n\000g\000e\000\040\000R\000a\000t\000e\000s}{chapter*.224}% 220
\BOOKMARK [1][-]{section*.243}{\376\377\0001\0006\000.\000\040\000I\000n\000t\000e\000r\000e\000s\000t\000\040\000R\000a\000t\000e\000s\000\040\000a\000n\000d\000\040\000t\000h\000e\000\040\000M\000o\000n\000e\000y\000\040\000R\000e\000l\000a\000t\000i\000o\000n}{chapter*.224}% 221
\BOOKMARK [1][-]{section*.244}{\376\377\0001\0007\000.\000\040\000S\000e\000c\000o\000n\000d\000a\000r\000y\000\040\000M\000e\000d\000i\000a\000\040\000o\000f\000\040\000E\000x\000c\000h\000a\000n\000g\000e}{chapter*.224}% 222
\BOOKMARK [1][-]{section*.245}{\376\377\0001\0008\000.\000\040\000T\000h\000e\000\040\000I\000n\000f\000l\000a\000t\000i\000o\000n\000i\000s\000t\000\040\000V\000i\000e\000w\000\040\000o\000f\000\040\000H\000i\000s\000t\000o\000r\000y}{chapter*.224}% 223
\BOOKMARK [1][-]{section*.246}{\376\377\0001\0009\000.\000\040\000T\000h\000e\000\040\000G\000o\000l\000d\000\040\000S\000t\000a\000n\000d\000a\000r\000d}{chapter*.224}% 224
\BOOKMARK [1][-]{section*.247}{\376\377\000N\000o\000t\000e\000s}{chapter*.224}% 225
\BOOKMARK [0][-]{chapter*.249}{\376\377\000C\000h\000a\000p\000t\000e\000r\000\040\000X\000V\000I\000I\000I\000\040\000A\000c\000t\000i\000o\000n\000\040\000i\000n\000\040\000t\000h\000e\000\040\000P\000a\000s\000s\000i\000n\000g\000\040\000o\000f\000\040\000T\000i\000m\000e}{section*.176}% 226
\BOOKMARK [1][-]{section*.250}{\376\377\0001\000.\000\040\000P\000e\000r\000s\000p\000e\000c\000t\000i\000v\000e\000\040\000i\000n\000\040\000t\000h\000e\000\040\000V\000a\000l\000u\000a\000t\000i\000o\000n\000\040\000o\000f\000\040\000T\000i\000m\000e\000\040\000P\000e\000r\000i\000o\000d\000s}{chapter*.249}% 227
\BOOKMARK [1][-]{section*.251}{\376\377\0002\000.\000\040\000T\000i\000m\000e\000\040\000P\000r\000e\000f\000e\000r\000e\000n\000c\000e\000\040\000a\000s\000\040\000a\000n\000\040\000E\000s\000s\000e\000n\000t\000i\000a\000l\000\040\000R\000e\000q\000u\000i\000s\000i\000t\000e\000\040\000o\000f\000\040\000A\000c\000t\000i\000o\000n}{chapter*.249}% 228
\BOOKMARK [1][-]{section*.252}{\376\377\0003\000.\000\040\000C\000a\000p\000i\000t\000a\000l\000\040\000G\000o\000o\000d\000s}{chapter*.249}% 229
\BOOKMARK [1][-]{section*.253}{\376\377\0004\000.\000\040\000P\000e\000r\000i\000o\000d\000\040\000o\000f\000\040\000P\000r\000o\000d\000u\000c\000t\000i\000o\000n\000,\000\040\000W\000a\000i\000t\000i\000n\000g\000\040\000T\000i\000m\000e\000,\000\040\000a\000n\000d}{chapter*.249}% 230
\BOOKMARK [1][-]{section*.254}{\376\377\000P\000e\000r\000i\000o\000d\000\040\000o\000f\000\040\000P\000r\000o\000v\000i\000s\000i\000o\000n}{chapter*.249}% 231
\BOOKMARK [1][-]{section*.255}{\376\377\0005\000.\000\040\000T\000h\000e\000\040\000C\000o\000n\000v\000e\000r\000t\000i\000b\000i\000l\000i\000t\000y\000\040\000o\000f\000\040\000C\000a\000p\000i\000t\000a\000l\000\040\000G\000o\000o\000d\000s}{chapter*.249}% 232
\BOOKMARK [1][-]{section*.256}{\376\377\0006\000.\000\040\000T\000h\000e\000\040\000I\000n\000f\000l\000u\000e\000n\000c\000e\000\040\000o\000f\000\040\000t\000h\000e\000\040\000P\000a\000s\000t\000\040\000U\000p\000o\000n\000\040\000A\000c\000t\000i\000o\000n}{chapter*.249}% 233
\BOOKMARK [1][-]{section*.257}{\376\377\0007\000.\000\040\000A\000c\000c\000u\000m\000u\000l\000a\000t\000i\000o\000n\000,\000\040\000M\000a\000i\000n\000t\000e\000n\000a\000n\000c\000e\000\040\000a\000n\000d\000\040\000C\000o\000n\000s\000u\000m\000p\000t\000i\000o\000n\000\040\000o\000f\000\040\000C\000a\000p\000i\000t\000a\000l}{chapter*.249}% 234
\BOOKMARK [1][-]{section*.258}{\376\377\0008\000.\000\040\000T\000h\000e\000\040\000M\000o\000b\000i\000l\000i\000t\000y\000\040\000o\000f\000\040\000t\000h\000e\000\040\000I\000n\000v\000e\000s\000t\000o\000r}{chapter*.249}% 235
\BOOKMARK [1][-]{section*.259}{\376\377\0009\000.\000\040\000M\000o\000n\000e\000y\000\040\000a\000n\000d\000\040\000C\000a\000p\000i\000t\000a\000l\000;\000\040\000S\000a\000v\000i\000n\000g\000\040\000a\000n\000d\000\040\000I\000n\000v\000e\000s\000t\000m\000e\000n\000t}{chapter*.249}% 236
\BOOKMARK [1][-]{section*.260}{\376\377\000N\000o\000t\000e\000s}{chapter*.249}% 237
\BOOKMARK [0][-]{chapter*.262}{\376\377\000C\000h\000a\000p\000t\000e\000r\000\040\000X\000I\000X\000\040\000I\000n\000t\000e\000r\000e\000s\000t}{section*.176}% 238
\BOOKMARK [1][-]{section*.263}{\376\377\0001\000.\000\040\000T\000h\000e\000\040\000P\000h\000e\000n\000o\000m\000e\000n\000o\000n\000\040\000o\000f\000\040\000I\000n\000t\000e\000r\000e\000s\000t}{chapter*.262}% 239
\BOOKMARK [1][-]{section*.264}{\376\377\0002\000.\000\040\000O\000r\000i\000g\000i\000n\000a\000r\000y\000\040\000I\000n\000t\000e\000r\000e\000s\000t}{chapter*.262}% 240
\BOOKMARK [1][-]{section*.265}{\376\377\0003\000.\000\040\000T\000h\000e\000\040\000H\000e\000i\000g\000h\000t\000\040\000o\000f\000\040\000I\000n\000t\000e\000r\000e\000s\000t\000\040\000R\000a\000t\000e\000s}{chapter*.262}% 241
\BOOKMARK [1][-]{section*.266}{\376\377\0004\000.\000\040\000O\000r\000i\000g\000i\000n\000a\000r\000y\000\040\000I\000n\000t\000e\000r\000e\000s\000t\000\040\000i\000n\000\040\000t\000h\000e\000\040\000C\000h\000a\000n\000g\000i\000n\000g\000\040\000E\000c\000o\000n\000o\000m\000y}{chapter*.262}% 242
\BOOKMARK [1][-]{section*.267}{\376\377\0005\000.\000\040\000T\000h\000e\000\040\000C\000o\000m\000p\000u\000t\000a\000t\000i\000o\000n\000\040\000o\000f\000\040\000I\000n\000t\000e\000r\000e\000s\000t}{chapter*.262}% 243
\BOOKMARK [1][-]{section*.268}{\376\377\000N\000o\000t\000e\000s}{chapter*.262}% 244
\BOOKMARK [0][-]{chapter*.270}{\376\377\000C\000h\000a\000p\000t\000e\000r\000\040\000X\000X\000\040\000I\000n\000t\000e\000r\000e\000s\000t\000,\000\040\000C\000r\000e\000d\000i\000t\000\040\000E\000x\000p\000a\000n\000s\000i\000o\000n\000,\000\040\000a\000n\000d\000\040\000t\000h\000e\000\040\000T\000r\000a\000d\000e\000\040\000C\000y\000c\000l\000e}{section*.176}% 245
\BOOKMARK [1][-]{section*.271}{\376\377\0001\000.\000\040\000T\000h\000e\000\040\000P\000r\000o\000b\000l\000e\000m\000s}{chapter*.270}% 246
\BOOKMARK [1][-]{section*.272}{\376\377\0002\000.\000\040\000T\000h\000e\000\040\000E\000n\000t\000r\000e\000p\000r\000e\000n\000e\000u\000r\000i\000a\000l\000\040\000C\000o\000m\000p\000o\000n\000e\000n\000t\000\040\000i\000n\000\040\000t\000h\000e\000\040\000G\000r\000o\000s\000s}{chapter*.270}% 247
\BOOKMARK [1][-]{section*.273}{\376\377\000M\000a\000r\000k\000e\000t\000\040\000R\000a\000t\000e\000\040\000o\000f\000\040\000I\000n\000t\000e\000r\000e\000s\000t}{chapter*.270}% 248
\BOOKMARK [1][-]{section*.274}{\376\377\0003\000.\000\040\000T\000h\000e\000\040\000P\000r\000i\000c\000e\000\040\000P\000r\000e\000m\000i\000u\000m\000\040\000a\000s\000\040\000a\000\040\000C\000o\000m\000p\000o\000n\000e\000n\000t\000\040\000o\000f\000\040\000t\000h\000e\000\040\000G\000r\000o\000s\000s}{chapter*.270}% 249
\BOOKMARK [1][-]{section*.275}{\376\377\000M\000a\000r\000k\000e\000t\000\040\000R\000a\000t\000e\000\040\000o\000f\000\040\000I\000n\000t\000e\000r\000e\000s\000t}{chapter*.270}% 250
\BOOKMARK [1][-]{section*.276}{\376\377\0004\000.\000\040\000T\000h\000e\000\040\000L\000o\000a\000n\000\040\000M\000a\000r\000k\000e\000t}{chapter*.270}% 251
\BOOKMARK [1][-]{section*.277}{\376\377\0005\000.\000\040\000T\000h\000e\000\040\000E\000f\000f\000e\000c\000t\000s\000\040\000o\000f\000\040\000C\000h\000a\000n\000g\000e\000s\000\040\000i\000n\000\040\000t\000h\000e\000\040\000M\000o\000n\000e\000y\000\040\000R\000e\000l\000a\000t\000i\000o\000n}{chapter*.270}% 252
\BOOKMARK [1][-]{section*.278}{\376\377\000U\000p\000o\000n\000\040\000O\000r\000i\000g\000i\000n\000a\000r\000y\000\040\000I\000n\000t\000e\000r\000e\000s\000t}{chapter*.270}% 253
\BOOKMARK [1][-]{section*.279}{\376\377\0006\000.\000\040\000T\000h\000e\000\040\000G\000r\000o\000s\000s\000\040\000M\000a\000r\000k\000e\000t\000\040\000R\000a\000t\000e\000\040\000o\000f\000\040\000I\000n\000t\000e\000r\000e\000s\000t\000\040\000a\000s\000\040\000A\000f\000f\000e\000c\000t\000e\000d\000\040\000b\000y}{chapter*.270}% 254
\BOOKMARK [1][-]{section*.280}{\376\377\000I\000n\000f\000l\000a\000t\000i\000o\000n\000\040\000a\000n\000d\000\040\000C\000r\000e\000d\000i\000t\000\040\000E\000x\000p\000a\000n\000s\000i\000o\000n}{chapter*.270}% 255
\BOOKMARK [1][-]{section*.281}{\376\377\0007\000.\000\040\000T\000h\000e\000\040\000G\000r\000o\000s\000s\000\040\000M\000a\000r\000k\000e\000t\000\040\000R\000a\000t\000e\000\040\000o\000f\000\040\000I\000n\000t\000e\000r\000e\000s\000t\000\040\000a\000s\000\040\000A\000f\000f\000e\000c\000t\000e\000d\000\040\000b\000y}{chapter*.270}% 256
\BOOKMARK [1][-]{section*.282}{\376\377\000D\000e\000f\000l\000a\000t\000i\000o\000n\000\040\000a\000n\000d\000\040\000C\000r\000e\000d\000i\000t\000\040\000C\000o\000n\000t\000r\000a\000c\000t\000i\000o\000n}{chapter*.270}% 257
\BOOKMARK [1][-]{section*.283}{\376\377\0008\000.\000\040\000T\000h\000e\000\040\000M\000o\000n\000e\000t\000a\000r\000y\000\040\000o\000r\000\040\000C\000i\000r\000c\000u\000l\000a\000t\000i\000o\000n\000\040\000C\000r\000e\000d\000i\000t\000\040\000T\000h\000e\000o\000r\000y\000\040\000o\000f\000\040\000t\000h\000e}{chapter*.270}% 258
\BOOKMARK [1][-]{section*.284}{\376\377\000T\000r\000a\000d\000e\000\040\000C\000y\000c\000l\000e}{chapter*.270}% 259
\BOOKMARK [1][-]{section*.285}{\376\377\0009\000.\000\040\000T\000h\000e\000\040\000M\000a\000r\000k\000e\000t\000\040\000E\000c\000o\000n\000o\000m\000y\000\040\000a\000s\000\040\000A\000f\000f\000e\000c\000t\000e\000d\000\040\000b\000y\000\040\000t\000h\000e\000\040\000R\000e\000c\000u\000r\000r\000e\000n\000c\000e}{chapter*.270}% 260
\BOOKMARK [1][-]{section*.286}{\376\377\000o\000f\000\040\000t\000h\000e\000\040\000T\000r\000a\000d\000e\000\040\000C\000y\000c\000l\000e}{chapter*.270}% 261
\BOOKMARK [1][-]{section*.287}{\376\377\000N\000o\000t\000e\000s}{chapter*.270}% 262
\BOOKMARK [0][-]{chapter*.289}{\376\377\000C\000h\000a\000p\000t\000e\000r\000\040\000X\000X\000I\000\040\000W\000o\000r\000k\000\040\000a\000n\000d\000\040\000W\000a\000g\000e\000s}{section*.176}% 263
\BOOKMARK [1][-]{section*.290}{\376\377\0001\000.\000\040\000I\000n\000t\000r\000o\000v\000e\000r\000s\000i\000v\000e\000\040\000L\000a\000b\000o\000r\000\040\000a\000n\000d\000\040\000E\000x\000t\000r\000o\000v\000e\000r\000s\000i\000v\000e\000\040\000L\000a\000b\000o\000r}{chapter*.289}% 264
\BOOKMARK [1][-]{section*.291}{\376\377\0002\000.\000\040\000J\000o\000y\000\040\000a\000n\000d\000\040\000T\000e\000d\000i\000u\000m\000\040\000o\000f\000\040\000L\000a\000b\000o\000r}{chapter*.289}% 265
\BOOKMARK [1][-]{section*.292}{\376\377\0003\000.\000\040\000W\000a\000g\000e\000s}{chapter*.289}% 266
\BOOKMARK [1][-]{section*.293}{\376\377\0004\000.\000\040\000C\000a\000t\000a\000l\000l\000a\000c\000t\000i\000c\000\040\000U\000n\000e\000m\000p\000l\000o\000y\000m\000e\000n\000t}{chapter*.289}% 267
\BOOKMARK [1][-]{section*.294}{\376\377\0005\000.\000\040\000G\000r\000o\000s\000s\000\040\000W\000a\000g\000e\000\040\000R\000a\000t\000e\000s\000\040\000a\000n\000d\000\040\000N\000e\000t\000\040\000W\000a\000g\000e\000\040\000R\000a\000t\000e\000s}{chapter*.289}% 268
\BOOKMARK [1][-]{section*.295}{\376\377\0006\000.\000\040\000W\000a\000g\000e\000s\000\040\000a\000n\000d\000\040\000S\000u\000b\000s\000i\000s\000t\000e\000n\000c\000e}{chapter*.289}% 269
\BOOKMARK [1][-]{section*.296}{\376\377\0007\000.\000\040\000T\000h\000e\000\040\000S\000u\000p\000p\000l\000y\000\040\000o\000f\000\040\000L\000a\000b\000o\000r\000\040\000a\000s\000\040\000A\000f\000f\000e\000c\000t\000e\000d\000\040\000b\000y\000\040\000t\000h\000e\000\040\000D\000i\000s\000u\000t\000i\000l\000i\000t\000y}{chapter*.289}% 270
\BOOKMARK [1][-]{section*.297}{\376\377\000o\000f\000\040\000L\000a\000b\000o\000r}{chapter*.289}% 271
\BOOKMARK [1][-]{section*.298}{\376\377\0008\000.\000\040\000W\000a\000g\000e\000\040\000R\000a\000t\000e\000s\000\040\000a\000s\000\040\000A\000f\000f\000e\000c\000t\000e\000d\000\040\000b\000y\000\040\000t\000h\000e\000\040\000V\000i\000c\000i\000s\000s\000i\000t\000u\000d\000e\000s}{chapter*.289}% 272
\BOOKMARK [1][-]{section*.299}{\376\377\000o\000f\000\040\000t\000h\000e\000\040\000M\000a\000r\000k\000e\000t}{chapter*.289}% 273
\BOOKMARK [1][-]{section*.300}{\376\377\0009\000.\000\040\000T\000h\000e\000\040\000L\000a\000b\000o\000r\000\040\000M\000a\000r\000k\000e\000t}{chapter*.289}% 274
\BOOKMARK [1][-]{section*.301}{\376\377\000N\000o\000t\000e\000s}{chapter*.289}% 275
\BOOKMARK [0][-]{chapter*.303}{\376\377\000C\000h\000a\000p\000t\000e\000r\000\040\000X\000X\000I\000I\000\040\000T\000h\000e\000\040\000N\000o\000n\000h\000u\000m\000a\000n\000\040\000O\000r\000i\000g\000i\000n\000a\000l\000\040\000F\000a\000c\000t\000o\000r\000s\000\040\000o\000f\000\040\000P\000r\000o\000d\000u\000c\000t\000i\000o\000n}{section*.176}% 276
\BOOKMARK [1][-]{section*.304}{\376\377\0001\000.\000\040\000G\000e\000n\000e\000r\000a\000l\000\040\000O\000b\000s\000e\000r\000v\000a\000t\000i\000o\000n\000s\000\040\000C\000o\000n\000c\000e\000r\000n\000i\000n\000g\000\040\000t\000h\000e\000\040\000T\000h\000e\000o\000r\000y\000\040\000o\000f\000\040\000R\000e\000n\000t}{chapter*.303}% 277
\BOOKMARK [1][-]{section*.305}{\376\377\0002\000.\000\040\000T\000h\000e\000\040\000T\000i\000m\000e\000\040\000F\000a\000c\000t\000o\000r\000\040\000i\000n\000\040\000L\000a\000n\000d\000\040\000U\000t\000i\000l\000i\000z\000a\000t\000i\000o\000n}{chapter*.303}% 278
\BOOKMARK [1][-]{section*.306}{\376\377\0003\000.\000\040\000T\000h\000e\000\040\000S\000u\000b\000m\000a\000r\000g\000i\000n\000a\000l\000\040\000L\000a\000n\000d}{chapter*.303}% 279
\BOOKMARK [1][-]{section*.307}{\376\377\0004\000.\000\040\000T\000h\000e\000\040\000L\000a\000n\000d\000\040\000a\000s\000\040\000S\000t\000a\000n\000d\000i\000n\000g\000\040\000R\000o\000o\000m}{chapter*.303}% 280
\BOOKMARK [1][-]{section*.308}{\376\377\0005\000.\000\040\000T\000h\000e\000\040\000P\000r\000i\000c\000e\000s\000\040\000o\000f\000\040\000L\000a\000n\000d}{chapter*.303}% 281
\BOOKMARK [1][-]{section*.309}{\376\377\000N\000o\000t\000e\000s}{chapter*.303}% 282
\BOOKMARK [0][-]{chapter*.311}{\376\377\000C\000h\000a\000p\000t\000e\000r\000\040\000X\000X\000I\000I\000I\000\040\000T\000h\000e\000\040\000D\000a\000t\000a\000\040\000o\000f\000\040\000t\000h\000e\000\040\000M\000a\000r\000k\000e\000t}{section*.176}% 283
\BOOKMARK [1][-]{section*.312}{\376\377\0001\000.\000\040\000T\000h\000e\000\040\000T\000h\000e\000o\000r\000y\000\040\000a\000n\000d\000\040\000t\000h\000e\000\040\000D\000a\000t\000a}{chapter*.311}% 284
\BOOKMARK [1][-]{section*.313}{\376\377\0002\000.\000\040\000T\000h\000e\000\040\000R\000o\000l\000e\000\040\000o\000f\000\040\000P\000o\000w\000e\000r}{chapter*.311}% 285
\BOOKMARK [1][-]{section*.314}{\376\377\0003\000.\000\040\000T\000h\000e\000\040\000H\000i\000s\000t\000o\000r\000i\000c\000a\000l\000\040\000R\000o\000l\000e\000\040\000o\000f\000\040\000W\000a\000r\000\040\000a\000n\000d\000\040\000C\000o\000n\000q\000u\000e\000s\000t}{chapter*.311}% 286
\BOOKMARK [1][-]{section*.315}{\376\377\0004\000.\000\040\000R\000e\000a\000l\000\040\000M\000a\000n\000\040\000a\000s\000\040\000a\000\040\000D\000a\000t\000u\000m}{chapter*.311}% 287
\BOOKMARK [1][-]{section*.316}{\376\377\0005\000.\000\040\000T\000h\000e\000\040\000P\000e\000r\000i\000o\000d\000\040\000o\000f\000\040\000A\000d\000j\000u\000s\000t\000m\000e\000n\000t}{chapter*.311}% 288
\BOOKMARK [1][-]{section*.317}{\376\377\0006\000.\000\040\000T\000h\000e\000\040\000L\000i\000m\000i\000t\000s\000\040\000o\000f\000\040\000P\000r\000o\000p\000e\000r\000t\000y\000\040\000R\000i\000g\000h\000t\000s\000\040\000a\000n\000d\000\040\000t\000h\000e\000\040\000P\000r\000o\000b\000l\000e\000m\000s}{chapter*.311}% 289
\BOOKMARK [1][-]{section*.318}{\376\377\000o\000f\000\040\000E\000x\000t\000e\000r\000n\000a\000l\000\040\000C\000o\000s\000t\000s\000\040\000a\000n\000d\000\040\000E\000x\000t\000e\000r\000n\000a\000l\000\040\000E\000c\000o\000n\000o\000m\000i\000e\000s}{chapter*.311}% 290
\BOOKMARK [1][-]{section*.319}{\376\377\000N\000o\000t\000e\000s}{chapter*.311}% 291
\BOOKMARK [0][-]{chapter*.321}{\376\377\000C\000h\000a\000p\000t\000e\000r\000\040\000X\000X\000I\000V\000\040\000H\000a\000r\000m\000o\000n\000y\000\040\000a\000n\000d\000\040\000C\000o\000n\000f\000l\000i\000c\000t\000\040\000o\000f\000\040\000I\000n\000t\000e\000r\000e\000s\000t\000s}{section*.176}% 292
\BOOKMARK [1][-]{section*.322}{\376\377\0001\000.\000\040\000T\000h\000e\000\040\000U\000l\000t\000i\000m\000a\000t\000e\000\040\000S\000o\000u\000r\000c\000e\000\040\000o\000f\000\040\000P\000r\000o\000f\000i\000t\000\040\000a\000n\000d\000\040\000L\000o\000s\000s}{chapter*.321}% 293
\BOOKMARK [1][-]{section*.323}{\376\377\000o\000n\000\040\000t\000h\000e\000\040\000M\000a\000r\000k\000e\000t}{chapter*.321}% 294
\BOOKMARK [1][-]{section*.324}{\376\377\0002\000.\000\040\000T\000h\000e\000\040\000L\000i\000m\000i\000t\000a\000t\000i\000o\000n\000\040\000o\000f\000\040\000O\000f\000f\000s\000p\000r\000i\000n\000g}{chapter*.321}% 295
\BOOKMARK [1][-]{section*.325}{\376\377\0003\000.\000\040\000T\000h\000e\000\040\000H\000a\000r\000m\000o\000n\000y\000\040\000o\000f\000\040\000t\000h\000e\000\040\040\034\000R\000i\000g\000h\000t\000l\000y\000\040\000U\000n\000d\000e\000r\000s\000t\000o\000o\000d\040\035\000\040\000I\000n\000t\000e\000r\000e\000s\000t\000s}{chapter*.321}% 296
\BOOKMARK [1][-]{section*.326}{\376\377\0004\000.\000\040\000P\000r\000i\000v\000a\000t\000e\000\040\000P\000r\000o\000p\000e\000r\000t\000y}{chapter*.321}% 297
\BOOKMARK [1][-]{section*.327}{\376\377\0005\000.\000\040\000T\000h\000e\000\040\000C\000o\000n\000f\000l\000i\000c\000t\000s\000\040\000o\000f\000\040\000O\000u\000r\000\040\000A\000g\000e}{chapter*.321}% 298
\BOOKMARK [1][-]{section*.328}{\376\377\000N\000o\000t\000e\000s}{chapter*.321}% 299
\BOOKMARK [-1][-]{section*.329}{\376\377\000P\000a\000r\000t\000\040\000F\000i\000v\000e\000.\000\040\000S\000o\000c\000i\000a\000l\000\040\000C\000o\000o\000p\000e\000r\000a\000t\000i\000o\000n\000\040\000w\000i\000t\000h\000o\000u\000t\000\040\000a\000\040\000M\000a\000r\000k\000e\000t}{}% 300
\BOOKMARK [0][-]{chapter*.331}{\376\377\000C\000h\000a\000p\000t\000e\000r\000\040\000X\000X\000V\000\040\000T\000h\000e\000\040\000I\000m\000a\000g\000i\000n\000a\000r\000y\000\040\000C\000o\000n\000s\000t\000r\000u\000c\000t\000i\000o\000n\000\040\000o\000f\000\040\000a\000\040\000S\000o\000c\000i\000a\000l\000i\000s\000t\000\040\000S\000o\000c\000i\000e\000t\000y}{section*.329}% 301
\BOOKMARK [1][-]{section*.332}{\376\377\0001\000.\000\040\000T\000h\000e\000\040\000H\000i\000s\000t\000o\000r\000i\000c\000a\000l\000\040\000O\000r\000i\000g\000i\000n\000\040\000o\000f\000\040\000t\000h\000e\000\040\000S\000o\000c\000i\000a\000l\000i\000s\000t\000\040\000I\000d\000e\000a}{chapter*.331}% 302
\BOOKMARK [1][-]{section*.333}{\376\377\0002\000.\000\040\000T\000h\000e\000\040\000S\000o\000c\000i\000a\000l\000i\000s\000t\000\040\000D\000o\000c\000t\000r\000i\000n\000e}{chapter*.331}% 303
\BOOKMARK [1][-]{section*.334}{\376\377\0003\000.\000\040\000T\000h\000e\000\040\000P\000r\000a\000x\000e\000o\000l\000o\000g\000i\000c\000a\000l\000\040\000C\000h\000a\000r\000a\000c\000t\000e\000r\000\040\000o\000f\000\040\000S\000o\000c\000i\000a\000l\000i\000s\000m}{chapter*.331}% 304
\BOOKMARK [1][-]{section*.335}{\376\377\000N\000o\000t\000e\000s}{chapter*.331}% 305
\BOOKMARK [0][-]{chapter*.337}{\376\377\000C\000h\000a\000p\000t\000e\000r\000\040\000X\000X\000V\000I\000\040\000T\000h\000e\000\040\000I\000m\000p\000o\000s\000s\000i\000b\000i\000l\000i\000t\000y\000\040\000o\000f\000\040\000E\000c\000o\000n\000o\000m\000i\000c\000\040\000C\000a\000l\000c\000u\000l\000a\000t\000i\000o\000n\000\040\000U\000n\000d\000e\000r\000\040\000S\000o\000c\000i\000a\000l\000i\000s\000m}{section*.329}% 306
\BOOKMARK [1][-]{section*.338}{\376\377\0001\000.\000\040\000T\000h\000e\000\040\000P\000r\000o\000b\000l\000e\000m}{chapter*.337}% 307
\BOOKMARK [1][-]{section*.339}{\376\377\0002\000.\000\040\000P\000a\000s\000t\000\040\000F\000a\000i\000l\000u\000r\000e\000s\000\040\000t\000o\000\040\000C\000o\000n\000c\000e\000i\000v\000e\000\040\000t\000h\000e\000\040\000P\000r\000o\000b\000l\000e\000m}{chapter*.337}% 308
\BOOKMARK [1][-]{section*.340}{\376\377\0003\000.\000\040\000R\000e\000c\000e\000n\000t\000\040\000S\000u\000g\000g\000e\000s\000t\000i\000o\000n\000s\000\040\000f\000o\000r\000\040\000S\000o\000c\000i\000a\000l\000i\000s\000t\000\040\000E\000c\000o\000n\000o\000m\000i\000c\000\040\000C\000a\000l\000c\000u\000l\000a\000t\000i\000o\000n}{chapter*.337}% 309
\BOOKMARK [1][-]{section*.341}{\376\377\0004\000.\000\040\000T\000r\000i\000a\000l\000\040\000a\000n\000d\000\040\000E\000r\000r\000o\000r}{chapter*.337}% 310
\BOOKMARK [1][-]{section*.342}{\376\377\0005\000.\000\040\000T\000h\000e\000\040\000Q\000u\000a\000s\000i\000-\000m\000a\000r\000k\000e\000t}{chapter*.337}% 311
\BOOKMARK [1][-]{section*.343}{\376\377\0006\000.\000\040\000T\000h\000e\000\040\000D\000i\000f\000f\000e\000r\000e\000n\000t\000i\000a\000l\000\040\000E\000q\000u\000a\000t\000i\000o\000n\000s\000\040\000o\000f\000\040\000M\000a\000t\000h\000e\000m\000a\000t\000i\000c\000a\000l\000\040\000E\000c\000o\000n\000o\000m\000i\000c\000s}{chapter*.337}% 312
\BOOKMARK [1][-]{section*.344}{\376\377\000N\000o\000t\000e\000s}{chapter*.337}% 313
\BOOKMARK [-1][-]{section*.345}{\376\377\000P\000a\000r\000t\000\040\000S\000i\000x\000.\000\040\000T\000h\000e\000\040\000H\000a\000m\000p\000e\000r\000e\000d\000\040\000M\000a\000r\000k\000e\000t\000\040\000E\000c\000o\000n\000o\000m\000y}{}% 314
\BOOKMARK [0][-]{section*.346}{\376\377\000N\000o\000t\000e\000s}{section*.345}% 315
\BOOKMARK [0][-]{chapter*.348}{\376\377\000C\000h\000a\000p\000t\000e\000r\000\040\000X\000X\000V\000I\000I\000\040\000T\000h\000e\000\040\000G\000o\000v\000e\000r\000n\000m\000e\000n\000t\000\040\000a\000n\000d\000\040\000t\000h\000e\000\040\000M\000a\000r\000k\000e\000t}{section*.345}% 316
\BOOKMARK [1][-]{section*.349}{\376\377\0001\000.\000\040\000T\000h\000e\000\040\000I\000d\000e\000a\000\040\000o\000f\000\040\000a\000\040\000T\000h\000i\000r\000d\000\040\000S\000y\000s\000t\000e\000m}{chapter*.348}% 317
\BOOKMARK [1][-]{section*.350}{\376\377\0002\000.\000\040\000T\000h\000e\000\040\000I\000n\000t\000e\000r\000v\000e\000n\000t\000i\000o\000n}{chapter*.348}% 318
\BOOKMARK [1][-]{section*.351}{\376\377\0003\000.\000\040\000T\000h\000e\000\040\000D\000e\000l\000i\000m\000i\000t\000a\000t\000i\000o\000n\000\040\000o\000f\000\040\000G\000o\000v\000e\000r\000n\000m\000e\000n\000t\000a\000l\000\040\000F\000u\000n\000c\000t\000i\000o\000n\000s}{chapter*.348}% 319
\BOOKMARK [1][-]{section*.352}{\376\377\0004\000.\000\040\000R\000i\000g\000h\000t\000e\000o\000u\000s\000n\000e\000s\000s\000\040\000a\000s\000\040\000t\000h\000e\000\040\000U\000l\000t\000i\000m\000a\000t\000e\000\040\000S\000t\000a\000n\000d\000a\000r\000d\000\040\000o\000f\000\040\000t\000h\000e}{chapter*.348}% 320
\BOOKMARK [1][-]{section*.353}{\376\377\000I\000n\000d\000i\000v\000i\000d\000u\000a\000l\040\031\000s\000\040\000A\000c\000t\000i\000o\000n\000s}{chapter*.348}% 321
\BOOKMARK [1][-]{section*.354}{\376\377\0005\000.\000\040\000T\000h\000e\000\040\000M\000e\000a\000n\000i\000n\000g\000\040\000o\000f\000\040\000L\000a\000i\000s\000s\000e\000z\000\040\000F\000a\000i\000r\000e}{chapter*.348}% 322
\BOOKMARK [1][-]{section*.355}{\376\377\0006\000.\000\040\000D\000i\000r\000e\000c\000t\000\040\000G\000o\000v\000e\000r\000n\000m\000e\000n\000t\000\040\000I\000n\000t\000e\000r\000f\000e\000r\000e\000n\000c\000e\000\040\000w\000i\000t\000h\000\040\000C\000o\000n\000s\000u\000m\000p\000t\000i\000o\000n}{chapter*.348}% 323
\BOOKMARK [1][-]{section*.356}{\376\377\000N\000o\000t\000e\000s}{chapter*.348}% 324
\BOOKMARK [0][-]{chapter*.358}{\376\377\000C\000h\000a\000p\000t\000e\000r\000\040\000X\000X\000V\000I\000I\000I\000\040\000I\000n\000t\000e\000r\000f\000e\000r\000e\000n\000c\000e\000\040\000b\000y\000\040\000T\000a\000x\000a\000t\000i\000o\000n}{section*.345}% 325
\BOOKMARK [1][-]{section*.359}{\376\377\0001\000.\000\040\000T\000h\000e\000\040\000N\000e\000u\000t\000r\000a\000l\000\040\000T\000a\000x}{chapter*.358}% 326
\BOOKMARK [1][-]{section*.360}{\376\377\0002\000.\000\040\000T\000h\000e\000\040\000T\000o\000t\000a\000l\000\040\000T\000a\000x}{chapter*.358}% 327
\BOOKMARK [1][-]{section*.361}{\376\377\0003\000.\000\040\000F\000i\000s\000c\000a\000l\000\040\000a\000n\000d\000\040\000N\000o\000n\000f\000i\000s\000c\000a\000l\000\040\000O\000b\000j\000e\000c\000t\000i\000v\000e\000s\000\040\000o\000f\000\040\000T\000a\000x\000a\000t\000i\000o\000n}{chapter*.358}% 328
\BOOKMARK [1][-]{section*.362}{\376\377\0004\000.\000\040\000T\000h\000e\000\040\000T\000h\000r\000e\000e\000\040\000C\000l\000a\000s\000s\000e\000s\000\040\000o\000f\000\040\000T\000a\000x\000\040\000I\000n\000t\000e\000r\000v\000e\000n\000t\000i\000o\000n\000i\000s\000m}{chapter*.358}% 329
\BOOKMARK [1][-]{section*.363}{\376\377\000N\000o\000t\000e\000s}{chapter*.358}% 330
\BOOKMARK [0][-]{chapter*.365}{\376\377\000C\000h\000a\000p\000t\000e\000r\000\040\000X\000X\000I\000X\000\040\000R\000e\000s\000t\000r\000i\000c\000t\000i\000o\000n\000\040\000o\000f\000\040\000P\000r\000o\000d\000u\000c\000t\000i\000o\000n}{section*.345}% 331
\BOOKMARK [1][-]{section*.366}{\376\377\0001\000.\000\040\000T\000h\000e\000\040\000N\000a\000t\000u\000r\000e\000\040\000o\000f\000\040\000R\000e\000s\000t\000r\000i\000c\000t\000i\000o\000n}{chapter*.365}% 332
\BOOKMARK [1][-]{section*.367}{\376\377\0002\000.\000\040\000T\000h\000e\000\040\000P\000r\000i\000c\000e\000\040\000o\000f\000\040\000R\000e\000s\000t\000r\000i\000c\000t\000i\000o\000n}{chapter*.365}% 333
\BOOKMARK [1][-]{section*.368}{\376\377\0003\000.\000\040\000R\000e\000s\000t\000r\000i\000c\000t\000i\000o\000n\000\040\000a\000s\000\040\000a\000\040\000P\000r\000i\000v\000i\000l\000e\000g\000e}{chapter*.365}% 334
\BOOKMARK [1][-]{section*.369}{\376\377\0004\000.\000\040\000R\000e\000s\000t\000r\000i\000c\000t\000i\000o\000n\000\040\000a\000s\000\040\000a\000n\000\040\000E\000c\000o\000n\000o\000m\000i\000c\000\040\000S\000y\000s\000t\000e\000m}{chapter*.365}% 335
\BOOKMARK [1][-]{section*.370}{\376\377\000N\000o\000t\000e\000s}{chapter*.365}% 336
\BOOKMARK [0][-]{chapter*.372}{\376\377\000C\000h\000a\000p\000t\000e\000r\000\040\000X\000X\000X\000\040\000I\000n\000t\000e\000r\000f\000e\000r\000e\000n\000c\000e\000\040\000w\000i\000t\000h\000\040\000t\000h\000e\000\040\000S\000t\000r\000u\000c\000t\000u\000r\000e\000\040\000o\000f\000\040\000P\000r\000i\000c\000e\000s}{section*.345}% 337
\BOOKMARK [1][-]{section*.373}{\376\377\0001\000.\000\040\000T\000h\000e\000\040\000G\000o\000v\000e\000r\000n\000m\000e\000n\000t\000\040\000a\000n\000d\000\040\000t\000h\000e\000\040\000A\000u\000t\000o\000n\000o\000m\000y\000\040\000o\000f\000\040\000t\000h\000e\000\040\000M\000a\000r\000k\000e\000t}{chapter*.372}% 338
\BOOKMARK [1][-]{section*.374}{\376\377\0002\000.\000\040\000T\000h\000e\000\040\000M\000a\000r\000k\000e\000t\040\031\000s\000\040\000R\000e\000a\000c\000t\000i\000o\000n\000\040\000t\000o\000\040\000G\000o\000v\000e\000r\000n\000m\000e\000n\000t\000\040\000I\000n\000t\000e\000r\000f\000e\000r\000e\000n\000c\000e}{chapter*.372}% 339
\BOOKMARK [1][-]{section*.375}{\376\377\0003\000.\000\040\000M\000i\000n\000i\000m\000u\000m\000\040\000W\000a\000g\000e\000\040\000R\000a\000t\000e\000s}{chapter*.372}% 340
\BOOKMARK [1][-]{section*.376}{\376\377\000N\000o\000t\000e\000s}{chapter*.372}% 341
\BOOKMARK [0][-]{chapter*.378}{\376\377\000C\000h\000a\000p\000t\000e\000r\000\040\000X\000X\000X\000I\000\040\000C\000u\000r\000r\000e\000n\000c\000y\000\040\000a\000n\000d\000\040\000C\000r\000e\000d\000i\000t\000\040\000M\000a\000n\000i\000p\000u\000l\000a\000t\000i\000o\000n}{section*.345}% 342
\BOOKMARK [1][-]{section*.379}{\376\377\0001\000.\000\040\000T\000h\000e\000\040\000G\000o\000v\000e\000r\000n\000m\000e\000n\000t\000\040\000a\000n\000d\000\040\000t\000h\000e\000\040\000C\000u\000r\000r\000e\000n\000c\000y}{chapter*.378}% 343
\BOOKMARK [1][-]{section*.380}{\376\377\0002\000.\000\040\000T\000h\000e\000\040\000I\000n\000t\000e\000r\000v\000e\000n\000t\000i\000o\000n\000i\000s\000t\000\040\000A\000s\000p\000e\000c\000t\000\040\000o\000f\000\040\000L\000e\000g\000a\000l\000\040\000T\000e\000n\000d\000e\000r\000\040\000L\000e\000g\000i\000s\000l\000a\000t\000i\000o\000n}{chapter*.378}% 344
\BOOKMARK [1][-]{section*.381}{\376\377\0003\000.\000\040\000T\000h\000e\000\040\000E\000v\000o\000l\000u\000t\000i\000o\000n\000\040\000o\000f\000\040\000M\000o\000d\000e\000r\000n\000\040\000M\000e\000t\000h\000o\000d\000s\000\040\000o\000f\000\040\000C\000u\000r\000r\000e\000n\000c\000y}{chapter*.378}% 345
\BOOKMARK [1][-]{section*.382}{\376\377\000M\000a\000n\000i\000p\000u\000l\000a\000t\000i\000o\000n}{chapter*.378}% 346
\BOOKMARK [1][-]{section*.383}{\376\377\0004\000.\000\040\000T\000h\000e\000\040\000O\000b\000j\000e\000c\000t\000i\000v\000e\000s\000\040\000o\000f\000\040\000C\000u\000r\000r\000e\000n\000c\000y\000\040\000D\000e\000v\000a\000l\000u\000a\000t\000i\000o\000n}{chapter*.378}% 347
\BOOKMARK [1][-]{section*.384}{\376\377\0005\000.\000\040\000C\000r\000e\000d\000i\000t\000\040\000E\000x\000p\000a\000n\000s\000i\000o\000n}{chapter*.378}% 348
\BOOKMARK [1][-]{section*.385}{\376\377\0006\000.\000\040\000F\000o\000r\000e\000i\000g\000n\000\040\000E\000x\000c\000h\000a\000n\000g\000e\000\040\000C\000o\000n\000t\000r\000o\000l\000\040\000a\000n\000d\000\040\000B\000i\000l\000a\000t\000e\000r\000a\000l}{chapter*.378}% 349
\BOOKMARK [1][-]{section*.386}{\376\377\000E\000x\000c\000h\000a\000n\000g\000e\000\040\000A\000g\000r\000e\000e\000m\000e\000n\000t\000s}{chapter*.378}% 350
\BOOKMARK [1][-]{section*.387}{\376\377\000N\000o\000t\000e\000s}{chapter*.378}% 351
\BOOKMARK [0][-]{chapter*.389}{\376\377\000C\000h\000a\000p\000t\000e\000r\000\040\000X\000X\000X\000I\000I\000\040\000C\000o\000n\000f\000i\000s\000c\000a\000t\000i\000o\000n\000\040\000a\000n\000d\000\040\000R\000e\000d\000i\000s\000t\000r\000i\000b\000u\000t\000i\000o\000n}{section*.345}% 352
\BOOKMARK [1][-]{section*.390}{\376\377\0001\000.\000\040\000T\000h\000e\000\040\000P\000h\000i\000l\000o\000s\000o\000p\000h\000y\000\040\000o\000f\000\040\000C\000o\000n\000f\000i\000s\000c\000a\000t\000i\000o\000n}{chapter*.389}% 353
\BOOKMARK [1][-]{section*.391}{\376\377\0002\000.\000\040\000L\000a\000n\000d\000\040\000R\000e\000f\000o\000r\000m}{chapter*.389}% 354
\BOOKMARK [1][-]{section*.392}{\376\377\0003\000.\000\040\000C\000o\000n\000f\000i\000s\000c\000a\000t\000o\000r\000y\000\040\000T\000a\000x\000a\000t\000i\000o\000n}{chapter*.389}% 355
\BOOKMARK [1][-]{section*.393}{\376\377\000N\000o\000t\000e\000s}{chapter*.389}% 356
\BOOKMARK [0][-]{chapter*.395}{\376\377\000C\000h\000a\000p\000t\000e\000r\000\040\000X\000X\000X\000I\000I\000I\000\040\000S\000y\000n\000d\000i\000c\000a\000l\000i\000s\000m\000\040\000a\000n\000d\000\040\000C\000o\000r\000p\000o\000r\000a\000t\000i\000v\000i\000s\000m}{section*.345}% 357
\BOOKMARK [1][-]{section*.396}{\376\377\0001\000.\000\040\000T\000h\000e\000\040\000S\000y\000n\000d\000i\000c\000a\000l\000i\000s\000t\000\040\000I\000d\000e\000a}{chapter*.395}% 358
\BOOKMARK [1][-]{section*.397}{\376\377\0002\000.\000\040\000T\000h\000e\000\040\000F\000a\000l\000l\000a\000c\000i\000e\000s\000\040\000o\000f\000\040\000S\000y\000n\000d\000i\000c\000a\000l\000i\000s\000m}{chapter*.395}% 359
\BOOKMARK [1][-]{section*.398}{\376\377\0003\000.\000\040\000S\000y\000n\000d\000i\000c\000a\000l\000i\000s\000t\000\040\000E\000l\000e\000m\000e\000n\000t\000s\000\040\000i\000n\000\040\000P\000o\000p\000u\000l\000a\000r\000\040\000P\000o\000l\000i\000c\000i\000e\000s}{chapter*.395}% 360
\BOOKMARK [1][-]{section*.399}{\376\377\0004\000.\000\040\000G\000u\000i\000l\000d\000\040\000S\000o\000c\000i\000a\000l\000i\000s\000m\000\040\000a\000n\000d\000\040\000C\000o\000r\000p\000o\000r\000a\000t\000i\000v\000i\000s\000m}{chapter*.395}% 361
\BOOKMARK [1][-]{section*.400}{\376\377\000N\000o\000t\000e\000s}{chapter*.395}% 362
\BOOKMARK [0][-]{chapter*.402}{\376\377\000C\000h\000a\000p\000t\000e\000r\000\040\000X\000X\000X\000I\000V\000\040\000T\000h\000e\000\040\000E\000c\000o\000n\000o\000m\000i\000c\000s\000\040\000o\000f\000\040\000W\000a\000r}{section*.345}% 363
\BOOKMARK [1][-]{section*.403}{\376\377\0001\000.\000\040\000T\000o\000t\000a\000l\000\040\000W\000a\000r}{chapter*.402}% 364
\BOOKMARK [1][-]{section*.404}{\376\377\0002\000.\000\040\000W\000a\000r\000\040\000a\000n\000d\000\040\000t\000h\000e\000\040\000M\000a\000r\000k\000e\000t\000\040\000E\000c\000o\000n\000o\000m\000y}{chapter*.402}% 365
\BOOKMARK [1][-]{section*.405}{\376\377\0003\000.\000\040\000W\000a\000r\000\040\000a\000n\000d\000\040\000A\000u\000t\000a\000r\000k\000y}{chapter*.402}% 366
\BOOKMARK [1][-]{section*.406}{\376\377\0004\000.\000\040\000T\000h\000e\000\040\000F\000u\000t\000i\000l\000i\000t\000y\000\040\000o\000f\000\040\000W\000a\000r}{chapter*.402}% 367
\BOOKMARK [1][-]{section*.407}{\376\377\000N\000o\000t\000e\000s}{chapter*.402}% 368
\BOOKMARK [0][-]{chapter*.409}{\376\377\000C\000h\000a\000p\000t\000e\000r\000\040\000X\000X\000X\000V\000\040\000T\000h\000e\000\040\000W\000e\000l\000f\000a\000r\000e\000\040\000P\000r\000i\000n\000c\000i\000p\000l\000e\000\040\000V\000e\000r\000s\000u\000s\000\040\000t\000h\000e\000\040\000M\000a\000r\000k\000e\000t\000\040\000P\000r\000i\000n\000c\000i\000p\000l\000e}{section*.345}% 369
\BOOKMARK [1][-]{section*.410}{\376\377\0001\000.\000\040\000T\000h\000e\000\040\000C\000a\000s\000e\000\040\000A\000g\000a\000i\000n\000s\000t\000\040\000t\000h\000e\000\040\000M\000a\000r\000k\000e\000t\000\040\000E\000c\000o\000n\000o\000m\000y}{chapter*.409}% 370
\BOOKMARK [1][-]{section*.411}{\376\377\0002\000.\000\040\000P\000o\000v\000e\000r\000t\000y}{chapter*.409}% 371
\BOOKMARK [1][-]{section*.412}{\376\377\0003\000.\000\040\000I\000n\000e\000q\000u\000a\000l\000i\000t\000y}{chapter*.409}% 372
\BOOKMARK [1][-]{section*.413}{\376\377\0004\000.\000\040\000I\000n\000s\000e\000c\000u\000r\000i\000t\000y}{chapter*.409}% 373
\BOOKMARK [1][-]{section*.414}{\376\377\0005\000.\000\040\000S\000o\000c\000i\000a\000l\000\040\000J\000u\000s\000t\000i\000c\000e}{chapter*.409}% 374
\BOOKMARK [1][-]{section*.415}{\376\377\000N\000o\000t\000e\000s}{chapter*.409}% 375
\BOOKMARK [0][-]{chapter*.417}{\376\377\000C\000h\000a\000p\000t\000e\000r\000\040\000X\000X\000X\000V\000I\000\040\000T\000h\000e\000\040\000C\000r\000i\000s\000i\000s\000\040\000o\000f\000\040\000I\000n\000t\000e\000r\000v\000e\000n\000t\000i\000o\000n\000i\000s\000m}{section*.345}% 376
\BOOKMARK [1][-]{section*.418}{\376\377\0001\000.\000\040\000T\000h\000e\000\040\000H\000a\000r\000v\000e\000s\000t\000\040\000o\000f\000\040\000I\000n\000t\000e\000r\000v\000e\000n\000t\000i\000o\000n\000i\000s\000m}{chapter*.417}% 377
\BOOKMARK [1][-]{section*.419}{\376\377\0002\000.\000\040\000T\000h\000e\000\040\000E\000x\000h\000a\000u\000s\000t\000i\000o\000n\000\040\000o\000f\000\040\000t\000h\000e\000\040\000R\000e\000s\000e\000r\000v\000e\000\040\000F\000u\000n\000d}{chapter*.417}% 378
\BOOKMARK [1][-]{section*.420}{\376\377\0003\000.\000\040\000T\000h\000e\000\040\000E\000n\000d\000\040\000o\000f\000\040\000I\000n\000t\000e\000r\000v\000e\000n\000t\000i\000o\000n\000i\000s\000m}{chapter*.417}% 379
\BOOKMARK [1][-]{section*.421}{\376\377\000N\000o\000t\000e\000s}{chapter*.417}% 380
\BOOKMARK [-1][-]{section*.422}{\376\377\000P\000a\000r\000t\000\040\000S\000e\000v\000e\000n\000.\000\040\000T\000h\000e\000\040\000P\000l\000a\000c\000e\000\040\000o\000f\000\040\000E\000c\000o\000n\000o\000m\000i\000c\000s\000\040\000i\000n\000\040\000S\000o\000c\000i\000e\000t\000y}{}% 381
\BOOKMARK [0][-]{section*.423}{\376\377\000N\000o\000t\000e\000s}{section*.422}% 382
\BOOKMARK [0][-]{chapter*.425}{\376\377\000C\000h\000a\000p\000t\000e\000r\000\040\000X\000X\000X\000V\000I\000I\000\040\000T\000h\000e\000\040\000N\000o\000n\000d\000e\000s\000c\000r\000i\000p\000t\000\040\000C\000h\000a\000r\000a\000c\000t\000e\000r\000\040\000o\000f\000\040\000E\000c\000o\000n\000o\000m\000i\000c\000s}{section*.422}% 383
\BOOKMARK [1][-]{section*.426}{\376\377\0001\000.\000\040\000T\000h\000e\000\040\000S\000i\000n\000g\000u\000l\000a\000r\000i\000t\000y\000\040\000o\000f\000\040\000E\000c\000o\000n\000o\000m\000i\000c\000s}{chapter*.425}% 384
\BOOKMARK [1][-]{section*.427}{\376\377\0002\000.\000\040\000E\000c\000o\000n\000o\000m\000i\000c\000s\000\040\000a\000n\000d\000\040\000P\000u\000b\000l\000i\000c\000\040\000O\000p\000i\000n\000i\000o\000n}{chapter*.425}% 385
\BOOKMARK [1][-]{section*.428}{\376\377\0003\000.\000\040\000T\000h\000e\000\040\000I\000l\000l\000u\000s\000i\000o\000n\000\040\000o\000f\000\040\000t\000h\000e\000\040\000O\000l\000d\000\040\000L\000i\000b\000e\000r\000a\000l\000s}{chapter*.425}% 386
\BOOKMARK [0][-]{chapter*.430}{\376\377\000C\000h\000a\000p\000t\000e\000r\000\040\000X\000X\000X\000V\000I\000I\000I\000\040\000T\000h\000e\000\040\000P\000l\000a\000c\000e\000\040\000o\000f\000\040\000E\000c\000o\000n\000o\000m\000i\000c\000s\000\040\000i\000n\000\040\000L\000e\000a\000r\000n\000i\000n\000g}{section*.422}% 387
\BOOKMARK [1][-]{section*.431}{\376\377\0001\000.\000\040\000T\000h\000e\000\040\000S\000t\000u\000d\000y\000\040\000o\000f\000\040\000E\000c\000o\000n\000o\000m\000i\000c\000s}{chapter*.430}% 388
\BOOKMARK [1][-]{section*.432}{\376\377\0002\000.\000\040\000E\000c\000o\000n\000o\000m\000i\000c\000s\000\040\000a\000s\000\040\000a\000\040\000P\000r\000o\000f\000e\000s\000s\000i\000o\000n}{chapter*.430}% 389
\BOOKMARK [1][-]{section*.433}{\376\377\0003\000.\000\040\000F\000o\000r\000e\000c\000a\000s\000t\000i\000n\000g\000\040\000a\000s\000\040\000a\000\040\000P\000r\000o\000f\000e\000s\000s\000i\000o\000n}{chapter*.430}% 390
\BOOKMARK [1][-]{section*.434}{\376\377\0004\000.\000\040\000E\000c\000o\000n\000o\000m\000i\000c\000s\000\040\000a\000n\000d\000\040\000t\000h\000e\000\040\000U\000n\000i\000v\000e\000r\000s\000i\000t\000i\000e\000s}{chapter*.430}% 391
\BOOKMARK [1][-]{section*.435}{\376\377\0005\000.\000\040\000G\000e\000n\000e\000r\000a\000l\000\040\000E\000d\000u\000c\000a\000t\000i\000o\000n\000\040\000a\000n\000d\000\040\000E\000c\000o\000n\000o\000m\000i\000c\000s}{chapter*.430}% 392
\BOOKMARK [1][-]{section*.436}{\376\377\0006\000.\000\040\000E\000c\000o\000n\000o\000m\000i\000c\000s\000\040\000a\000n\000d\000\040\000t\000h\000e\000\040\000C\000i\000t\000i\000z\000e\000n}{chapter*.430}% 393
\BOOKMARK [1][-]{section*.437}{\376\377\0007\000.\000\040\000E\000c\000o\000n\000o\000m\000i\000c\000s\000\040\000a\000n\000d\000\040\000F\000r\000e\000e\000d\000o\000m}{chapter*.430}% 394
\BOOKMARK [1][-]{section*.438}{\376\377\000N\000o\000t\000e\000s}{chapter*.430}% 395
\BOOKMARK [0][-]{chapter*.440}{\376\377\000C\000h\000a\000p\000t\000e\000r\000\040\000X\000X\000X\000I\000X\000\040\000E\000c\000o\000n\000o\000m\000i\000c\000s\000\040\000a\000n\000d\000\040\000t\000h\000e\000\040\000E\000s\000s\000e\000n\000t\000i\000a\000l\000\040\000P\000r\000o\000b\000l\000e\000m\000s\000\040\000o\000f\000\040\000H\000u\000m\000a\000n\000\040\000E\000x\000i\000s\000t\000e\000n\000c\000e}{section*.422}% 396
\BOOKMARK [1][-]{section*.441}{\376\377\0001\000.\000\040\000S\000c\000i\000e\000n\000c\000e\000\040\000a\000n\000d\000\040\000L\000i\000f\000e}{chapter*.440}% 397
\BOOKMARK [1][-]{section*.442}{\376\377\0002\000.\000\040\000E\000c\000o\000n\000o\000m\000i\000c\000s\000\040\000a\000n\000d\000\040\000J\000u\000d\000g\000e\000m\000e\000n\000t\000s\000\040\000o\000f\000\040\000V\000a\000l\000u\000e}{chapter*.440}% 398
\BOOKMARK [1][-]{section*.443}{\376\377\0003\000.\000\040\000E\000c\000o\000n\000o\000m\000i\000c\000\040\000C\000o\000g\000n\000i\000t\000i\000o\000n\000\040\000a\000n\000d\000\040\000H\000u\000m\000a\000n\000\040\000A\000c\000t\000i\000o\000n}{chapter*.440}% 399
