This is pdfTeX, Version 3.141592653-2.6-1.40.27 (TeX Live 2025) (preloaded format=pdflatex 2025.4.19)  22 SEP 2026 22:48
entering extended mode
 restricted \write18 enabled.
 %&-line parsing enabled.
**The_Road_to_Serfdom.tex
(./The_Road_to_Serfdom.tex
LaTeX2e <2024-11-01> patch level 2
L3 programming layer <2025-01-18>
(/usr/local/texlive/2025/texmf-dist/tex/latex/base/book.cls
Document Class: book 2024/06/29 v1.4n Standard LaTeX document class
(/usr/local/texlive/2025/texmf-dist/tex/latex/base/bk11.clo
File: bk11.clo 2024/06/29 v1.4n Standard LaTeX file (size option)
)
\c@part=\count196
\c@chapter=\count197
\c@section=\count198
\c@subsection=\count199
\c@subsubsection=\count266
\c@paragraph=\count267
\c@subparagraph=\count268
\c@figure=\count269
\c@table=\count270
\abovecaptionskip=\skip49
\belowcaptionskip=\skip50
\bibindent=\dimen141
)
(/usr/local/texlive/2025/texmf-dist/tex/latex/base/fontenc.sty
Package: fontenc 2021/04/29 v2.0v Standard LaTeX package
)
(/usr/local/texlive/2025/texmf-dist/tex/latex/base/inputenc.sty
Package: inputenc 2024/02/08 v1.3d Input encoding file
\inpenc@prehook=\toks17
\inpenc@posthook=\toks18
)
(/usr/local/texlive/2025/texmf-dist/tex/latex/libertine/libertine.sty
Package: libertine 2024/04/23 (Bob Tennent) Supports Libertine and Biolinum fon
ts for all LaTeX engines.

(/usr/local/texlive/2025/texmf-dist/tex/generic/iftex/ifxetex.sty
Package: ifxetex 2019/10/25 v0.7 ifxetex legacy package. Use iftex instead.

(/usr/local/texlive/2025/texmf-dist/tex/generic/iftex/iftex.sty
Package: iftex 2024/12/12 v1.0g TeX engine tests
))
(/usr/local/texlive/2025/texmf-dist/tex/generic/iftex/ifluatex.sty
Package: ifluatex 2019/10/25 v1.5 ifluatex legacy package. Use iftex instead.
)
(/usr/local/texlive/2025/texmf-dist/tex/latex/xkeyval/xkeyval.sty
Package: xkeyval 2022/06/16 v2.9 package option processing (HA)

(/usr/local/texlive/2025/texmf-dist/tex/generic/xkeyval/xkeyval.tex
(/usr/local/texlive/2025/texmf-dist/tex/generic/xkeyval/xkvutils.tex
\XKV@toks=\toks19
\XKV@tempa@toks=\toks20

(/usr/local/texlive/2025/texmf-dist/tex/generic/xkeyval/keyval.tex))
\XKV@depth=\count271
File: xkeyval.tex 2014/12/03 v2.7a key=value parser (HA)
))
(/usr/local/texlive/2025/texmf-dist/tex/latex/base/textcomp.sty
Package: textcomp 2024/04/24 v2.1b Standard LaTeX package
)
(/usr/local/texlive/2025/texmf-dist/tex/latex/base/fontenc.sty
Package: fontenc 2021/04/29 v2.0v Standard LaTeX package
)
(/usr/local/texlive/2025/texmf-dist/tex/latex/fontaxes/fontaxes.sty
Package: fontaxes 2020/07/21 v1.0e Font selection axes
LaTeX Info: Redefining \upshape on input line 29.
LaTeX Info: Redefining \itshape on input line 31.
LaTeX Info: Redefining \slshape on input line 33.
LaTeX Info: Redefining \swshape on input line 35.
LaTeX Info: Redefining \scshape on input line 37.
LaTeX Info: Redefining \sscshape on input line 39.
LaTeX Info: Redefining \ulcshape on input line 41.
LaTeX Info: Redefining \textsw on input line 47.
LaTeX Info: Redefining \textssc on input line 48.
LaTeX Info: Redefining \textulc on input line 49.
)
LaTeX Info: Redefining \oldstylenums on input line 485.

(/usr/local/texlive/2025/texmf-dist/tex/latex/libertine/LinLibertine_I.tex))
(/usr/local/texlive/2025/texmf-dist/tex/latex/microtype/microtype.sty
Package: microtype 2025/02/11 v3.2a Micro-typographical refinements (RS)

(/usr/local/texlive/2025/texmf-dist/tex/latex/etoolbox/etoolbox.sty
Package: etoolbox 2025/02/11 v2.5l e-TeX tools for LaTeX (JAW)
\etb@tempcnta=\count272
)
\MT@toks=\toks21
\MT@tempbox=\box52
\MT@count=\count273
LaTeX Info: Redefining \noprotrusionifhmode on input line 1087.
LaTeX Info: Redefining \leftprotrusion on input line 1088.
\MT@prot@toks=\toks22
LaTeX Info: Redefining \rightprotrusion on input line 1107.
LaTeX Info: Redefining \textls on input line 1449.
\MT@outer@kern=\dimen142
LaTeX Info: Redefining \microtypecontext on input line 2053.
LaTeX Info: Redefining \textmicrotypecontext on input line 2070.
\MT@listname@count=\count274

(/usr/local/texlive/2025/texmf-dist/tex/latex/microtype/microtype-pdftex.def
File: microtype-pdftex.def 2025/02/11 v3.2a Definitions specific to pdftex (RS)

LaTeX Info: Redefining \lsstyle on input line 944.
LaTeX Info: Redefining \lslig on input line 944.
\MT@outer@space=\skip51
)
Package microtype Info: Loading configuration file microtype.cfg.

(/usr/local/texlive/2025/texmf-dist/tex/latex/microtype/microtype.cfg
File: microtype.cfg 2025/02/11 v3.2a microtype main configuration file (RS)
)
LaTeX Info: Redefining \microtypesetup on input line 3065.
)
(/usr/local/texlive/2025/texmf-dist/tex/latex/titlesec/titlesec.sty
Package: titlesec 2025/01/04 v2.17 Sectioning titles
\ttl@box=\box53
\beforetitleunit=\skip52
\aftertitleunit=\skip53
\ttl@plus=\dimen143
\ttl@minus=\dimen144
\ttl@toksa=\toks23
\titlewidth=\dimen145
\titlewidthlast=\dimen146
\titlewidthfirst=\dimen147
)
(/usr/local/texlive/2025/texmf-dist/tex/latex/fancyhdr/fancyhdr.sty
Package: fancyhdr 2025/02/07 v5.2 Extensive control of page headers and footers

\f@nch@headwidth=\skip54
\f@nch@offset@elh=\skip55
\f@nch@offset@erh=\skip56
\f@nch@offset@olh=\skip57
\f@nch@offset@orh=\skip58
\f@nch@offset@elf=\skip59
\f@nch@offset@erf=\skip60
\f@nch@offset@olf=\skip61
\f@nch@offset@orf=\skip62
\f@nch@height=\skip63
\f@nch@footalignment=\skip64
\f@nch@widthL=\skip65
\f@nch@widthC=\skip66
\f@nch@widthR=\skip67
\@temptokenb=\toks24
)
(/usr/local/texlive/2025/texmf-dist/tex/latex/geometry/geometry.sty
Package: geometry 2020/01/02 v5.9 Page Geometry

(/usr/local/texlive/2025/texmf-dist/tex/generic/iftex/ifvtex.sty
Package: ifvtex 2019/10/25 v1.7 ifvtex legacy package. Use iftex instead.
)
\Gm@cnth=\count275
\Gm@cntv=\count276
\c@Gm@tempcnt=\count277
\Gm@bindingoffset=\dimen148
\Gm@wd@mp=\dimen149
\Gm@odd@mp=\dimen150
\Gm@even@mp=\dimen151
\Gm@layoutwidth=\dimen152
\Gm@layoutheight=\dimen153
\Gm@layouthoffset=\dimen154
\Gm@layoutvoffset=\dimen155
\Gm@dimlist=\toks25
)
(/usr/local/texlive/2025/texmf-dist/tex/latex/hyperref/hyperref.sty
Package: hyperref 2024-11-05 v7.01l Hypertext links for LaTeX

(/usr/local/texlive/2025/texmf-dist/tex/latex/kvsetkeys/kvsetkeys.sty
Package: kvsetkeys 2022-10-05 v1.19 Key value parser (HO)
)
(/usr/local/texlive/2025/texmf-dist/tex/generic/kvdefinekeys/kvdefinekeys.sty
Package: kvdefinekeys 2019-12-19 v1.6 Define keys (HO)
)
(/usr/local/texlive/2025/texmf-dist/tex/generic/pdfescape/pdfescape.sty
Package: pdfescape 2019/12/09 v1.15 Implements pdfTeX's escape features (HO)

(/usr/local/texlive/2025/texmf-dist/tex/generic/ltxcmds/ltxcmds.sty
Package: ltxcmds 2023-12-04 v1.26 LaTeX kernel commands for general use (HO)
)
(/usr/local/texlive/2025/texmf-dist/tex/generic/pdftexcmds/pdftexcmds.sty
Package: pdftexcmds 2020-06-27 v0.33 Utility functions of pdfTeX for LuaTeX (HO
)

(/usr/local/texlive/2025/texmf-dist/tex/generic/infwarerr/infwarerr.sty
Package: infwarerr 2019/12/03 v1.5 Providing info/warning/error messages (HO)
)
Package pdftexcmds Info: \pdf@primitive is available.
Package pdftexcmds Info: \pdf@ifprimitive is available.
Package pdftexcmds Info: \pdfdraftmode found.
))
(/usr/local/texlive/2025/texmf-dist/tex/latex/hycolor/hycolor.sty
Package: hycolor 2020-01-27 v1.10 Color options for hyperref/bookmark (HO)
)
(/usr/local/texlive/2025/texmf-dist/tex/latex/hyperref/nameref.sty
Package: nameref 2023-11-26 v2.56 Cross-referencing by name of section

(/usr/local/texlive/2025/texmf-dist/tex/latex/refcount/refcount.sty
Package: refcount 2019/12/15 v3.6 Data extraction from label references (HO)
)
(/usr/local/texlive/2025/texmf-dist/tex/generic/gettitlestring/gettitlestring.s
ty
Package: gettitlestring 2019/12/15 v1.6 Cleanup title references (HO)
 (/usr/local/texlive/2025/texmf-dist/tex/latex/kvoptions/kvoptions.sty
Package: kvoptions 2022-06-15 v3.15 Key value format for package options (HO)
))
\c@section@level=\count278
)
(/usr/local/texlive/2025/texmf-dist/tex/generic/stringenc/stringenc.sty
Package: stringenc 2019/11/29 v1.12 Convert strings between diff. encodings (HO
)
)
\@linkdim=\dimen156
\Hy@linkcounter=\count279
\Hy@pagecounter=\count280

(/usr/local/texlive/2025/texmf-dist/tex/latex/hyperref/pd1enc.def
File: pd1enc.def 2024-11-05 v7.01l Hyperref: PDFDocEncoding definition (HO)
Now handling font encoding PD1 ...
... no UTF-8 mapping file for font encoding PD1
)
(/usr/local/texlive/2025/texmf-dist/tex/generic/intcalc/intcalc.sty
Package: intcalc 2019/12/15 v1.3 Expandable calculations with integers (HO)
)
\Hy@SavedSpaceFactor=\count281

(/usr/local/texlive/2025/texmf-dist/tex/latex/hyperref/puenc.def
File: puenc.def 2024-11-05 v7.01l Hyperref: PDF Unicode definition (HO)
Now handling font encoding PU ...
... no UTF-8 mapping file for font encoding PU
)
Package hyperref Info: Hyper figures OFF on input line 4157.
Package hyperref Info: Link nesting OFF on input line 4162.
Package hyperref Info: Hyper index ON on input line 4165.
Package hyperref Info: Plain pages OFF on input line 4172.
Package hyperref Info: Backreferencing OFF on input line 4177.
Package hyperref Info: Implicit mode ON; LaTeX internals redefined.
Package hyperref Info: Bookmarks ON on input line 4424.
\c@Hy@tempcnt=\count282

(/usr/local/texlive/2025/texmf-dist/tex/latex/url/url.sty
\Urlmuskip=\muskip17
Package: url 2013/09/16  ver 3.4  Verb mode for urls, etc.
)
LaTeX Info: Redefining \url on input line 4763.
\XeTeXLinkMargin=\dimen157

(/usr/local/texlive/2025/texmf-dist/tex/generic/bitset/bitset.sty
Package: bitset 2019/12/09 v1.3 Handle bit-vector datatype (HO)

(/usr/local/texlive/2025/texmf-dist/tex/generic/bigintcalc/bigintcalc.sty
Package: bigintcalc 2019/12/15 v1.5 Expandable calculations on big integers (HO
)
))
\Fld@menulength=\count283
\Field@Width=\dimen158
\Fld@charsize=\dimen159
Package hyperref Info: Hyper figures OFF on input line 6042.
Package hyperref Info: Link nesting OFF on input line 6047.
Package hyperref Info: Hyper index ON on input line 6050.
Package hyperref Info: backreferencing OFF on input line 6057.
Package hyperref Info: Link coloring OFF on input line 6062.
Package hyperref Info: Link coloring with OCG OFF on input line 6067.
Package hyperref Info: PDF/A mode OFF on input line 6072.

(/usr/local/texlive/2025/texmf-dist/tex/latex/base/atbegshi-ltx.sty
Package: atbegshi-ltx 2021/01/10 v1.0c Emulation of the original atbegshi
package with kernel methods
)
\Hy@abspage=\count284
\c@Item=\count285
\c@Hfootnote=\count286
)
Package hyperref Info: Driver (autodetected): hpdftex.

(/usr/local/texlive/2025/texmf-dist/tex/latex/hyperref/hpdftex.def
File: hpdftex.def 2024-11-05 v7.01l Hyperref driver for pdfTeX

(/usr/local/texlive/2025/texmf-dist/tex/latex/base/atveryend-ltx.sty
Package: atveryend-ltx 2020/08/19 v1.0a Emulation of the original atveryend pac
kage
with kernel methods
)
\Fld@listcount=\count287
\c@bookmark@seq@number=\count288

(/usr/local/texlive/2025/texmf-dist/tex/latex/rerunfilecheck/rerunfilecheck.sty
Package: rerunfilecheck 2022-07-10 v1.10 Rerun checks for auxiliary files (HO)

(/usr/local/texlive/2025/texmf-dist/tex/generic/uniquecounter/uniquecounter.sty
Package: uniquecounter 2019/12/15 v1.4 Provide unlimited unique counter (HO)
)
Package uniquecounter Info: New unique counter `rerunfilecheck' on input line 2
85.
)
\Hy@SectionHShift=\skip68
)
Package hyperref Info: Option `bookmarksnumbered' set `false' on input line 22.

LaTeX Font Info:    Trying to load font information for T1+LinuxLibertineT-TLF 
on input line 74.

(/usr/local/texlive/2025/texmf-dist/tex/latex/libertine/T1LinuxLibertineT-TLF.f
d
File: T1LinuxLibertineT-TLF.fd 2017/03/20 (autoinst) Font definitions for T1/Li
nuxLibertineT-TLF.
)
LaTeX Font Info:    Font shape `T1/LinuxLibertineT-TLF/m/n' will be
(Font)              scaled to size 10.95pt on input line 74.
 (/usr/local/texlive/2025/texmf-dist/tex/latex/l3backend/l3backend-pdftex.def
File: l3backend-pdftex.def 2024-05-08 L3 backend support: PDF output (pdfTeX)
\l__color_backend_stack_int=\count289
\l__pdf_internal_box=\box54
) (./The_Road_to_Serfdom.aux)
\openout1 = `The_Road_to_Serfdom.aux'.

LaTeX Font Info:    Checking defaults for OML/cmm/m/it on input line 74.
LaTeX Font Info:    ... okay on input line 74.
LaTeX Font Info:    Checking defaults for OMS/cmsy/m/n on input line 74.
LaTeX Font Info:    ... okay on input line 74.
LaTeX Font Info:    Checking defaults for OT1/cmr/m/n on input line 74.
LaTeX Font Info:    ... okay on input line 74.
LaTeX Font Info:    Checking defaults for T1/cmr/m/n on input line 74.
LaTeX Font Info:    ... okay on input line 74.
LaTeX Font Info:    Checking defaults for TS1/cmr/m/n on input line 74.
LaTeX Font Info:    ... okay on input line 74.
LaTeX Font Info:    Checking defaults for OMX/cmex/m/n on input line 74.
LaTeX Font Info:    ... okay on input line 74.
LaTeX Font Info:    Checking defaults for U/cmr/m/n on input line 74.
LaTeX Font Info:    ... okay on input line 74.
LaTeX Font Info:    Checking defaults for PD1/pdf/m/n on input line 74.
LaTeX Font Info:    ... okay on input line 74.
LaTeX Font Info:    Checking defaults for PU/pdf/m/n on input line 74.
LaTeX Font Info:    ... okay on input line 74.
\c@mv@tabular=\count290
\c@mv@boldtabular=\count291
LaTeX Info: Redefining \microtypecontext on input line 74.
Package microtype Info: Applying patch `item' on input line 74.
Package microtype Info: Applying patch `toc' on input line 74.
Package microtype Info: Applying patch `eqnum' on input line 74.
Package microtype Info: Applying patch `footnote' on input line 74.
Package microtype Info: Applying patch `verbatim' on input line 74.
LaTeX Info: Redefining \microtypesetup on input line 74.
Package microtype Info: Generating PDF output.
Package microtype Info: Character protrusion enabled (level 2).
Package microtype Info: Using default protrusion set `alltext'.
Package microtype Info: Automatic font expansion enabled (level 2),
(microtype)             stretch: 20, shrink: 20, step: 1, non-selected.
Package microtype Info: Using default expansion set `alltext-nott'.
LaTeX Info: Redefining \showhyphens on input line 74.
Package microtype Info: No adjustment of tracking.
Package microtype Info: No adjustment of interword spacing.
Package microtype Info: No adjustment of character kerning.
Package microtype Info: Loading generic protrusion settings for font family
(microtype)             `LinuxLibertineT-TLF' (encoding: T1).
(microtype)             For optimal results, create family-specific settings.
(microtype)             See the microtype manual for details.

*geometry* driver: auto-detecting
*geometry* detected driver: pdftex
*geometry* verbose mode - [ preamble ] result:
* driver: pdftex
* paper: custom
* layout: <same size as paper>
* layoutoffset:(h,v)=(0.0pt,0.0pt)
* modes: twoside 
* h-part:(L,W,R)=(56.3705pt, 329.55104pt, 47.69846pt)
* v-part:(T,H,B)=(56.3705pt, 531.90726pt, 62.15224pt)
* \paperwidth=433.62pt
* \paperheight=650.43pt
* \textwidth=329.55104pt
* \textheight=531.90726pt
* \oddsidemargin=-15.89949pt
* \evensidemargin=-24.57153pt
* \topmargin=-47.77328pt
* \headheight=12.0pt
* \headsep=19.8738pt
* \topskip=11.0pt
* \footskip=27.46295pt
* \marginparwidth=116.0pt
* \marginparsep=7.0pt
* \columnsep=10.0pt
* \skip\footins=10.0pt plus 4.0pt minus 2.0pt
* \hoffset=0.0pt
* \voffset=0.0pt
* \mag=1000
* \@twocolumnfalse
* \@twosidetrue
* \@mparswitchtrue
* \@reversemarginfalse
* (1in=72.27pt=25.4mm, 1cm=28.453pt)

Package hyperref Info: Link coloring OFF on input line 74.
(./The_Road_to_Serfdom.out) (./The_Road_to_Serfdom.out)
\@outlinefile=\write3
\openout3 = `The_Road_to_Serfdom.out'.

LaTeX Font Info:    Trying to load font information for T1+LinuxBiolinumT-TLF o
n input line 79.

(/usr/local/texlive/2025/texmf-dist/tex/latex/libertine/T1LinuxBiolinumT-TLF.fd
File: T1LinuxBiolinumT-TLF.fd 2017/03/20 (autoinst) Font definitions for T1/Lin
uxBiolinumT-TLF.
)
LaTeX Font Info:    Font shape `T1/LinuxBiolinumT-TLF/m/n' will be
(Font)              scaled to size 10.95pt on input line 79.
Package microtype Info: Loading generic protrusion settings for font family
(microtype)             `LinuxBiolinumT-TLF' (encoding: T1).
(microtype)             For optimal results, create family-specific settings.
(microtype)             See the microtype manual for details.
LaTeX Font Info:    Font shape `T1/LinuxBiolinumT-TLF/b/n' will be
(Font)              scaled to size 10.95pt on input line 79.
LaTeX Font Info:    Font shape `T1/LinuxBiolinumT-TLF/b/n' will be
(Font)              scaled to size 34.0pt on input line 79.
LaTeX Font Info:    Font shape `T1/LinuxBiolinumT-TLF/m/n' will be
(Font)              scaled to size 12.0pt on input line 81.
LaTeX Font Info:    Font shape `T1/LinuxBiolinumT-TLF/m/n' will be
(Font)              scaled to size 10.0pt on input line 82.


[1


{/usr/local/texlive/2025/texmf-var/fonts/map/pdftex/updmap/pdftex.map}{/usr/loc
al/texlive/2025/texmf-dist/fonts/enc/dvips/libertine/lbtn_25tcsq.enc}]
LaTeX Font Info:    Font shape `T1/LinuxBiolinumT-TLF/m/n' will be
(Font)              scaled to size 14.4pt on input line 90.
LaTeX Font Info:    Font shape `T1/LinuxBiolinumT-TLF/b/n' will be
(Font)              scaled to size 14.4pt on input line 90.
LaTeX Font Info:    Font shape `T1/LinuxLibertineT-TLF/m/it' will be
(Font)              scaled to size 10.95pt on input line 94.


[1

{/usr/local/texlive/2025/texmf-dist/fonts/enc/dvips/libertine/lbtn_76gpa5.enc}{
/usr/local/texlive/2025/texmf-dist/fonts/enc/dvips/libertine/lbtn_7grukw.enc}] 
(./The_Road_to_Serfdom.toc
LaTeX Font Info:    Font shape `T1/LinuxLibertineT-TLF/b/n' will be
(Font)              scaled to size 10.95pt on input line 1.


[2

{/usr/local/texlive/2025/texmf-dist/fonts/enc/dvips/libertine/lbtn_nh77jq.enc}]
)
\tf@toc=\write4
\openout4 = `The_Road_to_Serfdom.toc'.



LaTeX Font Info:    Font shape `T1/LinuxBiolinumT-TLF/m/it' will be
(Font)              scaled to size 10.0pt on input line 97.
[3]
Underfull \vbox (badness 10000) has occurred while \output is active []




pdfTeX warning (ext4): destination with the same identifier (name{page.1}) has 
been already used, duplicate ignored
<to be read again> 
                   \relax 
l.106 
       [1



]

[2]
Underfull \vbox (badness 10000) has occurred while \output is active []



[3


]
Underfull \vbox (badness 10000) has occurred while \output is active []



[4]
Underfull \vbox (badness 10000) has occurred while \output is active []



[5]
Underfull \vbox (badness 10000) has occurred while \output is active []



[6]
Underfull \vbox (badness 10000) has occurred while \output is active []



[7]
Underfull \vbox (badness 10000) has occurred while \output is active []



[8]

[9]
LaTeX Font Info:    Font shape `T1/LinuxLibertineT-TLF/m/n' will be
(Font)              scaled to size 14.4pt on input line 165.


Package hyperref Warning: Token not allowed in a PDF string (Unicode):
(hyperref)                \hskip 10.95pt
(hyperref)                replaced by space on input line 165.


Underfull \vbox (badness 10000) has occurred while \output is active []



[10


]
Underfull \vbox (badness 10000) has occurred while \output is active []



[11]
Underfull \vbox (badness 10000) has occurred while \output is active []



[12]
Underfull \vbox (badness 10000) has occurred while \output is active []



[13]
Underfull \vbox (badness 10000) has occurred while \output is active []



[14]
Underfull \vbox (badness 10000) has occurred while \output is active []



[15]
LaTeX Font Info:    Trying to load font information for TS1+LinuxLibertineT-TLF
 on input line 215.

(/usr/local/texlive/2025/texmf-dist/tex/latex/libertine/TS1LinuxLibertineT-TLF.
fd
File: TS1LinuxLibertineT-TLF.fd 2017/03/20 (autoinst) Font definitions for TS1/
LinuxLibertineT-TLF.
)
LaTeX Font Info:    Font shape `TS1/LinuxLibertineT-TLF/m/n' will be
(Font)              scaled to size 10.95pt on input line 215.
Package microtype Info: Loading generic protrusion settings for font family
(microtype)             `LinuxLibertineT-TLF' (encoding: TS1).
(microtype)             For optimal results, create family-specific settings.
(microtype)             See the microtype manual for details.


[16{/usr/local/texlive/2025/texmf-dist/fonts/enc/dvips/libertine/lbtn_naooyc.en
c}]

[17]

[18]

[19]
Underfull \vbox (badness 10000) has occurred while \output is active []



[20]

[21]

Package hyperref Warning: Token not allowed in a PDF string (Unicode):
(hyperref)                \hskip 10.95pt
(hyperref)                replaced by space on input line 275.


Underfull \vbox (badness 10000) has occurred while \output is active []



[22


]
Underfull \vbox (badness 10000) has occurred while \output is active []



[23]

[24]

[25]
Underfull \vbox (badness 10000) has occurred while \output is active []



[26]
Underfull \vbox (badness 10000) has occurred while \output is active []



[27]

[28]

[29]

Package hyperref Warning: Token not allowed in a PDF string (Unicode):
(hyperref)                \hskip 10.95pt
(hyperref)                replaced by space on input line 467.


Underfull \vbox (badness 10000) has occurred while \output is active []



[30


]
Underfull \vbox (badness 10000) has occurred while \output is active []



[31]

[32]

[33]

[34]
Underfull \vbox (badness 10000) has occurred while \output is active []



[35]
Underfull \vbox (badness 10000) has occurred while \output is active []



[36]

[37]
Underfull \vbox (badness 10000) has occurred while \output is active []



[38]
Underfull \vbox (badness 10000) has occurred while \output is active []



[39]

[40]

Package hyperref Warning: Token not allowed in a PDF string (Unicode):
(hyperref)                \hskip 10.95pt
(hyperref)                replaced by space on input line 627.


Underfull \vbox (badness 10000) has occurred while \output is active []



[41


]
Underfull \vbox (badness 10000) has occurred while \output is active []



[42]

[43]
Underfull \vbox (badness 10000) has occurred while \output is active []



[44]

[45]
Underfull \vbox (badness 10000) has occurred while \output is active []



[46]

[47]
Underfull \vbox (badness 10000) has occurred while \output is active []



[48]

[49]
Underfull \vbox (badness 10000) has occurred while \output is active []



[50]
Underfull \vbox (badness 10000) has occurred while \output is active []



[51]

[52]

Package hyperref Warning: Token not allowed in a PDF string (Unicode):
(hyperref)                \hskip 10.95pt
(hyperref)                replaced by space on input line 775.


Underfull \vbox (badness 10000) has occurred while \output is active []



[53


]
Underfull \vbox (badness 10000) has occurred while \output is active []



[54]

[55]
Underfull \vbox (badness 10000) has occurred while \output is active []



[56]

[57]
Underfull \vbox (badness 10000) has occurred while \output is active []



[58]

[59]
Underfull \vbox (badness 10000) has occurred while \output is active []



[60]
Underfull \vbox (badness 10000) has occurred while \output is active []



[61]
Underfull \vbox (badness 10000) has occurred while \output is active []



[62]
Underfull \vbox (badness 10000) has occurred while \output is active []



[63]

[64]

[65]

[66]

Package hyperref Warning: Token not allowed in a PDF string (Unicode):
(hyperref)                \hskip 10.95pt
(hyperref)                replaced by space on input line 957.


Underfull \vbox (badness 10000) has occurred while \output is active []



[67


]
Underfull \vbox (badness 10000) has occurred while \output is active []



[68]

[69]

[70]
Underfull \vbox (badness 10000) has occurred while \output is active []



[71]
Underfull \vbox (badness 10000) has occurred while \output is active []



[72]

[73]
Underfull \vbox (badness 10000) has occurred while \output is active []



[74]

[75]
Underfull \vbox (badness 10000) has occurred while \output is active []



[76]

[77]
Underfull \vbox (badness 10000) has occurred while \output is active []



[78]
Underfull \vbox (badness 10000) has occurred while \output is active []



[79]

[80]

Package hyperref Warning: Token not allowed in a PDF string (Unicode):
(hyperref)                \hskip 10.95pt
(hyperref)                replaced by space on input line 1091.


Underfull \vbox (badness 10000) has occurred while \output is active []



[81


]
Underfull \vbox (badness 10000) has occurred while \output is active []



[82]

[83]

[84]

[85]

[86]
Underfull \vbox (badness 10000) has occurred while \output is active []



[87]

[88]

[89]

[90]

[91]

[92]

Package hyperref Warning: Token not allowed in a PDF string (Unicode):
(hyperref)                \hskip 10.95pt
(hyperref)                replaced by space on input line 1223.


Underfull \vbox (badness 10000) has occurred while \output is active []



[93


]
Underfull \vbox (badness 10000) has occurred while \output is active []



[94]
Underfull \vbox (badness 10000) has occurred while \output is active []



[95]
Underfull \vbox (badness 10000) has occurred while \output is active []



[96]
Underfull \vbox (badness 10000) has occurred while \output is active []



[97]

[98]

[99]
Underfull \vbox (badness 10000) has occurred while \output is active []



[100]

[101]
Underfull \vbox (badness 10000) has occurred while \output is active []



[102]

[103]

[104]
Underfull \vbox (badness 10000) has occurred while \output is active []



[105]

[106]
Underfull \vbox (badness 10000) has occurred while \output is active []



[107]

[108]

Package hyperref Warning: Token not allowed in a PDF string (Unicode):
(hyperref)                \hskip 10.95pt
(hyperref)                replaced by space on input line 1409.


Underfull \vbox (badness 10000) has occurred while \output is active []



[109


]
Underfull \vbox (badness 10000) has occurred while \output is active []



[110]

[111]
Underfull \vbox (badness 10000) has occurred while \output is active []



[112]

[113]
Underfull \vbox (badness 10000) has occurred while \output is active []



[114]
Underfull \vbox (badness 10000) has occurred while \output is active []



[115]

[116]
Underfull \vbox (badness 10000) has occurred while \output is active []



[117]

[118]
Underfull \vbox (badness 10000) has occurred while \output is active []



[119]
Underfull \vbox (badness 10000) has occurred while \output is active []



[120]

[121]

Package hyperref Warning: Token not allowed in a PDF string (Unicode):
(hyperref)                \hskip 10.95pt
(hyperref)                replaced by space on input line 1523.


Underfull \vbox (badness 10000) has occurred while \output is active []



[122


]

[123]

[124]
Underfull \vbox (badness 10000) has occurred while \output is active []



[125]

[126]
Underfull \vbox (badness 10000) has occurred while \output is active []



[127]
Underfull \vbox (badness 10000) has occurred while \output is active []



[128]
Underfull \vbox (badness 10000) has occurred while \output is active []



[129]

[130]
Underfull \vbox (badness 10000) has occurred while \output is active []



[131]

[132]

[133]
Underfull \vbox (badness 10000) has occurred while \output is active []



[134]
Underfull \vbox (badness 10000) has occurred while \output is active []



[135]
Underfull \vbox (badness 10000) has occurred while \output is active []



[136]

[137]

Package hyperref Warning: Token not allowed in a PDF string (Unicode):
(hyperref)                \hskip 10.95pt
(hyperref)                replaced by space on input line 1683.


Underfull \vbox (badness 10000) has occurred while \output is active []



[138


]
Underfull \vbox (badness 10000) has occurred while \output is active []



[139]

[140]

[141]
Underfull \vbox (badness 10000) has occurred while \output is active []



[142]

[143]
Underfull \vbox (badness 10000) has occurred while \output is active []



[144]
Underfull \vbox (badness 10000) has occurred while \output is active []



[145]
Underfull \vbox (badness 10000) has occurred while \output is active []



[146]

[147]
Underfull \vbox (badness 10000) has occurred while \output is active []



[148]

[149]

Package hyperref Warning: Token not allowed in a PDF string (Unicode):
(hyperref)                \hskip 10.95pt
(hyperref)                replaced by space on input line 1787.


Underfull \vbox (badness 10000) has occurred while \output is active []



[150


]

[151]

[152]

[153]
Underfull \vbox (badness 10000) has occurred while \output is active []



[154]

[155]

[156]
Underfull \vbox (badness 10000) has occurred while \output is active []



[157]
Underfull \vbox (badness 10000) has occurred while \output is active []



[158]

[159]
Underfull \vbox (badness 10000) has occurred while \output is active []



[160]
Underfull \vbox (badness 10000) has occurred while \output is active []



[161]

[162]

Package hyperref Warning: Token not allowed in a PDF string (Unicode):
(hyperref)                \hskip 10.95pt
(hyperref)                replaced by space on input line 2073.


Underfull \vbox (badness 10000) has occurred while \output is active []



[163


]
Underfull \vbox (badness 10000) has occurred while \output is active []



[164]
Underfull \vbox (badness 10000) has occurred while \output is active []



[165]
Underfull \vbox (badness 10000) has occurred while \output is active []



[166]

[167]
Underfull \vbox (badness 10000) has occurred while \output is active []



[168]
Underfull \vbox (badness 10000) has occurred while \output is active []



[169]

[170]
Underfull \vbox (badness 10000) has occurred while \output is active []



[171]
Underfull \vbox (badness 10000) has occurred while \output is active []



[172]
Underfull \vbox (badness 10000) has occurred while \output is active []



[173]

[174]
Underfull \vbox (badness 10000) has occurred while \output is active []



[175]
Underfull \vbox (badness 10000) has occurred while \output is active []



[176]
Underfull \vbox (badness 10000) has occurred while \output is active []



[177]

[178]
Underfull \vbox (badness 10000) has occurred while \output is active []



[179]

[180]

Package hyperref Warning: Token not allowed in a PDF string (Unicode):
(hyperref)                \hskip 10.95pt
(hyperref)                replaced by space on input line 2329.


Underfull \vbox (badness 10000) has occurred while \output is active []



[181


]
Underfull \vbox (badness 10000) has occurred while \output is active []



[182]
Underfull \vbox (badness 10000) has occurred while \output is active []



[183]

[184]
Underfull \vbox (badness 10000) has occurred while \output is active []



[185]

[186]
Underfull \vbox (badness 10000) has occurred while \output is active []



[187]

[188]
Underfull \vbox (badness 10000) has occurred while \output is active []



[189]
Underfull \vbox (badness 10000) has occurred while \output is active []



[190]
Underfull \vbox (badness 10000) has occurred while \output is active []



[191]

[192]
Underfull \vbox (badness 10000) has occurred while \output is active []



[193]
Underfull \vbox (badness 10000) has occurred while \output is active []



[194]

[195]

Package hyperref Warning: Token not allowed in a PDF string (Unicode):
(hyperref)                \hskip 10.95pt
(hyperref)                replaced by space on input line 2431.


Underfull \vbox (badness 10000) has occurred while \output is active []



[196


]

[197]
Underfull \vbox (badness 10000) has occurred while \output is active []



[198]
Underfull \vbox (badness 10000) has occurred while \output is active []



[199]

[200]
Underfull \vbox (badness 10000) has occurred while \output is active []



[201]
Underfull \vbox (badness 10000) has occurred while \output is active []



[202]

[203]

[204]
Underfull \vbox (badness 10000) has occurred while \output is active []



[205]

[206]
Underfull \vbox (badness 10000) has occurred while \output is active []



[207]
Underfull \vbox (badness 10000) has occurred while \output is active []



[208]

[209]
Underfull \vbox (badness 10000) has occurred while \output is active []



[210]
Underfull \vbox (badness 10000) has occurred while \output is active []



[211]

[212]
Underfull \vbox (badness 10000) has occurred while \output is active []



[213


]

[214]
LaTeX Font Info:    Font shape `TS1/LinuxLibertineT-TLF/m/it' will be
(Font)              scaled to size 10.95pt on input line 2561.

Underfull \vbox (badness 10000) has occurred while \output is active []



[215


{/usr/local/texlive/2025/texmf-dist/fonts/enc/dvips/libertine/lbtn_u7qtuy.enc}]

Underfull \vbox (badness 10000) has occurred while \output is active []



[216]

[217] (./The_Road_to_Serfdom.aux)
 ***********
LaTeX2e <2024-11-01> patch level 2
L3 programming layer <2025-01-18>
 ***********
Package rerunfilecheck Info: File `The_Road_to_Serfdom.out' has not changed.
(rerunfilecheck)             Checksum: 0AC5E3E08EAAE3EA05321FE489D81360;4185.
 ) 
Here is how much of TeX's memory you used:
 12594 strings out of 473190
 209655 string characters out of 5715800
 642845 words of memory out of 5000000
 35187 multiletter control sequences out of 15000+600000
 648324 words of font info for 232 fonts, out of 8000000 for 9000
 1141 hyphenation exceptions out of 8191
 75i,13n,79p,8039b,547s stack positions out of 10000i,1000n,20000p,200000b,200000s
</usr/local/texlive/2025/texmf-dist/fonts/type1/public/libertine/LinBiolinumT
.pfb></usr/local/texlive/2025/texmf-dist/fonts/type1/public/libertine/LinBiolin
umTB.pfb></usr/local/texlive/2025/texmf-dist/fonts/type1/public/libertine/LinBi
olinumTI.pfb></usr/local/texlive/2025/texmf-dist/fonts/type1/public/libertine/L
inLibertineT.pfb></usr/local/texlive/2025/texmf-dist/fonts/type1/public/liberti
ne/LinLibertineTB.pfb></usr/local/texlive/2025/texmf-dist/fonts/type1/public/li
bertine/LinLibertineTI.pfb>
Output written on The_Road_to_Serfdom.pdf (221 pages, 909196 bytes).
PDF statistics:
 1165 PDF objects out of 1200 (max. 8388607)
 918 compressed objects within 10 object streams
 262 named destinations out of 1000 (max. 500000)
 49313 words of extra memory for PDF output out of 51595 (max. 10000000)

