\BOOKMARK [0][-]{chapter*.2}{\376\377\000A\000\040\000N\000o\000t\000e\000\040\000o\000n\000\040\000T\000h\000i\000s\000\040\000E\000d\000i\000t\000i\000o\000n}{}% 1
\BOOKMARK [0][-]{chapter*.5}{\376\377\000P\000r\000e\000f\000a\000c\000e}{}% 2
\BOOKMARK [0][-]{chapter*.7}{\376\377\000I\000n\000t\000r\000o\000d\000u\000c\000t\000i\000o\000n}{}% 3
\BOOKMARK [0][-]{chapter*.9}{\376\377\000C\000h\000a\000p\000t\000e\000r\000\040\0001\000\040\000T\000h\000e\000\040\000A\000b\000a\000n\000d\000o\000n\000e\000d\000\040\000R\000o\000a\000d}{}% 4
\BOOKMARK [0][-]{chapter*.11}{\376\377\000C\000h\000a\000p\000t\000e\000r\000\040\0002\000\040\000T\000h\000e\000\040\000G\000r\000e\000a\000t\000\040\000U\000t\000o\000p\000i\000a}{}% 5
\BOOKMARK [0][-]{chapter*.13}{\376\377\000C\000h\000a\000p\000t\000e\000r\000\040\0003\000\040\000I\000n\000d\000i\000v\000i\000d\000u\000a\000l\000i\000s\000m\000\040\000a\000n\000d\000\040\000C\000o\000l\000l\000e\000c\000t\000i\000v\000i\000s\000m}{}% 6
\BOOKMARK [0][-]{chapter*.15}{\376\377\000C\000h\000a\000p\000t\000e\000r\000\040\0004\000\040\000T\000h\000e\000\040\000"\000I\000n\000e\000v\000i\000t\000a\000b\000i\000l\000i\000t\000y\000"\000\040\000o\000f\000\040\000P\000l\000a\000n\000n\000i\000n\000g}{}% 7
\BOOKMARK [0][-]{chapter*.17}{\376\377\000C\000h\000a\000p\000t\000e\000r\000\040\0005\000\040\000P\000l\000a\000n\000n\000i\000n\000g\000\040\000a\000n\000d\000\040\000D\000e\000m\000o\000c\000r\000a\000c\000y}{}% 8
\BOOKMARK [0][-]{chapter*.19}{\376\377\000C\000h\000a\000p\000t\000e\000r\000\040\0006\000\040\000P\000l\000a\000n\000n\000i\000n\000g\000\040\000a\000n\000d\000\040\000t\000h\000e\000\040\000R\000u\000l\000e\000\040\000o\000f\000\040\000L\000a\000w}{}% 9
\BOOKMARK [0][-]{chapter*.21}{\376\377\000C\000h\000a\000p\000t\000e\000r\000\040\0007\000\040\000E\000c\000o\000n\000o\000m\000i\000c\000\040\000C\000o\000n\000t\000r\000o\000l\000\040\000a\000n\000d\000\040\000T\000o\000t\000a\000l\000i\000t\000a\000r\000i\000a\000n\000i\000s\000m}{}% 10
\BOOKMARK [0][-]{chapter*.23}{\376\377\000C\000h\000a\000p\000t\000e\000r\000\040\0008\000\040\000W\000h\000o\000,\000\040\000W\000h\000o\000m\000?}{}% 11
\BOOKMARK [0][-]{chapter*.25}{\376\377\000C\000h\000a\000p\000t\000e\000r\000\040\0009\000\040\000S\000e\000c\000u\000r\000i\000t\000y\000\040\000a\000n\000d\000\040\000F\000r\000e\000e\000d\000o\000m}{}% 12
\BOOKMARK [0][-]{chapter*.27}{\376\377\000C\000h\000a\000p\000t\000e\000r\000\040\0001\0000\000\040\000W\000h\000y\000\040\000t\000h\000e\000\040\000W\000o\000r\000s\000t\000\040\000G\000e\000t\000\040\000o\000n\000\040\000T\000o\000p}{}% 13
\BOOKMARK [0][-]{chapter*.29}{\376\377\000C\000h\000a\000p\000t\000e\000r\000\040\0001\0001\000\040\000T\000h\000e\000\040\000E\000n\000d\000\040\000o\000f\000\040\000T\000r\000u\000t\000h}{}% 14
\BOOKMARK [0][-]{chapter*.31}{\376\377\000C\000h\000a\000p\000t\000e\000r\000\040\0001\0002\000\040\000T\000h\000e\000\040\000S\000o\000c\000i\000a\000l\000i\000s\000t\000\040\000R\000o\000o\000t\000s\000\040\000o\000f\000\040\000N\000a\000z\000i\000s\000m}{}% 15
\BOOKMARK [0][-]{chapter*.33}{\376\377\000C\000h\000a\000p\000t\000e\000r\000\040\0001\0003\000\040\000T\000h\000e\000\040\000T\000o\000t\000a\000l\000i\000t\000a\000r\000i\000a\000n\000s\000\040\000i\000n\000\040\000o\000u\000r\000\040\000M\000i\000d\000s\000t}{}% 16
\BOOKMARK [0][-]{chapter*.35}{\376\377\000C\000h\000a\000p\000t\000e\000r\000\040\0001\0004\000\040\000M\000a\000t\000e\000r\000i\000a\000l\000\040\000C\000o\000n\000d\000i\000t\000i\000o\000n\000s\000\040\000a\000n\000d\000\040\000I\000d\000e\000a\000l\000\040\000E\000n\000d\000s}{}% 17
\BOOKMARK [0][-]{chapter*.37}{\376\377\000C\000h\000a\000p\000t\000e\000r\000\040\0001\0005\000\040\000T\000h\000e\000\040\000P\000r\000o\000s\000p\000e\000c\000t\000s\000\040\000o\000f\000\040\000I\000n\000t\000e\000r\000n\000a\000t\000i\000o\000n\000a\000l\000\040\000O\000r\000d\000e\000r}{}% 18
\BOOKMARK [0][-]{chapter*.39}{\376\377\000C\000o\000n\000c\000l\000u\000s\000i\000o\000n}{}% 19
\BOOKMARK [0][-]{chapter*.41}{\376\377\000B\000i\000b\000l\000i\000o\000g\000r\000a\000p\000h\000i\000c\000a\000l\000\040\000N\000o\000t\000e}{}% 20
