\BOOKMARK [0][-]{chapter*.2}{\376\377\000A\000\040\000N\000o\000t\000e\000\040\000o\000n\000\040\000T\000h\000i\000s\000\040\000E\000d\000i\000t\000i\000o\000n}{}% 1
\BOOKMARK [0][-]{chapter*.5}{\376\377\000R\000e\000c\000o\000r\000d\000\040\000O\000n\000e}{}% 2
\BOOKMARK [0][-]{chapter*.7}{\376\377\000R\000e\000c\000o\000r\000d\000\040\000T\000w\000o}{}% 3
\BOOKMARK [0][-]{chapter*.9}{\376\377\000R\000e\000c\000o\000r\000d\000\040\000T\000h\000r\000e\000e}{}% 4
\BOOKMARK [0][-]{chapter*.11}{\376\377\000R\000e\000c\000o\000r\000d\000\040\000F\000o\000u\000r}{}% 5
\BOOKMARK [0][-]{chapter*.13}{\376\377\000R\000e\000c\000o\000r\000d\000\040\000F\000i\000v\000e}{}% 6
\BOOKMARK [0][-]{chapter*.15}{\376\377\000R\000e\000c\000o\000r\000d\000\040\000S\000i\000x}{}% 7
\BOOKMARK [0][-]{chapter*.17}{\376\377\000R\000e\000c\000o\000r\000d\000\040\000S\000e\000v\000e\000n}{}% 8
\BOOKMARK [0][-]{chapter*.19}{\376\377\000R\000e\000c\000o\000r\000d\000\040\000E\000i\000g\000h\000t}{}% 9
\BOOKMARK [0][-]{chapter*.21}{\376\377\000R\000e\000c\000o\000r\000d\000\040\000N\000i\000n\000e}{}% 10
\BOOKMARK [0][-]{chapter*.23}{\376\377\000R\000e\000c\000o\000r\000d\000\040\000T\000e\000n}{}% 11
\BOOKMARK [0][-]{chapter*.25}{\376\377\000R\000e\000c\000o\000r\000d\000\040\000E\000l\000e\000v\000e\000n}{}% 12
\BOOKMARK [0][-]{chapter*.27}{\376\377\000R\000e\000c\000o\000r\000d\000\040\000T\000w\000e\000l\000v\000e}{}% 13
\BOOKMARK [0][-]{chapter*.29}{\376\377\000R\000e\000c\000o\000r\000d\000\040\000T\000h\000i\000r\000t\000e\000e\000n}{}% 14
\BOOKMARK [0][-]{chapter*.31}{\376\377\000R\000e\000c\000o\000r\000d\000\040\000F\000o\000u\000r\000t\000e\000e\000n}{}% 15
\BOOKMARK [0][-]{chapter*.33}{\376\377\000R\000e\000c\000o\000r\000d\000\040\000F\000i\000f\000t\000e\000e\000n}{}% 16
\BOOKMARK [0][-]{chapter*.35}{\376\377\000R\000e\000c\000o\000r\000d\000\040\000S\000i\000x\000t\000e\000e\000n}{}% 17
\BOOKMARK [0][-]{chapter*.37}{\376\377\000R\000e\000c\000o\000r\000d\000\040\000S\000e\000v\000e\000n\000t\000e\000e\000n}{}% 18
\BOOKMARK [0][-]{chapter*.39}{\376\377\000R\000e\000c\000o\000r\000d\000\040\000E\000i\000g\000h\000t\000e\000e\000n}{}% 19
\BOOKMARK [0][-]{chapter*.41}{\376\377\000R\000e\000c\000o\000r\000d\000\040\000N\000i\000n\000e\000t\000e\000e\000n}{}% 20
\BOOKMARK [0][-]{chapter*.43}{\376\377\000R\000e\000c\000o\000r\000d\000\040\000T\000w\000e\000n\000t\000y}{}% 21
\BOOKMARK [0][-]{chapter*.45}{\376\377\000R\000e\000c\000o\000r\000d\000\040\000T\000h\000i\000r\000t\000y}{}% 22
\BOOKMARK [0][-]{chapter*.47}{\376\377\000R\000e\000c\000o\000r\000d\000\040\000F\000o\000r\000t\000y}{}% 23
