This is pdfTeX, Version 3.141592653-2.6-1.40.27 (TeX Live 2025) (preloaded format=pdflatex 2025.4.19)  23 SEP 2026 11:33
entering extended mode
 restricted \write18 enabled.
 %&-line parsing enabled.
**Lingua_Latina.tex
(./Lingua_Latina.tex
LaTeX2e <2024-11-01> patch level 2
L3 programming layer <2025-01-18>
(/usr/local/texlive/2025/texmf-dist/tex/latex/base/book.cls
Document Class: book 2024/06/29 v1.4n Standard LaTeX document class
(/usr/local/texlive/2025/texmf-dist/tex/latex/base/bk11.clo
File: bk11.clo 2024/06/29 v1.4n Standard LaTeX file (size option)
)
\c@part=\count196
\c@chapter=\count197
\c@section=\count198
\c@subsection=\count199
\c@subsubsection=\count266
\c@paragraph=\count267
\c@subparagraph=\count268
\c@figure=\count269
\c@table=\count270
\abovecaptionskip=\skip49
\belowcaptionskip=\skip50
\bibindent=\dimen141
)
(/usr/local/texlive/2025/texmf-dist/tex/latex/base/fontenc.sty
Package: fontenc 2021/04/29 v2.0v Standard LaTeX package
)
(/usr/local/texlive/2025/texmf-dist/tex/latex/base/inputenc.sty
Package: inputenc 2024/02/08 v1.3d Input encoding file
\inpenc@prehook=\toks17
\inpenc@posthook=\toks18
)
(/usr/local/texlive/2025/texmf-dist/tex/latex/libertine/libertine.sty
Package: libertine 2024/04/23 (Bob Tennent) Supports Libertine and Biolinum fon
ts for all LaTeX engines.

(/usr/local/texlive/2025/texmf-dist/tex/generic/iftex/ifxetex.sty
Package: ifxetex 2019/10/25 v0.7 ifxetex legacy package. Use iftex instead.

(/usr/local/texlive/2025/texmf-dist/tex/generic/iftex/iftex.sty
Package: iftex 2024/12/12 v1.0g TeX engine tests
))
(/usr/local/texlive/2025/texmf-dist/tex/generic/iftex/ifluatex.sty
Package: ifluatex 2019/10/25 v1.5 ifluatex legacy package. Use iftex instead.
)
(/usr/local/texlive/2025/texmf-dist/tex/latex/xkeyval/xkeyval.sty
Package: xkeyval 2022/06/16 v2.9 package option processing (HA)

(/usr/local/texlive/2025/texmf-dist/tex/generic/xkeyval/xkeyval.tex
(/usr/local/texlive/2025/texmf-dist/tex/generic/xkeyval/xkvutils.tex
\XKV@toks=\toks19
\XKV@tempa@toks=\toks20

(/usr/local/texlive/2025/texmf-dist/tex/generic/xkeyval/keyval.tex))
\XKV@depth=\count271
File: xkeyval.tex 2014/12/03 v2.7a key=value parser (HA)
))
(/usr/local/texlive/2025/texmf-dist/tex/latex/base/textcomp.sty
Package: textcomp 2024/04/24 v2.1b Standard LaTeX package
)
(/usr/local/texlive/2025/texmf-dist/tex/latex/base/fontenc.sty
Package: fontenc 2021/04/29 v2.0v Standard LaTeX package
)
(/usr/local/texlive/2025/texmf-dist/tex/latex/fontaxes/fontaxes.sty
Package: fontaxes 2020/07/21 v1.0e Font selection axes
LaTeX Info: Redefining \upshape on input line 29.
LaTeX Info: Redefining \itshape on input line 31.
LaTeX Info: Redefining \slshape on input line 33.
LaTeX Info: Redefining \swshape on input line 35.
LaTeX Info: Redefining \scshape on input line 37.
LaTeX Info: Redefining \sscshape on input line 39.
LaTeX Info: Redefining \ulcshape on input line 41.
LaTeX Info: Redefining \textsw on input line 47.
LaTeX Info: Redefining \textssc on input line 48.
LaTeX Info: Redefining \textulc on input line 49.
)
LaTeX Info: Redefining \oldstylenums on input line 485.

(/usr/local/texlive/2025/texmf-dist/tex/latex/libertine/LinLibertine_I.tex))
(/usr/local/texlive/2025/texmf-dist/tex/latex/microtype/microtype.sty
Package: microtype 2025/02/11 v3.2a Micro-typographical refinements (RS)

(/usr/local/texlive/2025/texmf-dist/tex/latex/etoolbox/etoolbox.sty
Package: etoolbox 2025/02/11 v2.5l e-TeX tools for LaTeX (JAW)
\etb@tempcnta=\count272
)
\MT@toks=\toks21
\MT@tempbox=\box52
\MT@count=\count273
LaTeX Info: Redefining \noprotrusionifhmode on input line 1087.
LaTeX Info: Redefining \leftprotrusion on input line 1088.
\MT@prot@toks=\toks22
LaTeX Info: Redefining \rightprotrusion on input line 1107.
LaTeX Info: Redefining \textls on input line 1449.
\MT@outer@kern=\dimen142
LaTeX Info: Redefining \microtypecontext on input line 2053.
LaTeX Info: Redefining \textmicrotypecontext on input line 2070.
\MT@listname@count=\count274

(/usr/local/texlive/2025/texmf-dist/tex/latex/microtype/microtype-pdftex.def
File: microtype-pdftex.def 2025/02/11 v3.2a Definitions specific to pdftex (RS)

LaTeX Info: Redefining \lsstyle on input line 944.
LaTeX Info: Redefining \lslig on input line 944.
\MT@outer@space=\skip51
)
Package microtype Info: Loading configuration file microtype.cfg.

(/usr/local/texlive/2025/texmf-dist/tex/latex/microtype/microtype.cfg
File: microtype.cfg 2025/02/11 v3.2a microtype main configuration file (RS)
)
LaTeX Info: Redefining \microtypesetup on input line 3065.
)
(/usr/local/texlive/2025/texmf-dist/tex/latex/titlesec/titlesec.sty
Package: titlesec 2025/01/04 v2.17 Sectioning titles
\ttl@box=\box53
\beforetitleunit=\skip52
\aftertitleunit=\skip53
\ttl@plus=\dimen143
\ttl@minus=\dimen144
\ttl@toksa=\toks23
\titlewidth=\dimen145
\titlewidthlast=\dimen146
\titlewidthfirst=\dimen147
)
(/usr/local/texlive/2025/texmf-dist/tex/latex/fancyhdr/fancyhdr.sty
Package: fancyhdr 2025/02/07 v5.2 Extensive control of page headers and footers

\f@nch@headwidth=\skip54
\f@nch@offset@elh=\skip55
\f@nch@offset@erh=\skip56
\f@nch@offset@olh=\skip57
\f@nch@offset@orh=\skip58
\f@nch@offset@elf=\skip59
\f@nch@offset@erf=\skip60
\f@nch@offset@olf=\skip61
\f@nch@offset@orf=\skip62
\f@nch@height=\skip63
\f@nch@footalignment=\skip64
\f@nch@widthL=\skip65
\f@nch@widthC=\skip66
\f@nch@widthR=\skip67
\@temptokenb=\toks24
)
(/usr/local/texlive/2025/texmf-dist/tex/latex/geometry/geometry.sty
Package: geometry 2020/01/02 v5.9 Page Geometry

(/usr/local/texlive/2025/texmf-dist/tex/generic/iftex/ifvtex.sty
Package: ifvtex 2019/10/25 v1.7 ifvtex legacy package. Use iftex instead.
)
\Gm@cnth=\count275
\Gm@cntv=\count276
\c@Gm@tempcnt=\count277
\Gm@bindingoffset=\dimen148
\Gm@wd@mp=\dimen149
\Gm@odd@mp=\dimen150
\Gm@even@mp=\dimen151
\Gm@layoutwidth=\dimen152
\Gm@layoutheight=\dimen153
\Gm@layouthoffset=\dimen154
\Gm@layoutvoffset=\dimen155
\Gm@dimlist=\toks25
)
(/usr/local/texlive/2025/texmf-dist/tex/latex/tools/multicol.sty
Package: multicol 2024/09/14 v1.9i multicolumn formatting (FMi)
\c@tracingmulticols=\count278
\mult@box=\box54
\multicol@leftmargin=\dimen156
\c@unbalance=\count279
\c@collectmore=\count280
\doublecol@number=\count281
\multicoltolerance=\count282
\multicolpretolerance=\count283
\full@width=\dimen157
\page@free=\dimen158
\premulticols=\dimen159
\postmulticols=\dimen160
\multicolsep=\skip68
\multicolbaselineskip=\skip69
\partial@page=\box55
\last@line=\box56
\mc@boxedresult=\box57
\maxbalancingoverflow=\dimen161
\mult@rightbox=\box58
\mult@grightbox=\box59
\mult@firstbox=\box60
\mult@gfirstbox=\box61
\@tempa=\box62
\@tempa=\box63
\@tempa=\box64
\@tempa=\box65
\@tempa=\box66
\@tempa=\box67
\@tempa=\box68
\@tempa=\box69
\@tempa=\box70
\@tempa=\box71
\@tempa=\box72
\@tempa=\box73
\@tempa=\box74
\@tempa=\box75
\@tempa=\box76
\@tempa=\box77
\@tempa=\box78
\@tempa=\box79
\@tempa=\box80
\@tempa=\box81
\@tempa=\box82
\@tempa=\box83
\@tempa=\box84
\@tempa=\box85
\@tempa=\box86
\@tempa=\box87
\@tempa=\box88
\@tempa=\box89
\@tempa=\box90
\@tempa=\box91
\@tempa=\box92
\@tempa=\box93
\@tempa=\box94
\@tempa=\box95
\@tempa=\box96
\@tempa=\box97
\c@minrows=\count284
\c@columnbadness=\count285
\c@finalcolumnbadness=\count286
\last@try=\dimen162
\multicolovershoot=\dimen163
\multicolundershoot=\dimen164
\mult@nat@firstbox=\box98
\colbreak@box=\box99
\mc@col@check@num=\count287
)
(/usr/local/texlive/2025/texmf-dist/tex/latex/enumitem/enumitem.sty
Package: enumitem 2025/02/06 v3.11 Customized lists
\enitkv@toks@=\toks26
\labelindent=\skip70
\enit@outerparindent=\dimen165
\enit@toks=\toks27
\enit@inbox=\box100
\enit@count@id=\count288
\enitdp@description=\count289
)
(/usr/local/texlive/2025/texmf-dist/tex/latex/hyperref/hyperref.sty
Package: hyperref 2024-11-05 v7.01l Hypertext links for LaTeX

(/usr/local/texlive/2025/texmf-dist/tex/latex/kvsetkeys/kvsetkeys.sty
Package: kvsetkeys 2022-10-05 v1.19 Key value parser (HO)
)
(/usr/local/texlive/2025/texmf-dist/tex/generic/kvdefinekeys/kvdefinekeys.sty
Package: kvdefinekeys 2019-12-19 v1.6 Define keys (HO)
)
(/usr/local/texlive/2025/texmf-dist/tex/generic/pdfescape/pdfescape.sty
Package: pdfescape 2019/12/09 v1.15 Implements pdfTeX's escape features (HO)

(/usr/local/texlive/2025/texmf-dist/tex/generic/ltxcmds/ltxcmds.sty
Package: ltxcmds 2023-12-04 v1.26 LaTeX kernel commands for general use (HO)
)
(/usr/local/texlive/2025/texmf-dist/tex/generic/pdftexcmds/pdftexcmds.sty
Package: pdftexcmds 2020-06-27 v0.33 Utility functions of pdfTeX for LuaTeX (HO
)

(/usr/local/texlive/2025/texmf-dist/tex/generic/infwarerr/infwarerr.sty
Package: infwarerr 2019/12/03 v1.5 Providing info/warning/error messages (HO)
)
Package pdftexcmds Info: \pdf@primitive is available.
Package pdftexcmds Info: \pdf@ifprimitive is available.
Package pdftexcmds Info: \pdfdraftmode found.
))
(/usr/local/texlive/2025/texmf-dist/tex/latex/hycolor/hycolor.sty
Package: hycolor 2020-01-27 v1.10 Color options for hyperref/bookmark (HO)
)
(/usr/local/texlive/2025/texmf-dist/tex/latex/hyperref/nameref.sty
Package: nameref 2023-11-26 v2.56 Cross-referencing by name of section

(/usr/local/texlive/2025/texmf-dist/tex/latex/refcount/refcount.sty
Package: refcount 2019/12/15 v3.6 Data extraction from label references (HO)
)
(/usr/local/texlive/2025/texmf-dist/tex/generic/gettitlestring/gettitlestring.s
ty
Package: gettitlestring 2019/12/15 v1.6 Cleanup title references (HO)
 (/usr/local/texlive/2025/texmf-dist/tex/latex/kvoptions/kvoptions.sty
Package: kvoptions 2022-06-15 v3.15 Key value format for package options (HO)
))
\c@section@level=\count290
)
(/usr/local/texlive/2025/texmf-dist/tex/generic/stringenc/stringenc.sty
Package: stringenc 2019/11/29 v1.12 Convert strings between diff. encodings (HO
)
)
\@linkdim=\dimen166
\Hy@linkcounter=\count291
\Hy@pagecounter=\count292

(/usr/local/texlive/2025/texmf-dist/tex/latex/hyperref/pd1enc.def
File: pd1enc.def 2024-11-05 v7.01l Hyperref: PDFDocEncoding definition (HO)
Now handling font encoding PD1 ...
... no UTF-8 mapping file for font encoding PD1
)
(/usr/local/texlive/2025/texmf-dist/tex/generic/intcalc/intcalc.sty
Package: intcalc 2019/12/15 v1.3 Expandable calculations with integers (HO)
)
\Hy@SavedSpaceFactor=\count293

(/usr/local/texlive/2025/texmf-dist/tex/latex/hyperref/puenc.def
File: puenc.def 2024-11-05 v7.01l Hyperref: PDF Unicode definition (HO)
Now handling font encoding PU ...
... no UTF-8 mapping file for font encoding PU
)
Package hyperref Info: Hyper figures OFF on input line 4157.
Package hyperref Info: Link nesting OFF on input line 4162.
Package hyperref Info: Hyper index ON on input line 4165.
Package hyperref Info: Plain pages OFF on input line 4172.
Package hyperref Info: Backreferencing OFF on input line 4177.
Package hyperref Info: Implicit mode ON; LaTeX internals redefined.
Package hyperref Info: Bookmarks ON on input line 4424.
\c@Hy@tempcnt=\count294

(/usr/local/texlive/2025/texmf-dist/tex/latex/url/url.sty
\Urlmuskip=\muskip17
Package: url 2013/09/16  ver 3.4  Verb mode for urls, etc.
)
LaTeX Info: Redefining \url on input line 4763.
\XeTeXLinkMargin=\dimen167

(/usr/local/texlive/2025/texmf-dist/tex/generic/bitset/bitset.sty
Package: bitset 2019/12/09 v1.3 Handle bit-vector datatype (HO)

(/usr/local/texlive/2025/texmf-dist/tex/generic/bigintcalc/bigintcalc.sty
Package: bigintcalc 2019/12/15 v1.5 Expandable calculations on big integers (HO
)
))
\Fld@menulength=\count295
\Field@Width=\dimen168
\Fld@charsize=\dimen169
Package hyperref Info: Hyper figures OFF on input line 6042.
Package hyperref Info: Link nesting OFF on input line 6047.
Package hyperref Info: Hyper index ON on input line 6050.
Package hyperref Info: backreferencing OFF on input line 6057.
Package hyperref Info: Link coloring OFF on input line 6062.
Package hyperref Info: Link coloring with OCG OFF on input line 6067.
Package hyperref Info: PDF/A mode OFF on input line 6072.

(/usr/local/texlive/2025/texmf-dist/tex/latex/base/atbegshi-ltx.sty
Package: atbegshi-ltx 2021/01/10 v1.0c Emulation of the original atbegshi
package with kernel methods
)
\Hy@abspage=\count296
\c@Item=\count297
\c@Hfootnote=\count298
)
Package hyperref Info: Driver (autodetected): hpdftex.

(/usr/local/texlive/2025/texmf-dist/tex/latex/hyperref/hpdftex.def
File: hpdftex.def 2024-11-05 v7.01l Hyperref driver for pdfTeX

(/usr/local/texlive/2025/texmf-dist/tex/latex/base/atveryend-ltx.sty
Package: atveryend-ltx 2020/08/19 v1.0a Emulation of the original atveryend pac
kage
with kernel methods
)
\Fld@listcount=\count299
\c@bookmark@seq@number=\count300

(/usr/local/texlive/2025/texmf-dist/tex/latex/rerunfilecheck/rerunfilecheck.sty
Package: rerunfilecheck 2022-07-10 v1.10 Rerun checks for auxiliary files (HO)

(/usr/local/texlive/2025/texmf-dist/tex/generic/uniquecounter/uniquecounter.sty
Package: uniquecounter 2019/12/15 v1.4 Provide unlimited unique counter (HO)
)
Package uniquecounter Info: New unique counter `rerunfilecheck' on input line 2
85.
)
\Hy@SectionHShift=\skip71
)
Package hyperref Info: Option `bookmarksnumbered' set `false' on input line 26.

LaTeX Font Info:    Trying to load font information for T1+LinuxLibertineT-TLF 
on input line 64.

(/usr/local/texlive/2025/texmf-dist/tex/latex/libertine/T1LinuxLibertineT-TLF.f
d
File: T1LinuxLibertineT-TLF.fd 2017/03/20 (autoinst) Font definitions for T1/Li
nuxLibertineT-TLF.
)
LaTeX Font Info:    Font shape `T1/LinuxLibertineT-TLF/m/n' will be
(Font)              scaled to size 10.95pt on input line 64.
 (/usr/local/texlive/2025/texmf-dist/tex/latex/l3backend/l3backend-pdftex.def
File: l3backend-pdftex.def 2024-05-08 L3 backend support: PDF output (pdfTeX)
\l__color_backend_stack_int=\count301
\l__pdf_internal_box=\box101
) (./Lingua_Latina.aux)
\openout1 = `Lingua_Latina.aux'.

LaTeX Font Info:    Checking defaults for OML/cmm/m/it on input line 64.
LaTeX Font Info:    ... okay on input line 64.
LaTeX Font Info:    Checking defaults for OMS/cmsy/m/n on input line 64.
LaTeX Font Info:    ... okay on input line 64.
LaTeX Font Info:    Checking defaults for OT1/cmr/m/n on input line 64.
LaTeX Font Info:    ... okay on input line 64.
LaTeX Font Info:    Checking defaults for T1/cmr/m/n on input line 64.
LaTeX Font Info:    ... okay on input line 64.
LaTeX Font Info:    Checking defaults for TS1/cmr/m/n on input line 64.
LaTeX Font Info:    ... okay on input line 64.
LaTeX Font Info:    Checking defaults for OMX/cmex/m/n on input line 64.
LaTeX Font Info:    ... okay on input line 64.
LaTeX Font Info:    Checking defaults for U/cmr/m/n on input line 64.
LaTeX Font Info:    ... okay on input line 64.
LaTeX Font Info:    Checking defaults for PD1/pdf/m/n on input line 64.
LaTeX Font Info:    ... okay on input line 64.
LaTeX Font Info:    Checking defaults for PU/pdf/m/n on input line 64.
LaTeX Font Info:    ... okay on input line 64.
\c@mv@tabular=\count302
\c@mv@boldtabular=\count303
LaTeX Info: Redefining \microtypecontext on input line 64.
Package microtype Info: Applying patch `item' on input line 64.
Package microtype Info: Applying patch `toc' on input line 64.
Package microtype Info: Applying patch `eqnum' on input line 64.
Package microtype Info: Applying patch `footnote' on input line 64.
Package microtype Info: Applying patch `verbatim' on input line 64.
LaTeX Info: Redefining \microtypesetup on input line 64.
Package microtype Info: Generating PDF output.
Package microtype Info: Character protrusion enabled (level 2).
Package microtype Info: Using default protrusion set `alltext'.
Package microtype Info: Automatic font expansion enabled (level 2),
(microtype)             stretch: 20, shrink: 20, step: 1, non-selected.
Package microtype Info: Using default expansion set `alltext-nott'.
LaTeX Info: Redefining \showhyphens on input line 64.
Package microtype Info: No adjustment of tracking.
Package microtype Info: No adjustment of interword spacing.
Package microtype Info: No adjustment of character kerning.
Package microtype Info: Loading generic protrusion settings for font family
(microtype)             `LinuxLibertineT-TLF' (encoding: T1).
(microtype)             For optimal results, create family-specific settings.
(microtype)             See the microtype manual for details.

*geometry* driver: auto-detecting
*geometry* detected driver: pdftex
*geometry* verbose mode - [ preamble ] result:
* driver: pdftex
* paper: custom
* layout: <same size as paper>
* layoutoffset:(h,v)=(0.0pt,0.0pt)
* modes: twoside 
* h-part:(L,W,R)=(52.03448pt, 284.02057pt, 148.15372pt)
* v-part:(T,H,B)=(59.26192pt, 569.48796pt, 65.04256pt)
* \paperwidth=484.20877pt
* \paperheight=693.79243pt
* \textwidth=284.02057pt
* \textheight=569.48796pt
* \oddsidemargin=-20.2355pt
* \evensidemargin=75.88373pt
* \topmargin=-44.88187pt
* \headheight=12.0pt
* \headsep=19.8738pt
* \topskip=11.0pt
* \footskip=27.46295pt
* \marginparwidth=117.07704pt
* \marginparsep=14.45377pt
* \columnsep=10.0pt
* \skip\footins=10.0pt plus 4.0pt minus 2.0pt
* \hoffset=0.0pt
* \voffset=0.0pt
* \mag=1000
* \@twocolumnfalse
* \@twosidetrue
* \@mparswitchtrue
* \@reversemarginfalse
* (1in=72.27pt=25.4mm, 1cm=28.453pt)

Package hyperref Info: Link coloring OFF on input line 64.
(./Lingua_Latina.out) (./Lingua_Latina.out)
\@outlinefile=\write3
\openout3 = `Lingua_Latina.out'.

LaTeX Font Info:    Trying to load font information for T1+LinuxBiolinumT-TLF o
n input line 69.

(/usr/local/texlive/2025/texmf-dist/tex/latex/libertine/T1LinuxBiolinumT-TLF.fd
File: T1LinuxBiolinumT-TLF.fd 2017/03/20 (autoinst) Font definitions for T1/Lin
uxBiolinumT-TLF.
)
LaTeX Font Info:    Font shape `T1/LinuxBiolinumT-TLF/m/n' will be
(Font)              scaled to size 10.95pt on input line 69.
Package microtype Info: Loading generic protrusion settings for font family
(microtype)             `LinuxBiolinumT-TLF' (encoding: T1).
(microtype)             For optimal results, create family-specific settings.
(microtype)             See the microtype manual for details.
LaTeX Font Info:    Font shape `T1/LinuxBiolinumT-TLF/b/n' will be
(Font)              scaled to size 10.95pt on input line 69.
LaTeX Font Info:    Font shape `T1/LinuxBiolinumT-TLF/b/n' will be
(Font)              scaled to size 30.0pt on input line 69.
LaTeX Font Info:    Font shape `T1/LinuxBiolinumT-TLF/m/n' will be
(Font)              scaled to size 12.0pt on input line 71.
LaTeX Font Info:    Font shape `T1/LinuxBiolinumT-TLF/b/n' will be
(Font)              scaled to size 12.0pt on input line 73.
LaTeX Font Info:    Font shape `T1/LinuxBiolinumT-TLF/m/n' will be
(Font)              scaled to size 14.4pt on input line 75.
LaTeX Font Info:    Font shape `T1/LinuxBiolinumT-TLF/m/n' will be
(Font)              scaled to size 10.0pt on input line 79.


[1


{/usr/local/texlive/2025/texmf-var/fonts/map/pdftex/updmap/pdftex.map}{/usr/loc
al/texlive/2025/texmf-dist/fonts/enc/dvips/libertine/lbtn_25tcsq.enc}]
LaTeX Font Info:    Font shape `T1/LinuxBiolinumT-TLF/b/n' will be
(Font)              scaled to size 14.4pt on input line 85.
LaTeX Font Info:    Font shape `T1/LinuxLibertineT-TLF/m/it' will be
(Font)              scaled to size 10.95pt on input line 89.


[1

{/usr/local/texlive/2025/texmf-dist/fonts/enc/dvips/libertine/lbtn_76gpa5.enc}{
/usr/local/texlive/2025/texmf-dist/fonts/enc/dvips/libertine/lbtn_7grukw.enc}] 
(./Lingua_Latina.toc
LaTeX Font Info:    Font shape `T1/LinuxLibertineT-TLF/b/n' will be
(Font)              scaled to size 10.95pt on input line 1.

(/usr/local/texlive/2025/texmf-dist/tex/latex/microtype/mt-cmr.cfg
File: mt-cmr.cfg 2013/05/19 v2.2 microtype config. file: Computer Modern Roman 
(RS)
)
LaTeX Font Info:    External font `cmex10' loaded for size
(Font)              <10.95> on input line 3.
LaTeX Font Info:    External font `cmex10' loaded for size
(Font)              <8> on input line 3.
LaTeX Font Info:    External font `cmex10' loaded for size
(Font)              <6> on input line 3.


[2

{/usr/local/texlive/2025/texmf-dist/fonts/enc/dvips/libertine/lbtn_nh77jq.enc}]


LaTeX Font Info:    Font shape `T1/LinuxBiolinumT-TLF/m/it' will be
(Font)              scaled to size 10.0pt on input line 64.
[3]

[4]

[5]

[6]

[7])
\tf@toc=\write4
\openout4 = `Lingua_Latina.toc'.



[8]
LaTeX Font Info:    Font shape `T1/LinuxLibertineT-TLF/m/n' will be
(Font)              scaled to size 14.4pt on input line 100.


Package hyperref Warning: Token not allowed in a PDF string (Unicode):
(hyperref)                \hskip 10.95pt
(hyperref)                replaced by space on input line 100.

LaTeX Font Info:    Font shape `T1/LinuxLibertineT-TLF/m/n' will be
(Font)              scaled to size 8.0pt on input line 102.
LaTeX Font Info:    External font `cmex10' loaded for size
(Font)              <5> on input line 110.

Underfull \vbox (badness 10000) has occurred while \output is active []




pdfTeX warning (ext4): destination with the same identifier (name{page.1}) has 
been already used, duplicate ignored
<to be read again> 
                   \relax 
l.115 
       [1



]
Underfull \hbox (badness 1158) in paragraph at lines 120--121
\T1/LinuxLibertineT-TLF/m/n/10.95 (+20) Eur[]op[]a, in Asi[]a, in []Afric[]a. H
isp[]ania et Syria et Ae-gyp-tus
 []


Underfull \hbox (badness 2495) in paragraph at lines 128--129
[]\T1/LinuxLibertineT-TLF/m/n/10.95 (+20) Fluvius et op-pidum voc[]abula Lat[]^
^Yna sunt. Ubi quoque
 []


Underfull \vbox (badness 10000) has occurred while \output is active []



[2]
Underfull \vbox (badness 10000) has occurred while \output is active []



[3]
LaTeX Font Info:    Font shape `T1/LinuxLibertineT-TLF/m/n' will be
(Font)              scaled to size 10.0pt on input line 193.


[4]

Package hyperref Warning: Token not allowed in a PDF string (Unicode):
(hyperref)                \hskip 10.0pt
(hyperref)                replaced by space on input line 195.


LaTeX Warning: Marginpar on page 5 moved.


Underfull \vbox (badness 10000) has occurred while \output is active []



[5


]

LaTeX Warning: Marginpar on page 6 moved.

LaTeX Font Info:    Font shape `T1/LinuxBiolinumT-TLF/b/n' will be
(Font)              scaled to size 10.0pt on input line 245.

Underfull \vbox (badness 10000) has occurred while \output is active []



[6]
Underfull \vbox (badness 10000) has occurred while \output is active []



[7]

[8]

Package hyperref Warning: Token not allowed in a PDF string (Unicode):
(hyperref)                \hskip 10.0pt
(hyperref)                replaced by space on input line 312.


Underfull \vbox (badness 10000) has occurred while \output is active []



[9


]
Underfull \vbox (badness 10000) has occurred while \output is active []



[10]
Underfull \vbox (badness 10000) has occurred while \output is active []



[11]

[12]

Package hyperref Warning: Token not allowed in a PDF string (Unicode):
(hyperref)                \hskip 10.0pt
(hyperref)                replaced by space on input line 389.


Underfull \vbox (badness 10000) has occurred while \output is active []



[13


]
Underfull \vbox (badness 10000) has occurred while \output is active []



[14]
LaTeX Font Info:    External font `cmex10' loaded for size
(Font)              <7> on input line 431.

Underfull \vbox (badness 10000) has occurred while \output is active []



[15]

[16]

Package hyperref Warning: Token not allowed in a PDF string (Unicode):
(hyperref)                \hskip 10.0pt
(hyperref)                replaced by space on input line 464.


LaTeX Warning: Marginpar on page 17 moved.


Underfull \vbox (badness 10000) has occurred while \output is active []



[17


]

LaTeX Warning: Marginpar on page 18 moved.


LaTeX Warning: Marginpar on page 18 moved.


Underfull \vbox (badness 10000) has occurred while \output is active []



[18]
Underfull \vbox (badness 10000) has occurred while \output is active []



[19]

[20]

Package hyperref Warning: Token not allowed in a PDF string (Unicode):
(hyperref)                \hskip 10.0pt
(hyperref)                replaced by space on input line 561.


LaTeX Warning: Marginpar on page 21 moved.


LaTeX Warning: Marginpar on page 21 moved.


LaTeX Warning: Marginpar on page 21 moved.


Underfull \vbox (badness 10000) has occurred while \output is active []



[21


]
Underfull \vbox (badness 10000) has occurred while \output is active []



[22]

LaTeX Warning: Marginpar on page 23 moved.


Underfull \vbox (badness 10000) has occurred while \output is active []



[23]

[24]

Package hyperref Warning: Token not allowed in a PDF string (Unicode):
(hyperref)                \hskip 10.0pt
(hyperref)                replaced by space on input line 634.


Underfull \vbox (badness 10000) has occurred while \output is active []



[25


]
Underfull \vbox (badness 10000) has occurred while \output is active []



[26]
Underfull \vbox (badness 10000) has occurred while \output is active []



[27]

[28]

Package hyperref Warning: Token not allowed in a PDF string (Unicode):
(hyperref)                \hskip 10.0pt
(hyperref)                replaced by space on input line 723.


Underfull \hbox (badness 1117) in paragraph at lines 729--730
[]\T1/LinuxLibertineT-TLF/m/n/10 (+20) Gemmae et mar-gar-i-tae sunt []orn[]amen
ta. []Anulus cum gemm[]a
 []


LaTeX Warning: Marginpar on page 29 moved.


Underfull \vbox (badness 10000) has occurred while \output is active []



[29


]

LaTeX Warning: Marginpar on page 30 moved.


Underfull \vbox (badness 10000) has occurred while \output is active []



[30]
Underfull \vbox (badness 10000) has occurred while \output is active []



[31]
Underfull \hbox (badness 1033) in paragraph at lines 847--848
[]\T1/LinuxLibertineT-TLF/m/n/10 (+20) sunt Syrus et L[]eander. Ab i[]^^Ys/illi
s serv[]^^Ys sacc[]^^Y por-tan-tur. [B]
 []


Underfull \vbox (badness 10000) has occurred while \output is active []



[32]
Underfull \hbox (badness 10000) in paragraph at lines 885--886
[]\T1/LinuxLibertineT-TLF/m/n/10 (+20) Pretium []orn[]ament[]orumest hs c. Qu[]
arum []orn[]ament[]orum?
 []


Underfull \hbox (badness 5403) in paragraph at lines 885--886
[]\T1/LinuxLibertineT-TLF/m/n/10 (+20) Orn[]amenta qu[]orumpretium est hs c Qu[
]orum []orn[]ament[]orum?
 []


Overfull \hbox (3.13777pt too wide) in paragraph at lines 885--886
[]\T1/LinuxLibertineT-TLF/m/n/10 (-20) Orn[]amenta qu[]orum pretium est HS $\OM
S/cmsy/m/n/10 $$ []\T1/LinuxLibertineT-TLF/m/n/10 (-20) anul[]^^Y sunt. Pretium
 e[]orumJi[]u[]orum
 []


Overfull \hbox (11.33768pt too wide) in paragraph at lines 891--892
\T1/LinuxLibertineT-TLF/m/n/10 (-20) quibus fem-i-nae d[]electantur sunt mar-ga
r-i-tae et gem-mae. I[]^^Ys/ill[]^^Ys[]orn[]ament[]^^Ys
 []


Underfull \vbox (badness 10000) has occurred while \output is active []



[33]

[34]

Package hyperref Warning: Token not allowed in a PDF string (Unicode):
(hyperref)                \hskip 10.0pt
(hyperref)                replaced by space on input line 944.


Underfull \vbox (badness 10000) has occurred while \output is active []



[35


]

LaTeX Warning: Marginpar on page 36 moved.


Underfull \vbox (badness 10000) has occurred while \output is active []



[36]
Underfull \vbox (badness 10000) has occurred while \output is active []



[37]

[38]

Package hyperref Warning: Token not allowed in a PDF string (Unicode):
(hyperref)                \hskip 10.0pt
(hyperref)                replaced by space on input line 1031.


LaTeX Warning: Marginpar on page 39 moved.


LaTeX Warning: Marginpar on page 39 moved.


LaTeX Warning: Marginpar on page 39 moved.


LaTeX Warning: Marginpar on page 39 moved.


LaTeX Warning: Marginpar on page 39 moved.


Underfull \vbox (badness 10000) has occurred while \output is active []



[39


]

LaTeX Warning: Marginpar on page 40 moved.


Underfull \vbox (badness 10000) has occurred while \output is active []



[40]
Underfull \vbox (badness 10000) has occurred while \output is active []



[41]
Underfull \vbox (badness 10000) has occurred while \output is active []



[42]

[43]

Package hyperref Warning: Token not allowed in a PDF string (Unicode):
(hyperref)                \hskip 10.0pt
(hyperref)                replaced by space on input line 1150.


LaTeX Warning: Marginpar on page 44 moved.


LaTeX Warning: Marginpar on page 44 moved.


Underfull \vbox (badness 10000) has occurred while \output is active []



[44


]

LaTeX Warning: Marginpar on page 45 moved.


Underfull \vbox (badness 10000) has occurred while \output is active []



[45]
Underfull \vbox (badness 10000) has occurred while \output is active []



[46]
Underfull \vbox (badness 10000) has occurred while \output is active []



[47]

[48]

Package hyperref Warning: Token not allowed in a PDF string (Unicode):
(hyperref)                \hskip 10.0pt
(hyperref)                replaced by space on input line 1283.


LaTeX Warning: Marginpar on page 49 moved.


LaTeX Warning: Marginpar on page 49 moved.


LaTeX Warning: Marginpar on page 49 moved.


Underfull \vbox (badness 10000) has occurred while \output is active []



[49


]

LaTeX Warning: Marginpar on page 50 moved.


LaTeX Warning: Marginpar on page 50 moved.


LaTeX Warning: Marginpar on page 50 moved.


Underfull \vbox (badness 10000) has occurred while \output is active []



[50]
Underfull \hbox (badness 1019) in paragraph at lines 1353--1354
[]\T1/LinuxLibertineT-TLF/m/n/10 (+20) I[]ulius: ``Fort[]es sunt ill[]^^Y, sed 
R[]om[]an[]^^Y forti[]or[]es sunt, nec arma
 []


Underfull \vbox (badness 10000) has occurred while \output is active []



[51]
Underfull \vbox (badness 10000) has occurred while \output is active []



[52]
Underfull \vbox (badness 10000) has occurred while \output is active []



[53]

[54]

Package hyperref Warning: Token not allowed in a PDF string (Unicode):
(hyperref)                \hskip 10.0pt
(hyperref)                replaced by space on input line 1460.


LaTeX Warning: Marginpar on page 55 moved.


LaTeX Warning: Marginpar on page 55 moved.


Underfull \vbox (badness 10000) has occurred while \output is active []



[55


]

LaTeX Warning: Marginpar on page 56 moved.


Underfull \vbox (badness 10000) has occurred while \output is active []



[56]

LaTeX Warning: Marginpar on page 57 moved.


Underfull \hbox (badness 1888) in paragraph at lines 1514--1515
\T1/LinuxLibertineT-TLF/m/n/10 (+20) D[]ecl[]^^Yn[]ati[]o quinta Di[]es bre-vis
-simus est ante diem viii kalend[]as
 []


Underfull \vbox (badness 10000) has occurred while \output is active []



[57]
Underfull \vbox (badness 10000) has occurred while \output is active []



[58]

[59]

Package hyperref Warning: Token not allowed in a PDF string (Unicode):
(hyperref)                \hskip 10.0pt
(hyperref)                replaced by space on input line 1539.


LaTeX Warning: Marginpar on page 60 moved.


LaTeX Warning: Marginpar on page 60 moved.


Underfull \vbox (badness 10000) has occurred while \output is active []



[60


]
Underfull \hbox (badness 1264) in paragraph at lines 1577--1578
[]\T1/LinuxLibertineT-TLF/m/n/10 (+20) M[]ater al-terum fil-ium n[]on vid[]ens 
D[]avum in-ter-ro-gat: Qu[]^^Yntus
 []


Underfull \vbox (badness 10000) has occurred while \output is active []



[61]
Underfull \vbox (badness 10000) has occurred while \output is active []



[62]

[63]

Package hyperref Warning: Token not allowed in a PDF string (Unicode):
(hyperref)                \hskip 10.0pt
(hyperref)                replaced by space on input line 1650.


Underfull \vbox (badness 10000) has occurred while \output is active []



[64


]

LaTeX Warning: Marginpar on page 65 moved.


Underfull \vbox (badness 10000) has occurred while \output is active []



[65]

LaTeX Warning: Marginpar on page 66 moved.


LaTeX Warning: Marginpar on page 66 moved.


Underfull \vbox (badness 10000) has occurred while \output is active []



[66]
Underfull \vbox (badness 10000) has occurred while \output is active []



[67]

[68]

Package hyperref Warning: Token not allowed in a PDF string (Unicode):
(hyperref)                \hskip 10.0pt
(hyperref)                replaced by space on input line 1813.


LaTeX Warning: Marginpar on page 69 moved.


LaTeX Warning: Marginpar on page 69 moved.


LaTeX Warning: Marginpar on page 69 moved.


Underfull \vbox (badness 10000) has occurred while \output is active []



[69


]

LaTeX Warning: Marginpar on page 70 moved.


LaTeX Warning: Marginpar on page 70 moved.


LaTeX Warning: Marginpar on page 70 moved.


LaTeX Warning: Marginpar on page 70 moved.


LaTeX Warning: Marginpar on page 70 moved.


Underfull \vbox (badness 10000) has occurred while \output is active []



[70]

LaTeX Warning: Marginpar on page 71 moved.


Underfull \vbox (badness 10000) has occurred while \output is active []



[71]
Underfull \vbox (badness 10000) has occurred while \output is active []



[72]

[73]

Package hyperref Warning: Token not allowed in a PDF string (Unicode):
(hyperref)                \hskip 10.0pt
(hyperref)                replaced by space on input line 1930.


LaTeX Warning: Marginpar on page 74 moved.


LaTeX Warning: Marginpar on page 74 moved.


Underfull \hbox (badness 2277) in paragraph at lines 1936--1937
[]\T1/LinuxLibertineT-TLF/m/n/10 (+20) Titus: ``De-cem, []undecim, duodecim, tr
[]edecim, quat-tuordecim,
 []


Underfull \hbox (badness 1655) in paragraph at lines 1940--1941
[]\T1/LinuxLibertineT-TLF/m/n/10 (+20) Titus: ``V[]^^Ygint[]^^Y, tr[]^^Ygint[]a
, quadr[]agint[]a, qu[]^^Ynqu[]agint[]a, sex[]agint[]a,
 []


Underfull \vbox (badness 10000) has occurred while \output is active []



[74


]
Underfull \hbox (badness 4556) in paragraph at lines 1988--1989
\T1/LinuxLibertineT-TLF/m/n/10 (+20) Itaque v[]os numquam rep-re-hendimin[]^^Y,
 quamquam saepe pr[]av[]e
 []


Underfull \hbox (badness 1552) in paragraph at lines 1988--1989
\T1/LinuxLibertineT-TLF/m/n/10 (+20) re-spond[]etis; ego v[]er[]o numquam lau-d
or, quamquam saepe r[]ect[]e
 []


Underfull \vbox (badness 10000) has occurred while \output is active []



[75]
Underfull \vbox (badness 10000) has occurred while \output is active []



[76]
Underfull \vbox (badness 10000) has occurred while \output is active []



[77]
Underfull \vbox (badness 10000) has occurred while \output is active []



[78]

[79]

Package hyperref Warning: Token not allowed in a PDF string (Unicode):
(hyperref)                \hskip 10.0pt
(hyperref)                replaced by space on input line 2121.


LaTeX Warning: Marginpar on page 80 moved.


LaTeX Warning: Marginpar on page 80 moved.


Underfull \vbox (badness 10000) has occurred while \output is active []



[80


]
Underfull \vbox (badness 10000) has occurred while \output is active []



[81]
Underfull \vbox (badness 10000) has occurred while \output is active []



[82]
Underfull \hbox (badness 1874) in paragraph at lines 2219--2220
[]\T1/LinuxLibertineT-TLF/m/n/10 (+20) Magister: ``Tac[]e, puer im-pro-bis-sime
! Ni-hil d[]ele[]o, imm[]o v[]er[]o
 []


Underfull \hbox (badness 1748) in paragraph at lines 2227--2228
[]\T1/LinuxLibertineT-TLF/m/n/10 (+20) Magister: ``R[]ect[]e d[]^^Ycis. Kalen-d
ae sunt hodi[]e. Erg[]o date mihi
 []


LaTeX Warning: Marginpar on page 83 moved.


Underfull \vbox (badness 10000) has occurred while \output is active []



[83]
Underfull \vbox (badness 10000) has occurred while \output is active []



[84]

[85]

Package hyperref Warning: Token not allowed in a PDF string (Unicode):
(hyperref)                \hskip 10.0pt
(hyperref)                replaced by space on input line 2280.


LaTeX Warning: Marginpar on page 86 moved.


LaTeX Warning: Marginpar on page 86 moved.


LaTeX Warning: Marginpar on page 86 moved.


Underfull \vbox (badness 10000) has occurred while \output is active []



[86


]

LaTeX Warning: Marginpar on page 87 moved.


Underfull \hbox (badness 1205) in paragraph at lines 2296--2297
[]\T1/LinuxLibertineT-TLF/m/n/10 (+20) Pater I[]uli[]^^Y, qu[]^^Y iam mor-tuus 
est, mag-nam pec[]uniam hab[]ebat
 []


LaTeX Warning: Marginpar on page 87 moved.


LaTeX Warning: Marginpar on page 87 moved.


LaTeX Warning: Marginpar on page 87 moved.


Underfull \vbox (badness 10000) has occurred while \output is active []



[87]
Underfull \vbox (badness 10000) has occurred while \output is active []



[88]
Underfull \vbox (badness 10000) has occurred while \output is active []



[89]
Underfull \vbox (badness 10000) has occurred while \output is active []



[90]

[91]

Package hyperref Warning: Token not allowed in a PDF string (Unicode):
(hyperref)                \hskip 10.0pt
(hyperref)                replaced by space on input line 2437.


LaTeX Warning: Marginpar on page 92 moved.


Underfull \vbox (badness 10000) has occurred while \output is active []



[92


]
Underfull \vbox (badness 10000) has occurred while \output is active []



[93]
Underfull \hbox (badness 1137) in paragraph at lines 2515--2516
[]\T1/LinuxLibertineT-TLF/m/n/10 (+20) I[]ulia: ``Qu[]o []^^Ybis, tata? Quand[]
o re-vert[]eris? Ego et iri-amma t[]e
 []


Underfull \vbox (badness 10000) has occurred while \output is active []



[94]
Underfull \vbox (badness 10000) has occurred while \output is active []



[95]
Underfull \vbox (badness 10000) has occurred while \output is active []



[96]

[97]

Package hyperref Warning: Token not allowed in a PDF string (Unicode):
(hyperref)                \hskip 10.0pt
(hyperref)                replaced by space on input line 2626.


Underfull \vbox (badness 10000) has occurred while \output is active []



[98


]
Underfull \vbox (badness 10000) has occurred while \output is active []



[99]
Underfull \vbox (badness 10000) has occurred while \output is active []



[100]
Underfull \vbox (badness 10000) has occurred while \output is active []



[101]
Underfull \vbox (badness 10000) has occurred while \output is active []



[102]

[103]

Package hyperref Warning: Token not allowed in a PDF string (Unicode):
(hyperref)                \hskip 10.0pt
(hyperref)                replaced by space on input line 2799.


Underfull \vbox (badness 10000) has occurred while \output is active []



[104


]

LaTeX Warning: Marginpar on page 105 moved.


Underfull \hbox (badness 1748) in paragraph at lines 2835--2836
[]\T1/LinuxLibertineT-TLF/m/n/10 (+20) Tabell[]arius: ``N[]omen meum n[]on est 
facile dict[]u: Tl[]epolemus
 []


LaTeX Warning: Marginpar on page 105 moved.


LaTeX Warning: Marginpar on page 105 moved.


LaTeX Warning: Marginpar on page 105 moved.


Underfull \vbox (badness 10000) has occurred while \output is active []



[105]

LaTeX Warning: Marginpar on page 106 moved.


Underfull \hbox (badness 1668) in paragraph at lines 2897--2898
[]\T1/LinuxLibertineT-TLF/m/n/10 (+20) Exempla: R[]om[]an[]^^Y cot[]^^Ydi[]e la
v[]atum eunt. M[]^^Ylit[]es op-pidum op-
 []


Underfull \vbox (badness 10000) has occurred while \output is active []



[106]
Underfull \hbox (badness 2005) in paragraph at lines 2922--2923
\T1/LinuxLibertineT-TLF/m/n/10 (+20) nova, foris, l[]^^Ymen, card[]o, i[]anitor
, cat[]ena, au-rum, lignum, faber,
 []


Underfull \hbox (badness 1748) in paragraph at lines 2922--2923
\T1/LinuxLibertineT-TLF/m/n/10 (+20) rec[]edere, pr[]oc[]edere, sinere, d[]erid
[]ere, tremere, pellere, re-mov[]ere,
 []


Underfull \vbox (badness 10000) has occurred while \output is active []



[107]

[108]

Package hyperref Warning: Token not allowed in a PDF string (Unicode):
(hyperref)                \hskip 10.0pt
(hyperref)                replaced by space on input line 2924.


Underfull \vbox (badness 10000) has occurred while \output is active []



[109


]

LaTeX Warning: Marginpar on page 110 moved.


Underfull \hbox (badness 1337) in paragraph at lines 2980--2981
[]\T1/LinuxLibertineT-TLF/m/n/10 (+20) M[]arcus 's[]e m[]alum puerum fuisse' fa
t[]etur ac simul pr[]omittit
 []


Underfull \vbox (badness 10000) has occurred while \output is active []



[110]
Underfull \vbox (badness 10000) has occurred while \output is active []



[111]

LaTeX Warning: Marginpar on page 112 moved.


Underfull \hbox (badness 6188) in paragraph at lines 3030--3031
[]\T1/LinuxLibertineT-TLF/m/n/10 (+20) fut[]ur[]^^Y. Par-ticip-ium fut[]uri est
 adiect[]^^Yvum d[]ecl[]^^Yn[]ati[]onis V11.
 []


Underfull \vbox (badness 10000) has occurred while \output is active []



[112]

[113]

Package hyperref Warning: Token not allowed in a PDF string (Unicode):
(hyperref)                \hskip 10.0pt
(hyperref)                replaced by space on input line 3061.


LaTeX Warning: Marginpar on page 114 moved.


Underfull \vbox (badness 10000) has occurred while \output is active []



[114


]
Underfull \vbox (badness 10000) has occurred while \output is active []



[115]

LaTeX Warning: Marginpar on page 116 moved.


Underfull \vbox (badness 10000) has occurred while \output is active []



[116]
Underfull \vbox (badness 10000) has occurred while \output is active []



[117]

[118]

Package hyperref Warning: Token not allowed in a PDF string (Unicode):
(hyperref)                \hskip 10.0pt
(hyperref)                replaced by space on input line 3212.


Underfull \vbox (badness 10000) has occurred while \output is active []



[119


]
Underfull \hbox (badness 1609) in paragraph at lines 3246--3247
[]\T1/LinuxLibertineT-TLF/m/n/10 (+20) Qu[]^^Yntus: ``Quam ob rem tot Ath[]eni[
]ens[]es ad mortem cer-tam
 []


LaTeX Warning: Marginpar on page 120 moved.


LaTeX Warning: Marginpar on page 120 moved.


LaTeX Warning: Marginpar on page 120 moved.


Underfull \vbox (badness 10000) has occurred while \output is active []



[120]

LaTeX Warning: Marginpar on page 121 moved.


Underfull \vbox (badness 10000) has occurred while \output is active []



[121]
Underfull \vbox (badness 10000) has occurred while \output is active []



[122]

[123]

Package hyperref Warning: Token not allowed in a PDF string (Unicode):
(hyperref)                \hskip 10.0pt
(hyperref)                replaced by space on input line 3309.


LaTeX Warning: Marginpar on page 124 moved.


Underfull \vbox (badness 10000) has occurred while \output is active []



[124


]

LaTeX Warning: Marginpar on page 125 moved.


LaTeX Warning: Marginpar on page 125 moved.


Underfull \vbox (badness 10000) has occurred while \output is active []



[125]
Underfull \vbox (badness 10000) has occurred while \output is active []



[126]
Underfull \vbox (badness 10000) has occurred while \output is active []



[127]

[128]

Package hyperref Warning: Token not allowed in a PDF string (Unicode):
(hyperref)                \hskip 10.0pt
(hyperref)                replaced by space on input line 3396.


LaTeX Warning: Marginpar on page 129 moved.


LaTeX Warning: Marginpar on page 129 moved.


Underfull \vbox (badness 10000) has occurred while \output is active []



[129


]

LaTeX Warning: Marginpar on page 130 moved.


Underfull \vbox (badness 10000) has occurred while \output is active []



[130]
Underfull \vbox (badness 10000) has occurred while \output is active []



[131]

LaTeX Warning: Marginpar on page 132 moved.


LaTeX Warning: Marginpar on page 132 moved.


Underfull \vbox (badness 10000) has occurred while \output is active []



[132]
Underfull \vbox (badness 10000) has occurred while \output is active []



[133]

[134]

Package hyperref Warning: Token not allowed in a PDF string (Unicode):
(hyperref)                \hskip 10.0pt
(hyperref)                replaced by space on input line 3547.


Underfull \vbox (badness 10000) has occurred while \output is active []



[135


]
Underfull \vbox (badness 10000) has occurred while \output is active []



[136]

LaTeX Warning: Marginpar on page 137 moved.


Underfull \hbox (badness 2205) in paragraph at lines 3619--3620
[]\T1/LinuxLibertineT-TLF/m/n/10 (+20) M[]edus: ``Omn[]es id fut[]urum esse sp[
]er[]amus. Quand[]o e[]o per-
 []


Underfull \vbox (badness 10000) has occurred while \output is active []



[137]

LaTeX Warning: Marginpar on page 138 moved.


Underfull \hbox (badness 1342) in paragraph at lines 3639--3640
[]\T1/LinuxLibertineT-TLF/m/n/10 (+20) M[]edus rub[]ens nescit quid re-spon-dea
t, et ve-lut hom[]o sur-dus
 []


Underfull \vbox (badness 10000) has occurred while \output is active []



[138]
Underfull \vbox (badness 10000) has occurred while \output is active []



[139]

[140]

Package hyperref Warning: Token not allowed in a PDF string (Unicode):
(hyperref)                \hskip 10.0pt
(hyperref)                replaced by space on input line 3710.


LaTeX Warning: Marginpar on page 141 moved.


LaTeX Warning: Marginpar on page 141 moved.


LaTeX Warning: Marginpar on page 141 moved.


Underfull \vbox (badness 10000) has occurred while \output is active []



[141


]

LaTeX Warning: Marginpar on page 142 moved.


Underfull \vbox (badness 10000) has occurred while \output is active []



[142]

LaTeX Warning: Marginpar on page 143 moved.


Underfull \vbox (badness 10000) has occurred while \output is active []



[143]
Underfull \vbox (badness 10000) has occurred while \output is active []



[144]
Underfull \vbox (badness 10000) has occurred while \output is active []



[145]

[146]

Package hyperref Warning: Token not allowed in a PDF string (Unicode):
(hyperref)                \hskip 10.0pt
(hyperref)                replaced by space on input line 3853.


LaTeX Warning: Marginpar on page 147 moved.


LaTeX Warning: Marginpar on page 147 moved.


LaTeX Warning: Marginpar on page 147 moved.


LaTeX Warning: Marginpar on page 147 moved.


Underfull \vbox (badness 10000) has occurred while \output is active []



[147


]

LaTeX Warning: Marginpar on page 148 moved.


LaTeX Warning: Marginpar on page 148 moved.


Underfull \vbox (badness 10000) has occurred while \output is active []



[148]

LaTeX Warning: Marginpar on page 149 moved.


Underfull \vbox (badness 10000) has occurred while \output is active []



[149]
Underfull \vbox (badness 10000) has occurred while \output is active []



[150]
Underfull \vbox (badness 10000) has occurred while \output is active []



[151]

[152]

Package hyperref Warning: Token not allowed in a PDF string (Unicode):
(hyperref)                \hskip 10.0pt
(hyperref)                replaced by space on input line 4012.


Underfull \vbox (badness 10000) has occurred while \output is active []



[153


]

LaTeX Warning: Marginpar on page 154 moved.


LaTeX Warning: Marginpar on page 154 moved.


Underfull \hbox (badness 1199) in paragraph at lines 4056--4057
[]\T1/LinuxLibertineT-TLF/m/n/10 (+20) Corn[]elius: ``Etiam si adh[]uc R[]omae 
latet, dif-fi-cile erit servum
 []


Underfull \vbox (badness 10000) has occurred while \output is active []



[154]
Underfull \vbox (badness 10000) has occurred while \output is active []



[155]

LaTeX Warning: Marginpar on page 156 moved.


Underfull \vbox (badness 10000) has occurred while \output is active []



[156]

LaTeX Warning: Marginpar on page 157 moved.


Underfull \vbox (badness 10000) has occurred while \output is active []



[157]

[158]

Package hyperref Warning: Token not allowed in a PDF string (Unicode):
(hyperref)                \hskip 10.0pt
(hyperref)                replaced by space on input line 4189.


LaTeX Warning: Marginpar on page 159 moved.


Underfull \hbox (badness 6741) in paragraph at lines 4193--4194
[]\T1/LinuxLibertineT-TLF/m/n/10 (+20) I[]^^Y s[]ol[]^^Y qu[]^^Y mag-nam pec[]u
niam sol-vere potuer-ant servit[]ute
 []


Underfull \hbox (badness 1377) in paragraph at lines 4193--4194
\T1/LinuxLibertineT-TLF/m/n/10 (+20) l[]^^Yber[]abantur. Ipse G[]aius I[]ulius 
Cae-sar, cum adul[]esc[]ens ex Itali[]a
 []


LaTeX Warning: Marginpar on page 159 moved.


LaTeX Warning: Marginpar on page 159 moved.


Underfull \vbox (badness 10000) has occurred while \output is active []



[159


]

LaTeX Warning: Marginpar on page 160 moved.


LaTeX Warning: Marginpar on page 160 moved.


LaTeX Warning: Marginpar on page 160 moved.


Underfull \vbox (badness 10000) has occurred while \output is active []



[160]
Underfull \hbox (badness 1057) in paragraph at lines 4255--4256
[]\T1/LinuxLibertineT-TLF/m/n/10 (+20) Gubern[]ator: ``Sed ego ipse sole[]o am[
]^^Yc[]^^Ys me[]^^Ys gr[]atiam re-ferre.
 []


Underfull \vbox (badness 10000) has occurred while \output is active []



[161]
Underfull \vbox (badness 10000) has occurred while \output is active []



[162]
Underfull \hbox (badness 1735) in paragraph at lines 4315--4316
[]\T1/LinuxLibertineT-TLF/m/n/10 (+20) Laud[]averit' est coni[]unct[]^^Yvus tem
-po-ris prae-terit[]^^Y per-fect[]^^Y. 230
 []


Underfull \hbox (badness 2495) in paragraph at lines 4315--4316
\T1/LinuxLibertineT-TLF/m/n/10 (+20) Coni[]unct[]^^Yvus per-fect[]^^Y d[]esinit
 in -erit (pers. iii sing.), quod ad
 []


Underfull \hbox (badness 2277) in paragraph at lines 4323--4324
\T1/LinuxLibertineT-TLF/m/n/10 (+20) mag-istr[]o parueris, at-tent[]e aud[]^^Yv
eris, r[]ect[]e scripseris et pul-chr[]e
 []


Underfull \vbox (badness 10000) has occurred while \output is active []



[163]
Underfull \vbox (badness 10000) has occurred while \output is active []



[164]

[165]

Package hyperref Warning: Token not allowed in a PDF string (Unicode):
(hyperref)                \hskip 10.0pt
(hyperref)                replaced by space on input line 4376.


LaTeX Warning: Marginpar on page 166 moved.


LaTeX Warning: Marginpar on page 166 moved.


Underfull \vbox (badness 10000) has occurred while \output is active []



[166


]

LaTeX Warning: Marginpar on page 167 moved.


LaTeX Warning: Marginpar on page 167 moved.


Underfull \vbox (badness 10000) has occurred while \output is active []



[167]
Underfull \vbox (badness 10000) has occurred while \output is active []



[168]
Underfull \hbox (badness 3209) in paragraph at lines 4408--4409
[]\T1/LinuxLibertineT-TLF/m/n/10 (+20) Utinam pa-trem aud[]^^Yvissem, cum m[]e 
ad studium litter[]arum
 []


Underfull \hbox (badness 1199) in paragraph at lines 4436--4437
[]\T1/LinuxLibertineT-TLF/m/n/10 (+20) Pater f[]^^Ylium in-ter-rog[]avit 'num b
onus dis-cip-u-lus fuis-set: num
 []


Underfull \vbox (badness 10000) has occurred while \output is active []



[169]
Underfull \vbox (badness 10000) has occurred while \output is active []



[170]
Underfull \vbox (badness 10000) has occurred while \output is active []



[171]

[172]

Package hyperref Warning: Token not allowed in a PDF string (Unicode):
(hyperref)                \hskip 10.0pt
(hyperref)                replaced by space on input line 4497.


Underfull \vbox (badness 10000) has occurred while \output is active []



[173


]

LaTeX Warning: Marginpar on page 174 moved.


LaTeX Warning: Marginpar on page 174 moved.


LaTeX Warning: Marginpar on page 174 moved.


LaTeX Warning: Marginpar on page 174 moved.


LaTeX Warning: Marginpar on page 174 moved.


LaTeX Warning: Marginpar on page 174 moved.


LaTeX Warning: Marginpar on page 174 moved.


Underfull \vbox (badness 10000) has occurred while \output is active []



[174]

LaTeX Warning: Marginpar on page 175 moved.


LaTeX Warning: Marginpar on page 175 moved.


LaTeX Warning: Marginpar on page 175 moved.


Underfull \vbox (badness 10000) has occurred while \output is active []



[175]
Underfull \vbox (badness 10000) has occurred while \output is active []



[176]
Underfull \vbox (badness 10000) has occurred while \output is active []



[177]
Underfull \vbox (badness 10000) has occurred while \output is active []



[178]
Underfull \hbox (badness 1019) in paragraph at lines 4723--4724
\T1/LinuxLibertineT-TLF/m/n/10 (+20) Quid R[]oma[]ani in am-phithe[]atr[]o spec
-tant? Quid Fabia in the[]atr[]o
 []



[179]

Package hyperref Warning: Token not allowed in a PDF string (Unicode):
(hyperref)                \hskip 10.0pt
(hyperref)                replaced by space on input line 4728.


LaTeX Warning: Marginpar on page 180 moved.


LaTeX Warning: Marginpar on page 180 moved.


Underfull \hbox (badness 2293) in paragraph at lines 4750--4751
[]\T1/LinuxLibertineT-TLF/m/n/10 (+20) [D.:] N[]omin[]at[]^^Yvus, genet[]^^Yvus
, dat[]^^Yvus, acc[]us[]at[]^^Yvus, voc[]at[]^^Yvus,
 []


Underfull \vbox (badness 10000) has occurred while \output is active []



[180


]
Underfull \hbox (badness 1540) in paragraph at lines 4774--4775
[]\T1/LinuxLibertineT-TLF/m/n/10 (+20) [D.:] Sin-gul[]aris, ut /ego, pl[]ur[]al
is, ut legimus. [M.:] Tem-pora
 []


Underfull \vbox (badness 10000) has occurred while \output is active []



[181]

LaTeX Warning: Marginpar on page 182 moved.


LaTeX Warning: Marginpar on page 182 moved.


LaTeX Warning: Marginpar on page 182 moved.


LaTeX Warning: Marginpar on page 182 moved.


LaTeX Warning: Marginpar on page 182 moved.


Underfull \vbox (badness 10000) has occurred while \output is active []



[182]

LaTeX Warning: Marginpar on page 183 moved.


LaTeX Warning: Marginpar on page 183 moved.


LaTeX Warning: Marginpar on page 183 moved.


Underfull \vbox (badness 10000) has occurred while \output is active []



[183]
Underfull \vbox (badness 10000) has occurred while \output is active []



[184]
Underfull \hbox (badness 2538) in paragraph at lines 4903--4904
[]\T1/LinuxLibertineT-TLF/m/n/10 (+20) or[]ati[]o, coni[]uncti[]o, in-teriecti[
]o, M[]usa, scam-num, sac-erd[]os, c[]asus,
 []


Underfull \hbox (badness 1189) in paragraph at lines 4903--4904
\T1/LinuxLibertineT-TLF/m/n/10 (+20) com-par[]ati[]o, qu[]alit[]as, quan-tit[]a
s, sig-nific[]ati[]o, speci[]es, []^^Yra, af-fec-tus,
 []


Underfull \hbox (badness 1112) in paragraph at lines 4903--4904
\T1/LinuxLibertineT-TLF/m/n/10 (+20) qu[]apropter, proptere[]a, ad-ver-sum, cis
, []en, eia, euax, pa-pae, at-tat,
 []



[185]
LaTeX Font Info:    Font shape `T1/LinuxLibertineT-TLF/b/n' will be
(Font)              scaled to size 10.0pt on input line 4908.


[186


] (./Lingua_Latina.aux)
 ***********
LaTeX2e <2024-11-01> patch level 2
L3 programming layer <2025-01-18>
 ***********
Package rerunfilecheck Info: File `Lingua_Latina.out' has not changed.
(rerunfilecheck)             Checksum: 4105D0AA6203C65C7AD27A7D04B28DD3;29715.
 ) 
Here is how much of TeX's memory you used:
 13683 strings out of 473190
 227232 string characters out of 5715800
 666751 words of memory out of 5000000
 35966 multiletter control sequences out of 15000+600000
 682579 words of font info for 306 fonts, out of 8000000 for 9000
 1141 hyphenation exceptions out of 8191
 75i,13n,79p,2928b,527s stack positions out of 10000i,1000n,20000p,200000b,200000s
</usr/local/texlive/2025/texmf-dist/fonts/type1/public/libertine/LinBiolinumT
.pfb></usr/local/texlive/2025/texmf-dist/fonts/type1/public/libertine/LinBiolin
umTB.pfb></usr/local/texlive/2025/texmf-dist/fonts/type1/public/libertine/LinBi
olinumTI.pfb></usr/local/texlive/2025/texmf-dist/fonts/type1/public/libertine/L
inLibertineT.pfb></usr/local/texlive/2025/texmf-dist/fonts/type1/public/liberti
ne/LinLibertineTB.pfb></usr/local/texlive/2025/texmf-dist/fonts/type1/public/li
bertine/LinLibertineTI.pfb></usr/local/texlive/2025/texmf-dist/fonts/type1/publ
ic/amsfonts/cm/cmmi10.pfb></usr/local/texlive/2025/texmf-dist/fonts/type1/publi
c/amsfonts/cm/cmsy10.pfb></usr/local/texlive/2025/texmf-dist/fonts/type1/public
/amsfonts/cm/cmsy8.pfb>
Output written on Lingua_Latina.pdf (195 pages, 1348882 bytes).
PDF statistics:
 2178 PDF objects out of 2487 (max. 8388607)
 1943 compressed objects within 20 object streams
 463 named destinations out of 1000 (max. 500000)
 66353 words of extra memory for PDF output out of 74296 (max. 10000000)

