\BOOKMARK [0][-]{chapter*.2}{\376\377\000D\001\023\000\040\000h\001\001\000c\000\040\000e\000d\000i\000t\001\053\000o\000n\000e}{}% 1
\BOOKMARK [0][-]{chapter*.5}{\376\377\000C\000a\000p\000.\000\040\000I\000\040\000I\000m\000p\000e\000r\000i\000u\000m\000\040\000R\001\115\000m\001\001\000n\000u\000m}{}% 2
\BOOKMARK [1][-]{section*.6}{\376\377\000L\000i\000t\000t\000e\000r\000a\000e\000\040\000e\000t\000\040\000n\000u\000m\000e\000r\001\053}{chapter*.5}% 3
\BOOKMARK [1][-]{section*.7}{\376\377\000G\000r\000a\000m\000m\000a\000t\000i\000c\000a\000\040\000L\000a\000t\001\053\000n\000a}{chapter*.5}% 4
\BOOKMARK [1][-]{section*.8}{\376\377\000P\001\023\000n\000s\000u\000m\000\040\000A}{chapter*.5}% 5
\BOOKMARK [1][-]{section*.9}{\376\377\000P\001\023\000n\000s\000u\000m\000\040\000B}{chapter*.5}% 6
\BOOKMARK [1][-]{section*.10}{\376\377\000P\001\023\000n\000s\000u\000m\000\040\000C}{chapter*.5}% 7
\BOOKMARK [1][-]{section*.11}{\376\377\000V\000o\000c\001\001\000b\000u\000l\000a\000\040\000n\000o\000v\000a}{chapter*.5}% 8
\BOOKMARK [0][-]{chapter*.13}{\376\377\000C\000a\000p\000.\000\040\000I\000I\000\040\000F\000a\000m\000i\000l\000i\000a\000\040\000R\001\115\000m\001\001\000n\000a}{}% 9
\BOOKMARK [1][-]{section*.14}{\376\377\000L\001\053\000b\000e\000r\000t\000u\000s\000\040\000L\000a\000t\001\053\000n\000u\000s}{chapter*.13}% 10
\BOOKMARK [1][-]{section*.15}{\376\377\000G\000r\000a\000m\000m\000a\000t\000i\000c\000a\000\040\000L\000a\000t\001\053\000n\000a}{chapter*.13}% 11
\BOOKMARK [1][-]{section*.16}{\376\377\000P\001\023\000n\000s\000u\000m\000\040\000A}{chapter*.13}% 12
\BOOKMARK [1][-]{section*.17}{\376\377\000P\001\023\000n\000s\000u\000m\000\040\000B}{chapter*.13}% 13
\BOOKMARK [1][-]{section*.18}{\376\377\000P\001\023\000n\000s\000u\000m\000\040\000C}{chapter*.13}% 14
\BOOKMARK [1][-]{section*.19}{\376\377\000V\000o\000c\001\001\000b\000u\000l\000a\000\040\000n\000o\000v\000a}{chapter*.13}% 15
\BOOKMARK [0][-]{chapter*.21}{\376\377\000C\000a\000p\000.\000\040\000I\000I\000I\000\040\000P\000u\000e\000r\000\040\000i\000m\000p\000r\000o\000b\000u\000s}{}% 16
\BOOKMARK [1][-]{section*.22}{\376\377\000S\000c\000a\000e\000n\000a\000\040\000p\000r\001\053\000m\000a}{chapter*.21}% 17
\BOOKMARK [1][-]{section*.23}{\376\377\000S\000c\000a\000e\000n\000a\000\040\000s\000e\000c\000u\000n\000d\000a}{chapter*.21}% 18
\BOOKMARK [1][-]{section*.24}{\376\377\000S\000c\000a\000e\000n\000a\000\040\000t\000e\000r\000t\000i\000a}{chapter*.21}% 19
\BOOKMARK [1][-]{section*.25}{\376\377\000G\000r\000a\000m\000m\000a\000t\000i\000c\000a\000\040\000L\000a\000t\001\053\000n\000a}{chapter*.21}% 20
\BOOKMARK [1][-]{section*.26}{\376\377\000P\001\023\000n\000s\000u\000m\000\040\000A}{chapter*.21}% 21
\BOOKMARK [1][-]{section*.27}{\376\377\000P\001\023\000n\000s\000u\000m\000\040\000B}{chapter*.21}% 22
\BOOKMARK [1][-]{section*.28}{\376\377\000P\001\023\000n\000s\000u\000m\000\040\000C}{chapter*.21}% 23
\BOOKMARK [1][-]{section*.29}{\376\377\000V\000o\000c\001\001\000b\000u\000l\000a\000\040\000n\000o\000v\000a}{chapter*.21}% 24
\BOOKMARK [0][-]{chapter*.31}{\376\377\000C\000a\000p\000.\000\040\000I\000V\000\040\000D\000o\000m\000i\000n\000u\000s\000\040\000e\000t\000\040\000s\000e\000r\000v\001\053}{}% 25
\BOOKMARK [1][-]{section*.32}{\376\377\000S\000c\000a\000e\000n\000a\000\040\000p\000r\001\053\000m\000a}{chapter*.31}% 26
\BOOKMARK [1][-]{section*.33}{\376\377\000S\000c\000a\000e\000n\000a\000\040\000s\000e\000c\000u\000n\000d\000a}{chapter*.31}% 27
\BOOKMARK [1][-]{section*.34}{\376\377\000S\000c\000a\000e\000n\000a\000\040\000t\000e\000r\000t\000i\000a}{chapter*.31}% 28
\BOOKMARK [1][-]{section*.35}{\376\377\000G\000r\000a\000m\000m\000a\000t\000i\000c\000a\000\040\000L\000a\000t\001\053\000n\000a}{chapter*.31}% 29
\BOOKMARK [1][-]{section*.36}{\376\377\000P\001\023\000n\000s\000u\000m\000\040\000A}{chapter*.31}% 30
\BOOKMARK [1][-]{section*.37}{\376\377\000P\001\023\000n\000s\000u\000m\000\040\000B}{chapter*.31}% 31
\BOOKMARK [1][-]{section*.38}{\376\377\000P\001\023\000n\000s\000u\000m\000\040\000C}{chapter*.31}% 32
\BOOKMARK [1][-]{section*.39}{\376\377\000V\000o\000c\001\001\000b\000u\000l\000a\000\040\000n\000o\000v\000a}{chapter*.31}% 33
\BOOKMARK [0][-]{chapter*.41}{\376\377\000C\000a\000p\000.\000\040\000V\000\040\000V\001\053\000l\000l\000a\000\040\000e\000t\000\040\000h\000o\000r\000t\000u\000s}{}% 34
\BOOKMARK [1][-]{section*.42}{\376\377\000G\000r\000a\000m\000m\000a\000t\000i\000c\000a\000\040\000L\000a\000t\001\053\000n\000a}{chapter*.41}% 35
\BOOKMARK [1][-]{section*.43}{\376\377\000P\001\023\000n\000s\000u\000m\000\040\000A}{chapter*.41}% 36
\BOOKMARK [1][-]{section*.44}{\376\377\000P\001\023\000n\000s\000u\000m\000\040\000B}{chapter*.41}% 37
\BOOKMARK [1][-]{section*.45}{\376\377\000P\001\023\000n\000s\000u\000m\000\040\000C}{chapter*.41}% 38
\BOOKMARK [1][-]{section*.46}{\376\377\000V\000o\000c\001\001\000b\000u\000l\000a\000\040\000n\000o\000v\000a}{chapter*.41}% 39
\BOOKMARK [0][-]{chapter*.48}{\376\377\000C\000a\000p\000.\000\040\000V\000I\000\040\000V\000i\000a\000\040\000L\000a\000t\001\053\000n\000a}{}% 40
\BOOKMARK [1][-]{section*.49}{\376\377\000G\000r\000a\000m\000m\000a\000t\000i\000c\000a\000\040\000L\000a\000t\001\053\000n\000a}{chapter*.48}% 41
\BOOKMARK [1][-]{section*.50}{\376\377\000P\001\023\000n\000s\000u\000m\000\040\000A}{chapter*.48}% 42
\BOOKMARK [1][-]{section*.51}{\376\377\000P\001\023\000n\000s\000u\000m\000\040\000B}{chapter*.48}% 43
\BOOKMARK [1][-]{section*.52}{\376\377\000P\001\023\000n\000s\000u\000m\000\040\000C}{chapter*.48}% 44
\BOOKMARK [1][-]{section*.53}{\376\377\000V\000o\000c\001\001\000b\000u\000l\000a\000\040\000n\000o\000v\000a}{chapter*.48}% 45
\BOOKMARK [0][-]{chapter*.55}{\376\377\000C\000a\000p\000.\000\040\000V\000I\000I\000\040\000P\000u\000e\000l\000l\000a\000\040\000e\000t\000\040\000r\000o\000s\000a}{}% 46
\BOOKMARK [1][-]{section*.56}{\376\377\000G\000r\000a\000m\000m\000a\000t\000i\000c\000a\000\040\000L\000a\000t\001\053\000n\000a}{chapter*.55}% 47
\BOOKMARK [1][-]{section*.57}{\376\377\000P\001\023\000n\000s\000u\000m\000\040\000A}{chapter*.55}% 48
\BOOKMARK [1][-]{section*.58}{\376\377\000P\001\023\000n\000s\000u\000m\000\040\000B}{chapter*.55}% 49
\BOOKMARK [1][-]{section*.59}{\376\377\000P\001\023\000n\000s\000u\000m\000\040\000C}{chapter*.55}% 50
\BOOKMARK [1][-]{section*.60}{\376\377\000V\000o\000c\001\001\000b\000u\000l\000a\000\040\000n\000o\000v\000a}{chapter*.55}% 51
\BOOKMARK [0][-]{chapter*.62}{\376\377\000C\000a\000p\000.\000\040\000V\000I\000I\000I\000\040\000T\000a\000b\000e\000r\000n\000a\000\040\000R\001\115\000m\001\001\000n\000a}{}% 52
\BOOKMARK [1][-]{section*.63}{\376\377\000G\000r\000a\000m\000m\000a\000t\000i\000c\000a\000\040\000L\000a\000t\001\053\000n\000a}{chapter*.62}% 53
\BOOKMARK [1][-]{section*.64}{\376\377\000P\001\023\000n\000s\000u\000m\000\040\000A}{chapter*.62}% 54
\BOOKMARK [1][-]{section*.65}{\376\377\000P\001\023\000n\000s\000u\000m\000\040\000B}{chapter*.62}% 55
\BOOKMARK [1][-]{section*.66}{\376\377\000P\001\023\000n\000s\000u\000m\000\040\000C}{chapter*.62}% 56
\BOOKMARK [1][-]{section*.67}{\376\377\000V\000o\000c\001\001\000b\000u\000l\000a\000\040\000n\000o\000v\000a}{chapter*.62}% 57
\BOOKMARK [0][-]{chapter*.69}{\376\377\000C\000a\000p\000.\000\040\000I\000X\000\040\000P\001\001\000s\000t\000o\000r\000\040\000e\000t\000\040\000o\000v\001\023\000s}{}% 58
\BOOKMARK [1][-]{section*.70}{\376\377\000G\000r\000a\000m\000m\000a\000t\000i\000c\000a\000\040\000L\000a\000t\001\053\000n\000a}{chapter*.69}% 59
\BOOKMARK [1][-]{section*.71}{\376\377\000P\001\023\000n\000s\000u\000m\000\040\000A}{chapter*.69}% 60
\BOOKMARK [1][-]{section*.72}{\376\377\000P\001\023\000n\000s\000u\000m\000\040\000B}{chapter*.69}% 61
\BOOKMARK [1][-]{section*.73}{\376\377\000P\001\023\000n\000s\000u\000m\000\040\000C}{chapter*.69}% 62
\BOOKMARK [1][-]{section*.74}{\376\377\000V\000o\000c\001\001\000b\000u\000l\000a\000\040\000n\000o\000v\000a}{chapter*.69}% 63
\BOOKMARK [0][-]{chapter*.76}{\376\377\000C\000a\000p\000.\000\040\000X\000\040\000B\001\023\000s\000t\000i\000a\000e\000\040\000e\000t\000\040\000h\000o\000m\000i\000n\001\023\000s}{}% 64
\BOOKMARK [1][-]{section*.77}{\376\377\000G\000r\000a\000m\000m\000a\000t\000i\000c\000a\000\040\000L\000a\000t\001\053\000n\000a}{chapter*.76}% 65
\BOOKMARK [1][-]{section*.78}{\376\377\000P\001\023\000n\000s\000u\000m\000\040\000A}{chapter*.76}% 66
\BOOKMARK [1][-]{section*.79}{\376\377\000P\001\023\000n\000s\000u\000m\000\040\000B}{chapter*.76}% 67
\BOOKMARK [1][-]{section*.80}{\376\377\000P\001\023\000n\000s\000u\000m\000\040\000C}{chapter*.76}% 68
\BOOKMARK [1][-]{section*.81}{\376\377\000V\000o\000c\001\001\000b\000u\000l\000a\000\040\000n\000o\000v\000a}{chapter*.76}% 69
\BOOKMARK [0][-]{chapter*.83}{\376\377\000C\000a\000p\000.\000\040\000X\000I\000\040\000C\000o\000r\000p\000u\000s\000\040\000h\001\153\000m\001\001\000n\000u\000m}{}% 70
\BOOKMARK [1][-]{section*.84}{\376\377\000G\000r\000a\000m\000m\000a\000t\000i\000c\000a\000\040\000L\000a\000t\001\053\000n\000a}{chapter*.83}% 71
\BOOKMARK [1][-]{section*.85}{\376\377\000P\001\023\000n\000s\000u\000m\000\040\000A}{chapter*.83}% 72
\BOOKMARK [1][-]{section*.86}{\376\377\000P\001\023\000n\000s\000u\000m\000\040\000B}{chapter*.83}% 73
\BOOKMARK [1][-]{section*.87}{\376\377\000P\001\023\000n\000s\000u\000m\000\040\000C}{chapter*.83}% 74
\BOOKMARK [1][-]{section*.88}{\376\377\000V\000o\000c\001\001\000b\000u\000l\000a\000\040\000n\000o\000v\000a}{chapter*.83}% 75
\BOOKMARK [0][-]{chapter*.90}{\376\377\000C\000a\000p\000.\000\040\000X\000I\000I\000\040\000M\001\053\000l\000e\000s\000\040\000R\001\115\000m\001\001\000n\000u\000s}{}% 76
\BOOKMARK [1][-]{section*.91}{\376\377\000G\000r\000a\000m\000m\000a\000t\000i\000c\000a\000\040\000L\000a\000t\001\053\000n\000a}{chapter*.90}% 77
\BOOKMARK [1][-]{section*.92}{\376\377\000P\001\023\000n\000s\000u\000m\000\040\000A}{chapter*.90}% 78
\BOOKMARK [1][-]{section*.93}{\376\377\000P\001\023\000n\000s\000u\000m\000\040\000B}{chapter*.90}% 79
\BOOKMARK [1][-]{section*.94}{\376\377\000P\001\023\000n\000s\000u\000m\000\040\000C}{chapter*.90}% 80
\BOOKMARK [1][-]{section*.95}{\376\377\000V\000o\000c\001\001\000b\000u\000l\000a\000\040\000n\000o\000v\000a}{chapter*.90}% 81
\BOOKMARK [0][-]{chapter*.97}{\376\377\000C\000a\000p\000.\000\040\000X\000I\000I\000I\000\040\000A\000n\000n\000u\000s\000\040\000e\000t\000\040\000m\001\023\000n\000s\001\023\000s}{}% 82
\BOOKMARK [1][-]{section*.98}{\376\377\000G\000r\000a\000m\000m\000a\000t\000i\000c\000a\000\040\000L\000a\000t\001\053\000n\000a}{chapter*.97}% 83
\BOOKMARK [1][-]{section*.99}{\376\377\000P\001\023\000n\000s\000u\000m\000\040\000A}{chapter*.97}% 84
\BOOKMARK [1][-]{section*.100}{\376\377\000P\001\023\000n\000s\000u\000m\000\040\000B}{chapter*.97}% 85
\BOOKMARK [1][-]{section*.101}{\376\377\000P\001\023\000n\000s\000u\000m\000\040\000C}{chapter*.97}% 86
\BOOKMARK [1][-]{section*.102}{\376\377\000V\000o\000c\001\001\000b\000u\000l\000a\000\040\000n\000o\000v\000a}{chapter*.97}% 87
\BOOKMARK [0][-]{chapter*.104}{\376\377\000C\000a\000p\000.\000\040\000X\000I\000V\000\040\000N\000o\000v\000u\000s\000\040\000d\000i\001\023\000s}{}% 88
\BOOKMARK [1][-]{section*.105}{\376\377\000G\000r\000a\000m\000m\000a\000t\000i\000c\000a\000\040\000L\000a\000t\001\053\000n\000a}{chapter*.104}% 89
\BOOKMARK [1][-]{section*.106}{\376\377\000P\001\023\000n\000s\000u\000m\000\040\000A}{chapter*.104}% 90
\BOOKMARK [1][-]{section*.107}{\376\377\000P\001\023\000n\000s\000u\000m\000\040\000B}{chapter*.104}% 91
\BOOKMARK [1][-]{section*.108}{\376\377\000P\001\023\000n\000s\000u\000m\000\040\000C}{chapter*.104}% 92
\BOOKMARK [1][-]{section*.109}{\376\377\000V\000o\000c\001\001\000b\000u\000l\000a\000\040\000n\000o\000v\000a}{chapter*.104}% 93
\BOOKMARK [0][-]{chapter*.111}{\376\377\000C\000a\000p\000.\000\040\000X\000V\000\040\000M\000a\000g\000i\000s\000t\000e\000r\000\040\000e\000t\000\040\000d\000i\000s\000c\000i\000p\000u\000l\001\053}{}% 94
\BOOKMARK [1][-]{section*.112}{\376\377\000G\000r\000a\000m\000m\000a\000t\000i\000c\000a\000\040\000L\000a\000t\001\053\000n\000a}{chapter*.111}% 95
\BOOKMARK [1][-]{section*.113}{\376\377\000P\001\023\000n\000s\000u\000m\000\040\000A}{chapter*.111}% 96
\BOOKMARK [1][-]{section*.114}{\376\377\000P\001\023\000n\000s\000u\000m\000\040\000B}{chapter*.111}% 97
\BOOKMARK [1][-]{section*.115}{\376\377\000P\001\023\000n\000s\000u\000m\000\040\000C}{chapter*.111}% 98
\BOOKMARK [1][-]{section*.116}{\376\377\000V\000o\000c\001\001\000b\000u\000l\000a\000\040\000n\000o\000v\000a}{chapter*.111}% 99
\BOOKMARK [0][-]{chapter*.118}{\376\377\000C\000a\000p\000.\000\040\000X\000V\000I\000\040\000T\000e\000m\000p\000e\000s\000t\001\001\000s}{}% 100
\BOOKMARK [1][-]{section*.119}{\376\377\000G\000r\000a\000m\000m\000a\000t\000i\000c\000a\000\040\000L\000a\000t\001\053\000n\000a}{chapter*.118}% 101
\BOOKMARK [1][-]{section*.120}{\376\377\000P\001\023\000n\000s\000u\000m\000\040\000A}{chapter*.118}% 102
\BOOKMARK [1][-]{section*.121}{\376\377\000P\001\023\000n\000s\000u\000m\000\040\000B}{chapter*.118}% 103
\BOOKMARK [1][-]{section*.122}{\376\377\000P\001\023\000n\000s\000u\000m\000\040\000C}{chapter*.118}% 104
\BOOKMARK [1][-]{section*.123}{\376\377\000V\000o\000c\001\001\000b\000u\000l\000a\000\040\000n\000o\000v\000a}{chapter*.118}% 105
\BOOKMARK [0][-]{chapter*.125}{\376\377\000C\000a\000p\000.\000\040\000X\000V\000I\000I\000\040\000N\000u\000m\000e\000r\001\053\000\040\000d\000i\000f\000f\000i\000c\000i\000l\001\023\000s}{}% 106
\BOOKMARK [1][-]{section*.126}{\376\377\000G\000r\000a\000m\000m\000a\000t\000i\000c\000a\000\040\000L\000a\000t\001\053\000n\000a}{chapter*.125}% 107
\BOOKMARK [1][-]{section*.127}{\376\377\000P\001\023\000n\000s\000u\000m\000\040\000A}{chapter*.125}% 108
\BOOKMARK [1][-]{section*.128}{\376\377\000P\001\023\000n\000s\000u\000m\000\040\000B}{chapter*.125}% 109
\BOOKMARK [1][-]{section*.129}{\376\377\000P\001\023\000n\000s\000u\000m\000\040\000C}{chapter*.125}% 110
\BOOKMARK [1][-]{section*.130}{\376\377\000V\000o\000c\001\001\000b\000u\000l\000a\000\040\000n\000o\000v\000a}{chapter*.125}% 111
\BOOKMARK [0][-]{chapter*.132}{\376\377\000C\000a\000p\000.\000\040\000X\000V\000I\000I\000I\000\040\000L\000i\000t\000t\000e\000r\000a\000e\000\040\000L\000a\000t\001\053\000n\000a\000e}{}% 112
\BOOKMARK [1][-]{section*.133}{\376\377\000G\000r\000a\000m\000m\000a\000t\000i\000c\000a\000\040\000L\000a\000t\001\053\000n\000a}{chapter*.132}% 113
\BOOKMARK [1][-]{section*.134}{\376\377\000P\001\023\000n\000s\000u\000m\000\040\000A}{chapter*.132}% 114
\BOOKMARK [1][-]{section*.135}{\376\377\000P\001\023\000n\000s\000u\000m\000\040\000B}{chapter*.132}% 115
\BOOKMARK [1][-]{section*.136}{\376\377\000P\001\023\000n\000s\000u\000m\000\040\000C}{chapter*.132}% 116
\BOOKMARK [1][-]{section*.137}{\376\377\000V\000o\000c\001\001\000b\000u\000l\000a\000\040\000n\000o\000v\000a}{chapter*.132}% 117
\BOOKMARK [0][-]{chapter*.139}{\376\377\000C\000a\000p\000.\000\040\000X\000I\000X\000\040\000M\000a\000r\001\053\000t\000u\000s\000\040\000e\000t\000\040\000u\000x\000o\000r}{}% 118
\BOOKMARK [1][-]{section*.140}{\376\377\000G\000r\000a\000m\000m\000a\000t\000i\000c\000a\000\040\000L\000a\000t\001\053\000n\000a}{chapter*.139}% 119
\BOOKMARK [1][-]{section*.141}{\376\377\000P\001\023\000n\000s\000u\000m\000\040\000A}{chapter*.139}% 120
\BOOKMARK [1][-]{section*.142}{\376\377\000P\001\023\000n\000s\000u\000m\000\040\000B}{chapter*.139}% 121
\BOOKMARK [1][-]{section*.143}{\376\377\000P\001\023\000n\000s\000u\000m\000\040\000C}{chapter*.139}% 122
\BOOKMARK [1][-]{section*.144}{\376\377\000V\000o\000c\001\001\000b\000u\000l\000a\000\040\000n\000o\000v\000a}{chapter*.139}% 123
\BOOKMARK [0][-]{chapter*.146}{\376\377\000C\000a\000p\000.\000\040\000X\000X\000\040\000P\000a\000r\000e\000n\000t\001\023\000s}{}% 124
\BOOKMARK [1][-]{section*.147}{\376\377\000G\000r\000a\000m\000m\000a\000t\000i\000c\000a\000\040\000L\000a\000t\001\053\000n\000a}{chapter*.146}% 125
\BOOKMARK [1][-]{section*.148}{\376\377\000P\001\023\000n\000s\000u\000m\000\040\000A}{chapter*.146}% 126
\BOOKMARK [1][-]{section*.149}{\376\377\000P\001\023\000n\000s\000u\000m\000\040\000B}{chapter*.146}% 127
\BOOKMARK [1][-]{section*.150}{\376\377\000P\001\023\000n\000s\000u\000m\000\040\000C}{chapter*.146}% 128
\BOOKMARK [1][-]{section*.151}{\376\377\000V\000o\000c\001\001\000b\000u\000l\000a\000\040\000n\000o\000v\000a}{chapter*.146}% 129
\BOOKMARK [0][-]{chapter*.153}{\376\377\000C\000a\000p\000.\000\040\000X\000X\000I\000\040\000P\000u\000g\000n\000a\000\040\000d\000i\000s\000c\000i\000p\000u\000l\001\115\000r\000u\000m}{}% 130
\BOOKMARK [1][-]{section*.154}{\376\377\000G\000r\000a\000m\000m\000a\000t\000i\000c\000a\000\040\000L\000a\000t\001\053\000n\000a}{chapter*.153}% 131
\BOOKMARK [1][-]{section*.155}{\376\377\000P\001\023\000n\000s\000u\000m\000\040\000A}{chapter*.153}% 132
\BOOKMARK [1][-]{section*.156}{\376\377\000P\001\023\000n\000s\000u\000m\000\040\000B}{chapter*.153}% 133
\BOOKMARK [1][-]{section*.157}{\376\377\000P\001\023\000n\000s\000u\000m\000\040\000C}{chapter*.153}% 134
\BOOKMARK [1][-]{section*.158}{\376\377\000V\000o\000c\001\001\000b\000u\000l\000a\000\040\000n\000o\000v\000a}{chapter*.153}% 135
\BOOKMARK [0][-]{chapter*.160}{\376\377\000C\000a\000p\000.\000\040\000X\000X\000I\000I\000\040\000C\000a\000v\001\023\000\040\000c\000a\000n\000e\000m}{}% 136
\BOOKMARK [1][-]{section*.161}{\376\377\000G\000r\000a\000m\000m\000a\000t\000i\000c\000a\000\040\000L\000a\000t\001\053\000n\000a}{chapter*.160}% 137
\BOOKMARK [1][-]{section*.162}{\376\377\000P\001\023\000n\000s\000u\000m\000\040\000A}{chapter*.160}% 138
\BOOKMARK [1][-]{section*.163}{\376\377\000P\001\023\000n\000s\000u\000m\000\040\000B}{chapter*.160}% 139
\BOOKMARK [1][-]{section*.164}{\376\377\000P\001\023\000n\000s\000u\000m\000\040\000C}{chapter*.160}% 140
\BOOKMARK [1][-]{section*.165}{\376\377\000V\000o\000c\001\001\000b\000u\000l\000a\000\040\000n\000o\000v\000a}{chapter*.160}% 141
\BOOKMARK [0][-]{chapter*.167}{\376\377\000C\000a\000p\000.\000\040\000X\000X\000I\000I\000I\000\040\000E\000p\000i\000s\000t\000u\000l\000a\000\040\000m\000a\000g\000i\000s\000t\000r\001\053}{}% 142
\BOOKMARK [1][-]{section*.168}{\376\377\000G\000r\000a\000m\000m\000a\000t\000i\000c\000a\000\040\000L\000a\000t\001\053\000n\000a}{chapter*.167}% 143
\BOOKMARK [1][-]{section*.169}{\376\377\000P\001\023\000n\000s\000u\000m\000\040\000A}{chapter*.167}% 144
\BOOKMARK [1][-]{section*.170}{\376\377\000P\001\023\000n\000s\000u\000m\000\040\000B}{chapter*.167}% 145
\BOOKMARK [1][-]{section*.171}{\376\377\000P\001\023\000n\000s\000u\000m\000\040\000C}{chapter*.167}% 146
\BOOKMARK [1][-]{section*.172}{\376\377\000V\000o\000c\001\001\000b\000u\000l\000a\000\040\000n\000o\000v\000a}{chapter*.167}% 147
\BOOKMARK [0][-]{chapter*.174}{\376\377\000C\000a\000p\000.\000\040\000X\000X\000I\000V\000\040\000P\000u\000e\000r\000\040\000a\000e\000g\000r\001\115\000t\000u\000s}{}% 148
\BOOKMARK [1][-]{section*.175}{\376\377\000G\000r\000a\000m\000m\000a\000t\000i\000c\000a\000\040\000L\000a\000t\001\053\000n\000a}{chapter*.174}% 149
\BOOKMARK [1][-]{section*.176}{\376\377\000P\001\023\000n\000s\000u\000m\000\040\000A}{chapter*.174}% 150
\BOOKMARK [1][-]{section*.177}{\376\377\000P\001\023\000n\000s\000u\000m\000\040\000B}{chapter*.174}% 151
\BOOKMARK [1][-]{section*.178}{\376\377\000P\001\023\000n\000s\000u\000m\000\040\000C}{chapter*.174}% 152
\BOOKMARK [1][-]{section*.179}{\376\377\000V\000o\000c\001\001\000b\000u\000l\000a\000\040\000n\000o\000v\000a}{chapter*.174}% 153
\BOOKMARK [0][-]{chapter*.181}{\376\377\000C\000a\000p\000.\000\040\000X\000X\000V\000\040\000T\000h\001\023\000s\000e\000u\000s\000\040\000e\000t\000\040\000M\001\053\000n\001\115\000t\000a\000u\000r\000u\000s}{}% 154
\BOOKMARK [1][-]{section*.182}{\376\377\000G\000r\000a\000m\000m\000a\000t\000i\000c\000a\000\040\000L\000a\000t\001\053\000n\000a}{chapter*.181}% 155
\BOOKMARK [1][-]{section*.183}{\376\377\000P\001\023\000n\000s\000u\000m\000\040\000A}{chapter*.181}% 156
\BOOKMARK [1][-]{section*.184}{\376\377\000P\001\023\000n\000s\000u\000m\000\040\000B}{chapter*.181}% 157
\BOOKMARK [1][-]{section*.185}{\376\377\000P\001\023\000n\000s\000u\000m\000\040\000C}{chapter*.181}% 158
\BOOKMARK [1][-]{section*.186}{\376\377\000V\000o\000c\001\001\000b\000u\000l\000a\000\040\000n\000o\000v\000a}{chapter*.181}% 159
\BOOKMARK [0][-]{chapter*.188}{\376\377\000C\000a\000p\000.\000\040\000X\000X\000V\000I\000\040\000D\000a\000e\000d\000a\000l\000u\000s\000\040\000e\000t\000\040\001\052\000c\000a\000r\000u\000s}{}% 160
\BOOKMARK [1][-]{section*.189}{\376\377\000G\000r\000a\000m\000m\000a\000t\000i\000c\000a\000\040\000L\000a\000t\001\053\000n\000a}{chapter*.188}% 161
\BOOKMARK [1][-]{section*.190}{\376\377\000P\001\023\000n\000s\000u\000m\000\040\000A}{chapter*.188}% 162
\BOOKMARK [1][-]{section*.191}{\376\377\000P\001\023\000n\000s\000u\000m\000\040\000B}{chapter*.188}% 163
\BOOKMARK [1][-]{section*.192}{\376\377\000P\001\023\000n\000s\000u\000m\000\040\000C}{chapter*.188}% 164
\BOOKMARK [1][-]{section*.193}{\376\377\000V\000o\000c\001\001\000b\000u\000l\000a\000\040\000n\000o\000v\000a}{chapter*.188}% 165
\BOOKMARK [0][-]{chapter*.195}{\376\377\000C\000a\000p\000.\000\040\000X\000X\000V\000I\000I\000\040\000R\001\023\000s\000\040\000r\001\153\000s\000t\000i\000c\000a\000e}{}% 166
\BOOKMARK [1][-]{section*.196}{\376\377\000G\000r\000a\000m\000m\000a\000t\000i\000c\000a\000\040\000L\000a\000t\001\053\000n\000a}{chapter*.195}% 167
\BOOKMARK [1][-]{section*.197}{\376\377\000P\001\023\000n\000s\000u\000m\000\040\000A}{chapter*.195}% 168
\BOOKMARK [1][-]{section*.198}{\376\377\000P\001\023\000n\000s\000u\000m\000\040\000B}{chapter*.195}% 169
\BOOKMARK [1][-]{section*.199}{\376\377\000P\001\023\000n\000s\000u\000m\000\040\000C}{chapter*.195}% 170
\BOOKMARK [1][-]{section*.200}{\376\377\000V\000o\000c\001\001\000b\000u\000l\000a\000\040\000n\000o\000v\000a}{chapter*.195}% 171
\BOOKMARK [0][-]{chapter*.202}{\376\377\000C\000a\000p\000.\000\040\000X\000X\000V\000I\000I\000I\000\040\000P\000e\000r\001\053\000c\000u\000l\000a\000\040\000m\000a\000r\000i\000s}{}% 172
\BOOKMARK [1][-]{section*.203}{\376\377\000G\000r\000a\000m\000m\000a\000t\000i\000c\000a\000\040\000L\000a\000t\001\053\000n\000a}{chapter*.202}% 173
\BOOKMARK [1][-]{section*.204}{\376\377\000P\001\023\000n\000s\000u\000m\000\040\000A}{chapter*.202}% 174
\BOOKMARK [1][-]{section*.205}{\376\377\000P\001\023\000n\000s\000u\000m\000\040\000B}{chapter*.202}% 175
\BOOKMARK [1][-]{section*.206}{\376\377\000P\001\023\000n\000s\000u\000m\000\040\000C}{chapter*.202}% 176
\BOOKMARK [1][-]{section*.207}{\376\377\000V\000o\000c\001\001\000b\000u\000l\000a\000\040\000n\000o\000v\000a}{chapter*.202}% 177
\BOOKMARK [0][-]{chapter*.209}{\376\377\000C\000a\000p\000.\000\040\000X\000X\000I\000X\000\040\000N\001\001\000v\000i\000g\001\001\000r\000e\000\040\000n\000e\000c\000e\000s\000s\000e\000\040\000e\000s\000t}{}% 178
\BOOKMARK [1][-]{section*.210}{\376\377\000G\000r\000a\000m\000m\000a\000t\000i\000c\000a\000\040\000L\000a\000t\001\053\000n\000a}{chapter*.209}% 179
\BOOKMARK [1][-]{section*.211}{\376\377\000P\001\023\000n\000s\000u\000m\000\040\000A}{chapter*.209}% 180
\BOOKMARK [1][-]{section*.212}{\376\377\000P\001\023\000n\000s\000u\000m\000\040\000B}{chapter*.209}% 181
\BOOKMARK [1][-]{section*.213}{\376\377\000P\001\023\000n\000s\000u\000m\000\040\000C}{chapter*.209}% 182
\BOOKMARK [1][-]{section*.214}{\376\377\000V\000o\000c\001\001\000b\000u\000l\000a\000\040\000n\000o\000v\000a}{chapter*.209}% 183
\BOOKMARK [0][-]{chapter*.216}{\376\377\000C\000a\000p\000.\000\040\000X\000X\000X\000\040\000C\000o\000n\000v\001\053\000v\000i\000u\000m}{}% 184
\BOOKMARK [1][-]{section*.217}{\376\377\000G\000r\000a\000m\000m\000a\000t\000i\000c\000a\000\040\000L\000a\000t\001\053\000n\000a}{chapter*.216}% 185
\BOOKMARK [1][-]{section*.218}{\376\377\000P\001\023\000n\000s\000u\000m\000\040\000A}{chapter*.216}% 186
\BOOKMARK [1][-]{section*.219}{\376\377\000P\001\023\000n\000s\000u\000m\000\040\000B}{chapter*.216}% 187
\BOOKMARK [1][-]{section*.220}{\376\377\000P\001\023\000n\000s\000u\000m\000\040\000C}{chapter*.216}% 188
\BOOKMARK [1][-]{section*.221}{\376\377\000V\000o\000c\001\001\000b\000u\000l\000a\000\040\000n\000o\000v\000a}{chapter*.216}% 189
\BOOKMARK [0][-]{chapter*.223}{\376\377\000C\000a\000p\000.\000\040\000X\000X\000X\000I\000\040\000I\000n\000t\000e\000r\000\040\000p\001\115\000c\000u\000l\000a}{}% 190
\BOOKMARK [1][-]{section*.224}{\376\377\000G\000r\000a\000m\000m\000a\000t\000i\000c\000a\000\040\000L\000a\000t\001\053\000n\000a}{chapter*.223}% 191
\BOOKMARK [1][-]{section*.225}{\376\377\000P\001\023\000n\000s\000u\000m\000\040\000A}{chapter*.223}% 192
\BOOKMARK [1][-]{section*.226}{\376\377\000P\001\023\000n\000s\000u\000m\000\040\000B}{chapter*.223}% 193
\BOOKMARK [1][-]{section*.227}{\376\377\000P\001\023\000n\000s\000u\000m\000\040\000C}{chapter*.223}% 194
\BOOKMARK [1][-]{section*.228}{\376\377\000V\000o\000c\001\001\000b\000u\000l\000a\000\040\000n\000o\000v\000a}{chapter*.223}% 195
\BOOKMARK [0][-]{chapter*.230}{\376\377\000C\000a\000p\000.\000\040\000X\000X\000X\000I\000I\000\040\000C\000l\000a\000s\000s\000i\000s\000\040\000R\001\115\000m\001\001\000n\000a}{}% 196
\BOOKMARK [1][-]{section*.231}{\376\377\000G\000r\000a\000m\000m\000a\000t\000i\000c\000a\000\040\000L\000a\000t\001\053\000n\000a}{chapter*.230}% 197
\BOOKMARK [1][-]{section*.232}{\376\377\000P\001\023\000n\000s\000u\000m\000\040\000A}{chapter*.230}% 198
\BOOKMARK [1][-]{section*.233}{\376\377\000P\001\023\000n\000s\000u\000m\000\040\000B}{chapter*.230}% 199
\BOOKMARK [1][-]{section*.234}{\376\377\000P\001\023\000n\000s\000u\000m\000\040\000C}{chapter*.230}% 200
\BOOKMARK [1][-]{section*.235}{\376\377\000V\000o\000c\001\001\000b\000u\000l\000a\000\040\000n\000o\000v\000a}{chapter*.230}% 201
\BOOKMARK [0][-]{chapter*.237}{\376\377\000C\000a\000p\000.\000\040\000X\000X\000X\000I\000I\000I\000\040\000E\000x\000e\000r\000c\000i\000t\000u\000s\000\040\000R\001\115\000m\001\001\000n\000u\000s}{}% 202
\BOOKMARK [1][-]{section*.238}{\376\377\000G\000r\000a\000m\000m\000a\000t\000i\000c\000a\000\040\000L\000a\000t\001\053\000n\000a}{chapter*.237}% 203
\BOOKMARK [1][-]{section*.239}{\376\377\000P\001\023\000n\000s\000u\000m\000\040\000A}{chapter*.237}% 204
\BOOKMARK [1][-]{section*.240}{\376\377\000P\001\023\000n\000s\000u\000m\000\040\000B}{chapter*.237}% 205
\BOOKMARK [1][-]{section*.241}{\376\377\000P\001\023\000n\000s\000u\000m\000\040\000C}{chapter*.237}% 206
\BOOKMARK [1][-]{section*.242}{\376\377\000V\000o\000c\001\001\000b\000u\000l\000a\000\040\000n\000o\000v\000a}{chapter*.237}% 207
\BOOKMARK [0][-]{chapter*.244}{\376\377\000C\000a\000p\000.\000\040\000X\000X\000X\000I\000V\000\040\000D\001\023\000\040\000a\000r\000t\000e\000\040\000p\000o\001\023\000t\000i\000c\001\001}{}% 208
\BOOKMARK [1][-]{section*.245}{\376\377\000G\000r\000a\000m\000m\000a\000t\000i\000c\000a\000\040\000L\000a\000t\001\053\000n\000a}{chapter*.244}% 209
\BOOKMARK [1][-]{section*.246}{\376\377\000D\001\023\000\040\000v\000e\000r\000s\000i\000b\000u\000s}{chapter*.244}% 210
\BOOKMARK [1][-]{section*.247}{\376\377\000P\001\023\000n\000s\000u\000m\000\040\000A}{chapter*.244}% 211
\BOOKMARK [1][-]{section*.248}{\376\377\000P\001\023\000n\000s\000u\000m\000\040\000B}{chapter*.244}% 212
\BOOKMARK [1][-]{section*.249}{\376\377\000P\001\023\000n\000s\000u\000m\000\040\000C}{chapter*.244}% 213
\BOOKMARK [1][-]{section*.250}{\376\377\000V\000o\000c\001\001\000b\000u\000l\000a\000\040\000n\000o\000v\000a}{chapter*.244}% 214
\BOOKMARK [0][-]{chapter*.252}{\376\377\000C\000a\000p\000.\000\040\000X\000X\000X\000V\000\040\000A\000r\000s\000\040\000g\000r\000a\000m\000m\000a\000t\000i\000c\000a}{}% 215
\BOOKMARK [1][-]{section*.253}{\376\377\000D\001\023\000\040\000p\000a\000r\000t\000i\000b\000u\000s\000\040\001\115\000r\001\001\000t\000i\001\115\000n\000i\000s}{chapter*.252}% 216
\BOOKMARK [1][-]{section*.254}{\376\377\000D\001\023\000\040\000n\001\115\000m\000i\000n\000e}{chapter*.252}% 217
\BOOKMARK [1][-]{section*.255}{\376\377\000D\001\023\000\040\000p\000r\001\115\000n\001\115\000m\000i\000n\000e}{chapter*.252}% 218
\BOOKMARK [1][-]{section*.256}{\376\377\000D\001\023\000\040\000v\000e\000r\000b\001\115}{chapter*.252}% 219
\BOOKMARK [1][-]{section*.257}{\376\377\000D\001\023\000\040\000a\000d\000v\000e\000r\000b\000i\001\115}{chapter*.252}% 220
\BOOKMARK [1][-]{section*.258}{\376\377\000D\001\023\000\040\000p\000a\000r\000t\000i\000c\000i\000p\000i\001\115}{chapter*.252}% 221
\BOOKMARK [1][-]{section*.259}{\376\377\000D\001\023\000\040\000c\000o\000n\000i\001\153\000n\000c\000t\000i\001\115\000n\000e}{chapter*.252}% 222
\BOOKMARK [1][-]{section*.260}{\376\377\000D\001\023\000\040\000p\000r\000a\000e\000p\000o\000s\000i\000t\000i\001\115\000n\000e}{chapter*.252}% 223
\BOOKMARK [1][-]{section*.261}{\376\377\000D\001\023\000\040\000i\000n\000t\000e\000r\000i\000e\000c\000t\000i\001\115\000n\000e}{chapter*.252}% 224
\BOOKMARK [1][-]{section*.262}{\376\377\000G\000r\000a\000m\000m\000a\000t\000i\000c\000a\000\040\000L\000a\000t\001\053\000n\000a}{chapter*.252}% 225
\BOOKMARK [1][-]{section*.263}{\376\377\000P\001\023\000n\000s\000u\000m\000\040\000A}{chapter*.252}% 226
\BOOKMARK [1][-]{section*.264}{\376\377\000P\001\023\000n\000s\000u\000m\000\040\000B}{chapter*.252}% 227
\BOOKMARK [1][-]{section*.265}{\376\377\000P\001\023\000n\000s\000u\000m\000\040\000C}{chapter*.252}% 228
\BOOKMARK [1][-]{section*.266}{\376\377\000V\000o\000c\001\001\000b\000u\000l\000a\000\040\000n\000o\000v\000a}{chapter*.252}% 229
\BOOKMARK [0][-]{chapter*.268}{\376\377\000N\000o\000t\000a\000e}{}% 230
