\BOOKMARK [0][-]{chapter*.2}{\376\377\000A\000\040\000N\000o\000t\000e\000\040\000o\000n\000\040\000T\000h\000i\000s\000\040\000E\000d\000i\000t\000i\000o\000n}{}% 1
\BOOKMARK [-1][-]{section*.4}{\376\377\000P\000a\000r\000t\000\040\000I\000.\000\040\000N\000o\000n\000-\000C\000o\000n\000t\000r\000a\000d\000i\000c\000t\000i\000o\000n}{}% 2
\BOOKMARK [0][-]{chapter*.6}{\376\377\000C\000h\000a\000p\000t\000e\000r\000\040\000I\000\040\000T\000h\000e\000\040\000T\000h\000e\000m\000e}{section*.4}% 3
\BOOKMARK [0][-]{chapter*.8}{\376\377\000C\000h\000a\000p\000t\000e\000r\000\040\000I\000I\000\040\000T\000h\000e\000\040\000C\000h\000a\000i\000n}{section*.4}% 4
\BOOKMARK [0][-]{chapter*.10}{\376\377\000C\000h\000a\000p\000t\000e\000r\000\040\000I\000I\000I\000\040\000T\000h\000e\000\040\000T\000o\000p\000\040\000a\000n\000d\000\040\000t\000h\000e\000\040\000B\000o\000t\000t\000o\000m}{section*.4}% 5
\BOOKMARK [0][-]{chapter*.12}{\376\377\000C\000h\000a\000p\000t\000e\000r\000\040\000I\000V\000\040\000T\000h\000e\000\040\000I\000m\000m\000o\000v\000a\000b\000l\000e\000\040\000M\000o\000v\000e\000r\000s}{section*.4}% 6
\BOOKMARK [0][-]{chapter*.14}{\376\377\000C\000h\000a\000p\000t\000e\000r\000\040\000V\000\040\000T\000h\000e\000\040\000C\000l\000i\000m\000a\000x\000\040\000o\000f\000\040\000t\000h\000e\000\040\000D\000'\000A\000n\000c\000o\000n\000i\000a\000s}{section*.4}% 7
\BOOKMARK [0][-]{chapter*.16}{\376\377\000C\000h\000a\000p\000t\000e\000r\000\040\000V\000I\000\040\000T\000h\000e\000\040\000N\000o\000n\000-\000C\000o\000m\000m\000e\000r\000c\000i\000a\000l}{section*.4}% 8
\BOOKMARK [0][-]{chapter*.18}{\376\377\000C\000h\000a\000p\000t\000e\000r\000\040\000V\000I\000I\000\040\000T\000h\000e\000\040\000E\000x\000p\000l\000o\000i\000t\000e\000r\000s\000\040\000a\000n\000d\000\040\000t\000h\000e\000\040\000E\000x\000p\000l\000o\000i\000t\000e\000d}{section*.4}% 9
\BOOKMARK [0][-]{chapter*.20}{\376\377\000C\000h\000a\000p\000t\000e\000r\000\040\000V\000I\000I\000I\000\040\000T\000h\000e\000\040\000J\000o\000h\000n\000\040\000G\000a\000l\000t\000\040\000L\000i\000n\000e}{section*.4}% 10
\BOOKMARK [0][-]{chapter*.22}{\376\377\000C\000h\000a\000p\000t\000e\000r\000\040\000I\000X\000\040\000T\000h\000e\000\040\000S\000a\000c\000r\000e\000d\000\040\000a\000n\000d\000\040\000t\000h\000e\000\040\000P\000r\000o\000f\000a\000n\000e}{section*.4}% 11
\BOOKMARK [0][-]{chapter*.24}{\376\377\000C\000h\000a\000p\000t\000e\000r\000\040\000X\000\040\000W\000y\000a\000t\000t\000'\000S\000\040\000T\000o\000r\000c\000h}{section*.4}% 12
\BOOKMARK [-1][-]{section*.25}{\376\377\000P\000a\000r\000t\000\040\000I\000I\000.\000\040\000E\000i\000t\000h\000e\000r\000-\000O\000r}{}% 13
\BOOKMARK [0][-]{chapter*.27}{\376\377\000C\000h\000a\000p\000t\000e\000r\000\040\000I\000\040\000T\000h\000e\000\040\000M\000a\000n\000\040\000W\000h\000o\000\040\000B\000e\000l\000o\000n\000g\000e\000d\000\040\000o\000n\000\040\000E\000a\000r\000t\000h}{section*.25}% 14
\BOOKMARK [0][-]{chapter*.29}{\376\377\000C\000h\000a\000p\000t\000e\000r\000\040\000I\000I\000\040\000T\000h\000e\000\040\000A\000r\000i\000s\000t\000o\000c\000r\000a\000c\000y\000\040\000o\000f\000\040\000P\000u\000l\000l}{section*.25}% 15
\BOOKMARK [0][-]{chapter*.31}{\376\377\000C\000h\000a\000p\000t\000e\000r\000\040\000I\000I\000I\000\040\000W\000h\000i\000t\000e\000\040\000B\000l\000a\000c\000k\000m\000a\000i\000l}{section*.25}% 16
\BOOKMARK [0][-]{chapter*.33}{\376\377\000C\000h\000a\000p\000t\000e\000r\000\040\000I\000V\000\040\000T\000h\000e\000\040\000S\000a\000n\000c\000t\000i\000o\000n\000\040\000o\000f\000\040\000t\000h\000e\000\040\000V\000i\000c\000t\000i\000m}{section*.25}% 17
\BOOKMARK [0][-]{chapter*.35}{\376\377\000C\000h\000a\000p\000t\000e\000r\000\040\000V\000\040\000A\000c\000c\000o\000u\000n\000t\000\040\000O\000v\000e\000r\000d\000r\000a\000w\000n}{section*.25}% 18
\BOOKMARK [0][-]{chapter*.37}{\376\377\000C\000h\000a\000p\000t\000e\000r\000\040\000V\000I\000\040\000M\000i\000r\000a\000c\000l\000e\000\040\000M\000e\000t\000a\000l}{section*.25}% 19
\BOOKMARK [0][-]{chapter*.39}{\376\377\000C\000h\000a\000p\000t\000e\000r\000\040\000V\000I\000I\000\040\000T\000h\000e\000\040\000M\000o\000r\000a\000t\000o\000r\000i\000u\000m\000\040\000o\000n\000\040\000B\000r\000a\000i\000n\000s}{section*.25}% 20
\BOOKMARK [0][-]{chapter*.41}{\376\377\000C\000h\000a\000p\000t\000e\000r\000\040\000V\000I\000I\000I\000\040\000B\000y\000\040\000O\000u\000r\000\040\000L\000o\000v\000e}{section*.25}% 21
\BOOKMARK [0][-]{chapter*.43}{\376\377\000C\000h\000a\000p\000t\000e\000r\000\040\000I\000X\000\040\000T\000h\000e\000\040\000F\000a\000c\000e\000\040\000w\000i\000t\000h\000o\000u\000t\000\040\000P\000a\000i\000n\000\040\000o\000r\000\040\000F\000e\000a\000r\000\040\000o\000r\000\040\000G\000u\000i\000l\000t}{section*.25}% 22
\BOOKMARK [0][-]{chapter*.45}{\376\377\000C\000h\000a\000p\000t\000e\000r\000\040\000X\000\040\000T\000h\000e\000\040\000S\000i\000g\000n\000\040\000o\000f\000\040\000t\000h\000e\000\040\000D\000o\000l\000l\000a\000r}{section*.25}% 23
\BOOKMARK [-1][-]{section*.46}{\376\377\000P\000a\000r\000t\000\040\000I\000I\000I\000.\000\040\000A\000\040\000I\000s\000\040\000A}{}% 24
\BOOKMARK [0][-]{chapter*.48}{\376\377\000C\000h\000a\000p\000t\000e\000r\000\040\000I\000\040\000A\000t\000l\000a\000n\000t\000i\000s}{section*.46}% 25
\BOOKMARK [0][-]{chapter*.50}{\376\377\000C\000h\000a\000p\000t\000e\000r\000\040\000I\000I\000\040\000T\000h\000e\000\040\000U\000t\000o\000p\000i\000a\000\040\000o\000f\000\040\000G\000r\000e\000e\000d}{section*.46}% 26
\BOOKMARK [0][-]{chapter*.52}{\376\377\000C\000h\000a\000p\000t\000e\000r\000\040\000I\000I\000I\000\040\000A\000n\000t\000i\000-\000G\000r\000e\000e\000d}{section*.46}% 27
\BOOKMARK [0][-]{chapter*.54}{\376\377\000C\000h\000a\000p\000t\000e\000r\000\040\000I\000V\000\040\000A\000n\000t\000i\000-\000L\000i\000f\000e}{section*.46}% 28
\BOOKMARK [0][-]{chapter*.56}{\376\377\000C\000h\000a\000p\000t\000e\000r\000\040\000V\000\040\000T\000h\000e\000i\000r\000\040\000B\000r\000o\000t\000h\000e\000r\000s\000'\000\040\000K\000e\000e\000p\000e\000r\000s}{section*.46}% 29
\BOOKMARK [0][-]{chapter*.58}{\376\377\000C\000h\000a\000p\000t\000e\000r\000\040\000V\000I\000\040\000T\000h\000e\000\040\000C\000o\000n\000c\000e\000r\000t\000o\000\040\000o\000f\000\040\000D\000e\000l\000i\000v\000e\000r\000a\000n\000c\000e}{section*.46}% 30
\BOOKMARK [0][-]{chapter*.60}{\376\377\000C\000h\000a\000p\000t\000e\000r\000\040\000V\000I\000I\000\040\000"\000T\000h\000i\000s\000\040\000I\000s\000\040\000J\000o\000h\000n\000\040\000G\000a\000l\000t\000\040\000S\000p\000e\000a\000k\000i\000n\000g\000"}{section*.46}% 31
\BOOKMARK [0][-]{chapter*.62}{\376\377\000C\000h\000a\000p\000t\000e\000r\000\040\000V\000I\000I\000I\000\040\000T\000h\000e\000\040\000E\000g\000o\000i\000s\000t}{section*.46}% 32
\BOOKMARK [0][-]{chapter*.64}{\376\377\000C\000h\000a\000p\000t\000e\000r\000\040\000I\000X\000\040\000T\000h\000e\000\040\000G\000e\000n\000e\000r\000a\000t\000o\000r}{section*.46}% 33
\BOOKMARK [0][-]{chapter*.66}{\376\377\000C\000h\000a\000p\000t\000e\000r\000\040\000X\000\040\000I\000n\000\040\000t\000h\000e\000\040\000N\000a\000m\000e\000\040\000o\000f\000\040\000t\000h\000e\000\040\000B\000e\000s\000t\000\040\000A\000m\000o\000n\000g\000\040\000U\000s}{section*.46}% 34
