\BOOKMARK [0][-]{chapter*.2}{\376\377\000A\000\040\000N\000o\000t\000e\000\040\000o\000n\000\040\000T\000h\000i\000s\000\040\000E\000d\000i\000t\000i\000o\000n}{}% 1
\BOOKMARK [0][-]{chapter*.5}{\376\377\000E\000d\000i\000t\000o\000r\000i\000a\000l\000\040\000F\000o\000r\000e\000w\000o\000r\000d}{}% 2
\BOOKMARK [1][-]{section*.6}{\376\377\000N\000o\000t\000e\000s}{chapter*.5}% 3
\BOOKMARK [0][-]{chapter*.8}{\376\377\000I\000n\000t\000r\000o\000d\000u\000c\000t\000o\000r\000y\000\040\000E\000s\000s\000a\000y}{}% 4
\BOOKMARK [1][-]{section*.9}{\376\377\000N\000o\000t\000e\000s}{chapter*.8}% 5
\BOOKMARK [0][-]{chapter*.11}{\376\377\000T\000h\000e\000\040\000C\000o\000n\000s\000t\000i\000t\000u\000t\000i\000o\000n\000\040\000o\000f\000\040\000L\000i\000b\000e\000r\000t\000y\000:\000\040\000E\000d\000i\000t\000i\000o\000n\000s\000\040\000a\000n\000d\000\040\000T\000r\000a\000n\000s\000l\000a\000t\000i\000o\000n\000s}{}% 6
\BOOKMARK [0][-]{chapter*.13}{\376\377\000A\000\040\000N\000o\000t\000e\000\040\000o\000n\000\040\000t\000h\000e\000\040\000N\000o\000t\000e\000s}{}% 7
\BOOKMARK [0][-]{chapter*.15}{\376\377\000E\000d\000i\000t\000o\000r\000'\000s\000\040\000A\000c\000k\000n\000o\000w\000l\000e\000d\000g\000m\000e\000n\000t\000s}{}% 8
\BOOKMARK [0][-]{chapter*.17}{\376\377\000L\000i\000b\000e\000r\000t\000y\000\040\000F\000u\000n\000d\000\040\000E\000d\000i\000t\000i\000o\000n\000s\000\040\000C\000i\000t\000e\000d}{}% 9
\BOOKMARK [-1][-]{section*.18}{\376\377\000T\000h\000e\000\040\000C\000o\000n\000s\000t\000i\000t\000u\000t\000i\000o\000n\000\040\000o\000f\000\040\000L\000i\000b\000e\000r\000t\000y}{}% 10
\BOOKMARK [0][-]{section*.19}{\376\377\000N\000o\000t\000e\000s}{section*.18}% 11
\BOOKMARK [0][-]{chapter*.21}{\376\377\000P\000r\000e\000f\000a\000c\000e}{section*.18}% 12
\BOOKMARK [0][-]{chapter*.23}{\376\377\000A\000c\000k\000n\000o\000w\000l\000e\000d\000g\000m\000e\000n\000t\000s}{section*.18}% 13
\BOOKMARK [0][-]{chapter*.25}{\376\377\000B\000i\000b\000l\000i\000o\000g\000r\000a\000p\000h\000i\000c\000a\000l\000\040\000A\000b\000b\000r\000e\000v\000i\000a\000t\000i\000o\000n\000s}{section*.18}% 14
\BOOKMARK [0][-]{chapter*.27}{\376\377\000I\000n\000t\000r\000o\000d\000u\000c\000t\000i\000o\000n}{section*.18}% 15
\BOOKMARK [1][-]{section*.28}{\376\377\000N\000o\000t\000e\000s}{chapter*.27}% 16
\BOOKMARK [-1][-]{section*.29}{\376\377\000P\000a\000r\000t\000\040\000I\000.\000\040\000T\000h\000e\000\040\000V\000a\000l\000u\000e\000\040\000o\000f\000\040\000F\000r\000e\000e\000d\000o\000m}{}% 17
\BOOKMARK [0][-]{section*.30}{\376\377\000N\000o\000t\000e\000s}{section*.29}% 18
\BOOKMARK [0][-]{chapter*.32}{\376\377\000C\000h\000a\000p\000t\000e\000r\000\040\0001\000\040\000L\000i\000b\000e\000r\000t\000y\000\040\000a\000n\000d\000\040\000L\000i\000b\000e\000r\000t\000i\000e\000s}{section*.29}% 19
\BOOKMARK [1][-]{section*.33}{\376\377\000N\000o\000t\000e\000s}{chapter*.32}% 20
\BOOKMARK [0][-]{chapter*.35}{\376\377\000C\000h\000a\000p\000t\000e\000r\000\040\0002\000\040\000T\000h\000e\000\040\000C\000r\000e\000a\000t\000i\000v\000e\000\040\000P\000o\000w\000e\000r\000s\000\040\000o\000f\000\040\000a\000\040\000F\000r\000e\000e\000\040\000C\000i\000v\000i\000l\000i\000z\000a\000t\000i\000o\000n}{section*.29}% 21
\BOOKMARK [1][-]{section*.36}{\376\377\000N\000o\000t\000e\000s}{chapter*.35}% 22
\BOOKMARK [0][-]{chapter*.38}{\376\377\000C\000h\000a\000p\000t\000e\000r\000\040\0003\000\040\000T\000h\000e\000\040\000C\000o\000m\000m\000o\000n\000\040\000S\000e\000n\000s\000e\000\040\000o\000f\000\040\000P\000r\000o\000g\000r\000e\000s\000s}{section*.29}% 23
\BOOKMARK [1][-]{section*.39}{\376\377\000N\000o\000t\000e\000s}{chapter*.38}% 24
\BOOKMARK [0][-]{chapter*.41}{\376\377\000C\000h\000a\000p\000t\000e\000r\000\040\0004\000\040\000F\000r\000e\000e\000d\000o\000m\000,\000\040\000R\000e\000a\000s\000o\000n\000,\000\040\000a\000n\000d\000\040\000T\000r\000a\000d\000i\000t\000i\000o\000n}{section*.29}% 25
\BOOKMARK [1][-]{section*.42}{\376\377\000N\000o\000t\000e\000s}{chapter*.41}% 26
\BOOKMARK [0][-]{chapter*.44}{\376\377\000C\000h\000a\000p\000t\000e\000r\000\040\0005\000\040\000R\000e\000s\000p\000o\000n\000s\000i\000b\000i\000l\000i\000t\000y\000\040\000a\000n\000d\000\040\000F\000r\000e\000e\000d\000o\000m}{section*.29}% 27
\BOOKMARK [1][-]{section*.45}{\376\377\000N\000o\000t\000e\000s}{chapter*.44}% 28
\BOOKMARK [0][-]{chapter*.47}{\376\377\000C\000h\000a\000p\000t\000e\000r\000\040\0006\000\040\000E\000q\000u\000a\000l\000i\000t\000y\000,\000\040\000V\000a\000l\000u\000e\000,\000\040\000a\000n\000d\000\040\000M\000e\000r\000i\000t}{section*.29}% 29
\BOOKMARK [1][-]{section*.48}{\376\377\000N\000o\000t\000e\000s}{chapter*.47}% 30
\BOOKMARK [0][-]{chapter*.50}{\376\377\000C\000h\000a\000p\000t\000e\000r\000\040\0007\000\040\000M\000a\000j\000o\000r\000i\000t\000y\000\040\000R\000u\000l\000e}{section*.29}% 31
\BOOKMARK [1][-]{section*.51}{\376\377\000N\000o\000t\000e\000s}{chapter*.50}% 32
\BOOKMARK [0][-]{chapter*.53}{\376\377\000C\000h\000a\000p\000t\000e\000r\000\040\0008\000\040\000E\000m\000p\000l\000o\000y\000m\000e\000n\000t\000\040\000a\000n\000d\000\040\000I\000n\000d\000e\000p\000e\000n\000d\000e\000n\000c\000e}{section*.29}% 33
\BOOKMARK [1][-]{section*.54}{\376\377\000N\000o\000t\000e\000s}{chapter*.53}% 34
\BOOKMARK [-1][-]{section*.55}{\376\377\000P\000a\000r\000t\000\040\000I\000I\000.\000\040\000F\000r\000e\000e\000d\000o\000m\000\040\000a\000n\000d\000\040\000t\000h\000e\000\040\000L\000a\000w}{}% 35
\BOOKMARK [0][-]{section*.56}{\376\377\000N\000o\000t\000e\000s}{section*.55}% 36
\BOOKMARK [0][-]{chapter*.58}{\376\377\000C\000h\000a\000p\000t\000e\000r\000\040\0009\000\040\000C\000o\000e\000r\000c\000i\000o\000n\000\040\000a\000n\000d\000\040\000t\000h\000e\000\040\000S\000t\000a\000t\000e}{section*.55}% 37
\BOOKMARK [1][-]{section*.59}{\376\377\000N\000o\000t\000e\000s}{chapter*.58}% 38
\BOOKMARK [0][-]{chapter*.61}{\376\377\000C\000h\000a\000p\000t\000e\000r\000\040\0001\0000\000\040\000L\000a\000w\000,\000\040\000C\000o\000m\000m\000a\000n\000d\000s\000,\000\040\000a\000n\000d\000\040\000O\000r\000d\000e\000r}{section*.55}% 39
\BOOKMARK [1][-]{section*.62}{\376\377\000N\000o\000t\000e\000s}{chapter*.61}% 40
\BOOKMARK [0][-]{chapter*.64}{\376\377\000C\000h\000a\000p\000t\000e\000r\000\040\0001\0001\000\040\000T\000h\000e\000\040\000O\000r\000i\000g\000i\000n\000s\000\040\000o\000f\000\040\000t\000h\000e\000\040\000R\000u\000l\000e\000\040\000o\000f\000\040\000L\000a\000w}{section*.55}% 41
\BOOKMARK [1][-]{section*.65}{\376\377\000N\000o\000t\000e\000s}{chapter*.64}% 42
\BOOKMARK [0][-]{chapter*.67}{\376\377\000C\000h\000a\000p\000t\000e\000r\000\040\0001\0002\000\040\000T\000h\000e\000\040\000A\000m\000e\000r\000i\000c\000a\000n\000\040\000C\000o\000n\000t\000r\000i\000b\000u\000t\000i\000o\000n\000:\000\040\000C\000o\000n\000s\000t\000i\000t\000u\000t\000i\000o\000n\000a\000l\000i\000s\000m}{section*.55}% 43
\BOOKMARK [1][-]{section*.68}{\376\377\000N\000o\000t\000e\000s}{chapter*.67}% 44
\BOOKMARK [0][-]{chapter*.70}{\376\377\000C\000h\000a\000p\000t\000e\000r\000\040\0001\0003\000\040\000L\000i\000b\000e\000r\000a\000l\000i\000s\000m\000\040\000a\000n\000d\000\040\000A\000d\000m\000i\000n\000i\000s\000t\000r\000a\000t\000i\000o\000n\000:\000\040\000T\000h\000e\000\040\000R\000e\000c\000h\000t\000s\000s\000t\000a\000a\000t}{section*.55}% 45
\BOOKMARK [1][-]{section*.71}{\376\377\000N\000o\000t\000e\000s}{chapter*.70}% 46
\BOOKMARK [0][-]{chapter*.73}{\376\377\000C\000h\000a\000p\000t\000e\000r\000\040\0001\0004\000\040\000T\000h\000e\000\040\000S\000a\000f\000e\000g\000u\000a\000r\000d\000s\000\040\000o\000f\000\040\000I\000n\000d\000i\000v\000i\000d\000u\000a\000l\000\040\000L\000i\000b\000e\000r\000t\000y}{section*.55}% 47
\BOOKMARK [1][-]{section*.74}{\376\377\000N\000o\000t\000e\000s}{chapter*.73}% 48
\BOOKMARK [0][-]{chapter*.76}{\376\377\000C\000h\000a\000p\000t\000e\000r\000\040\0001\0005\000\040\000E\000c\000o\000n\000o\000m\000i\000c\000\040\000P\000o\000l\000i\000c\000y\000\040\000a\000n\000d\000\040\000t\000h\000e\000\040\000R\000u\000l\000e\000\040\000o\000f\000\040\000L\000a\000w}{section*.55}% 49
\BOOKMARK [1][-]{section*.77}{\376\377\000N\000o\000t\000e\000s}{chapter*.76}% 50
\BOOKMARK [0][-]{chapter*.79}{\376\377\000C\000h\000a\000p\000t\000e\000r\000\040\0001\0006\000\040\000T\000h\000e\000\040\000D\000e\000c\000l\000i\000n\000e\000\040\000o\000f\000\040\000t\000h\000e\000\040\000L\000a\000w}{section*.55}% 51
\BOOKMARK [1][-]{section*.80}{\376\377\000N\000o\000t\000e\000s}{chapter*.79}% 52
\BOOKMARK [-1][-]{section*.81}{\376\377\000P\000a\000r\000t\000\040\000I\000I\000I\000.\000\040\000F\000r\000e\000e\000d\000o\000m\000\040\000i\000n\000\040\000t\000h\000e\000\040\000W\000e\000l\000f\000a\000r\000e\000\040\000S\000t\000a\000t\000e}{}% 53
\BOOKMARK [0][-]{section*.82}{\376\377\000N\000o\000t\000e\000s}{section*.81}% 54
\BOOKMARK [0][-]{chapter*.84}{\376\377\000C\000h\000a\000p\000t\000e\000r\000\040\0001\0007\000\040\000T\000h\000e\000\040\000D\000e\000c\000l\000i\000n\000e\000\040\000o\000f\000\040\000S\000o\000c\000i\000a\000l\000i\000s\000m\000\040\000a\000n\000d\000\040\000t\000h\000e\000\040\000R\000i\000s\000e\000\040\000o\000f\000\040\000t\000h\000e\000\040\000W\000e\000l\000f\000a\000r\000e\000\040\000S\000t\000a\000t\000e}{section*.81}% 55
\BOOKMARK [1][-]{section*.85}{\376\377\000N\000o\000t\000e\000s}{chapter*.84}% 56
\BOOKMARK [0][-]{chapter*.87}{\376\377\000C\000h\000a\000p\000t\000e\000r\000\040\0001\0008\000\040\000L\000a\000b\000o\000r\000\040\000U\000n\000i\000o\000n\000s\000\040\000a\000n\000d\000\040\000E\000m\000p\000l\000o\000y\000m\000e\000n\000t}{section*.81}% 57
\BOOKMARK [1][-]{section*.88}{\376\377\000N\000o\000t\000e\000s}{chapter*.87}% 58
\BOOKMARK [0][-]{chapter*.90}{\376\377\000C\000h\000a\000p\000t\000e\000r\000\040\0001\0009\000\040\000S\000o\000c\000i\000a\000l\000\040\000S\000e\000c\000u\000r\000i\000t\000y}{section*.81}% 59
\BOOKMARK [1][-]{section*.91}{\376\377\000N\000o\000t\000e\000s}{chapter*.90}% 60
\BOOKMARK [0][-]{chapter*.93}{\376\377\000C\000h\000a\000p\000t\000e\000r\000\040\0002\0000\000\040\000T\000a\000x\000a\000t\000i\000o\000n\000\040\000a\000n\000d\000\040\000R\000e\000d\000i\000s\000t\000r\000i\000b\000u\000t\000i\000o\000n}{section*.81}% 61
\BOOKMARK [1][-]{section*.94}{\376\377\000N\000o\000t\000e\000s}{chapter*.93}% 62
\BOOKMARK [0][-]{chapter*.96}{\376\377\000C\000h\000a\000p\000t\000e\000r\000\040\0002\0001\000\040\000T\000h\000e\000\040\000M\000o\000n\000e\000t\000a\000r\000y\000\040\000F\000r\000a\000m\000e\000w\000o\000r\000k}{section*.81}% 63
\BOOKMARK [1][-]{section*.97}{\376\377\000N\000o\000t\000e\000s}{chapter*.96}% 64
\BOOKMARK [0][-]{chapter*.99}{\376\377\000C\000h\000a\000p\000t\000e\000r\000\040\0002\0002\000\040\000H\000o\000u\000s\000i\000n\000g\000\040\000a\000n\000d\000\040\000T\000o\000w\000n\000\040\000P\000l\000a\000n\000n\000i\000n\000g}{section*.81}% 65
\BOOKMARK [1][-]{section*.100}{\376\377\000N\000o\000t\000e\000s}{chapter*.99}% 66
\BOOKMARK [0][-]{chapter*.102}{\376\377\000C\000h\000a\000p\000t\000e\000r\000\040\0002\0003\000\040\000A\000g\000r\000i\000c\000u\000l\000t\000u\000r\000e\000\040\000a\000n\000d\000\040\000N\000a\000t\000u\000r\000a\000l\000\040\000R\000e\000s\000o\000u\000r\000c\000e\000s}{section*.81}% 67
\BOOKMARK [1][-]{section*.103}{\376\377\000N\000o\000t\000e\000s}{chapter*.102}% 68
\BOOKMARK [0][-]{chapter*.105}{\376\377\000C\000h\000a\000p\000t\000e\000r\000\040\0002\0004\000\040\000E\000d\000u\000c\000a\000t\000i\000o\000n\000\040\000a\000n\000d\000\040\000R\000e\000s\000e\000a\000r\000c\000h}{section*.81}% 69
\BOOKMARK [1][-]{section*.106}{\376\377\000N\000o\000t\000e\000s}{chapter*.105}% 70
\BOOKMARK [0][-]{chapter*.108}{\376\377\000C\000h\000a\000p\000t\000e\000r\000\040\0002\0005\000\040\000W\000h\000y\000\040\000I\000\040\000A\000m\000\040\000N\000o\000t\000\040\000a\000\040\000C\000o\000n\000s\000e\000r\000v\000a\000t\000i\000v\000e}{section*.81}% 71
\BOOKMARK [1][-]{section*.109}{\376\377\000N\000o\000t\000e\000s}{chapter*.108}% 72
\BOOKMARK [0][-]{chapter*.111}{\376\377\000A\000n\000a\000l\000y\000t\000i\000c\000a\000l\000\040\000T\000a\000b\000l\000e\000\040\000o\000f\000\040\000C\000o\000n\000t\000e\000n\000t\000s}{section*.81}% 73
